Archive member included to satisfy reference by file (symbol)

/Applications/ArmGNUToolchain/14.3.rel1/arm-none-eabi/bin/../lib/gcc/arm-none-eabi/14.3.1/../../../../arm-none-eabi/lib/thumb/v7e-m+fp/hard/libc.a(libc_a-calloc.o)
                              build/Sentry/dji_motor.o (calloc)
/Applications/ArmGNUToolchain/14.3.rel1/arm-none-eabi/bin/../lib/gcc/arm-none-eabi/14.3.1/../../../../arm-none-eabi/lib/thumb/v7e-m+fp/hard/libc.a(libc_a-callocr.o)
                              /Applications/ArmGNUToolchain/14.3.rel1/arm-none-eabi/bin/../lib/gcc/arm-none-eabi/14.3.1/../../../../arm-none-eabi/lib/thumb/v7e-m+fp/hard/libc.a(libc_a-calloc.o) (_calloc_r)
/Applications/ArmGNUToolchain/14.3.rel1/arm-none-eabi/bin/../lib/gcc/arm-none-eabi/14.3.1/../../../../arm-none-eabi/lib/thumb/v7e-m+fp/hard/libc.a(libc_a-exit.o)
                              /Applications/ArmGNUToolchain/14.3.rel1/arm-none-eabi/bin/../lib/gcc/arm-none-eabi/14.3.1/../../../../arm-none-eabi/lib/thumb/v7e-m+fp/hard/crt0.o (exit)
/Applications/ArmGNUToolchain/14.3.rel1/arm-none-eabi/bin/../lib/gcc/arm-none-eabi/14.3.1/../../../../arm-none-eabi/lib/thumb/v7e-m+fp/hard/libc.a(libc_a-malloc.o)
                              build/Sentry/bsp_can.o (malloc)
/Applications/ArmGNUToolchain/14.3.rel1/arm-none-eabi/bin/../lib/gcc/arm-none-eabi/14.3.1/../../../../arm-none-eabi/lib/thumb/v7e-m+fp/hard/libc.a(libc_a-mallocr.o)
                              /Applications/ArmGNUToolchain/14.3.rel1/arm-none-eabi/bin/../lib/gcc/arm-none-eabi/14.3.1/../../../../arm-none-eabi/lib/thumb/v7e-m+fp/hard/libc.a(libc_a-callocr.o) (_malloc_r)
/Applications/ArmGNUToolchain/14.3.rel1/arm-none-eabi/bin/../lib/gcc/arm-none-eabi/14.3.1/../../../../arm-none-eabi/lib/thumb/v7e-m+fp/hard/libc.a(libc_a-mlock.o)
                              /Applications/ArmGNUToolchain/14.3.rel1/arm-none-eabi/bin/../lib/gcc/arm-none-eabi/14.3.1/../../../../arm-none-eabi/lib/thumb/v7e-m+fp/hard/libc.a(libc_a-mallocr.o) (__malloc_lock)
/Applications/ArmGNUToolchain/14.3.rel1/arm-none-eabi/bin/../lib/gcc/arm-none-eabi/14.3.1/../../../../arm-none-eabi/lib/thumb/v7e-m+fp/hard/libc.a(libc_a-sprintf.o)
                              build/Sentry/tasks.o (sprintf)
/Applications/ArmGNUToolchain/14.3.rel1/arm-none-eabi/bin/../lib/gcc/arm-none-eabi/14.3.1/../../../../arm-none-eabi/lib/thumb/v7e-m+fp/hard/libc.a(libc_a-sscanf.o)
                              build/Sentry/supercap.o (sscanf)
/Applications/ArmGNUToolchain/14.3.rel1/arm-none-eabi/bin/../lib/gcc/arm-none-eabi/14.3.1/../../../../arm-none-eabi/lib/thumb/v7e-m+fp/hard/libc.a(libc_a-stdio.o)
                              /Applications/ArmGNUToolchain/14.3.rel1/arm-none-eabi/bin/../lib/gcc/arm-none-eabi/14.3.1/../../../../arm-none-eabi/lib/thumb/v7e-m+fp/hard/libc.a(libc_a-sscanf.o) (__seofread)
/Applications/ArmGNUToolchain/14.3.rel1/arm-none-eabi/bin/../lib/gcc/arm-none-eabi/14.3.1/../../../../arm-none-eabi/lib/thumb/v7e-m+fp/hard/libc.a(libc_a-findfp.o)
                              /Applications/ArmGNUToolchain/14.3.rel1/arm-none-eabi/bin/../lib/gcc/arm-none-eabi/14.3.1/../../../../arm-none-eabi/lib/thumb/v7e-m+fp/hard/libc.a(libc_a-exit.o) (__stdio_exit_handler)
/Applications/ArmGNUToolchain/14.3.rel1/arm-none-eabi/bin/../lib/gcc/arm-none-eabi/14.3.1/../../../../arm-none-eabi/lib/thumb/v7e-m+fp/hard/libc.a(libc_a-vsnprintf.o)
                              build/Sentry/bsp_serial.o (vsnprintf)
/Applications/ArmGNUToolchain/14.3.rel1/arm-none-eabi/bin/../lib/gcc/arm-none-eabi/14.3.1/../../../../arm-none-eabi/lib/thumb/v7e-m+fp/hard/libc.a(libc_a-memset.o)
                              /Applications/ArmGNUToolchain/14.3.rel1/arm-none-eabi/bin/../lib/gcc/arm-none-eabi/14.3.1/../../../../arm-none-eabi/lib/thumb/v7e-m+fp/hard/crt0.o (memset)
/Applications/ArmGNUToolchain/14.3.rel1/arm-none-eabi/bin/../lib/gcc/arm-none-eabi/14.3.1/../../../../arm-none-eabi/lib/thumb/v7e-m+fp/hard/libc.a(libc_a-closer.o)
                              /Applications/ArmGNUToolchain/14.3.rel1/arm-none-eabi/bin/../lib/gcc/arm-none-eabi/14.3.1/../../../../arm-none-eabi/lib/thumb/v7e-m+fp/hard/libc.a(libc_a-stdio.o) (_close_r)
/Applications/ArmGNUToolchain/14.3.rel1/arm-none-eabi/bin/../lib/gcc/arm-none-eabi/14.3.1/../../../../arm-none-eabi/lib/thumb/v7e-m+fp/hard/libc.a(libc_a-reent.o)
                              /Applications/ArmGNUToolchain/14.3.rel1/arm-none-eabi/bin/../lib/gcc/arm-none-eabi/14.3.1/../../../../arm-none-eabi/lib/thumb/v7e-m+fp/hard/libc.a(libc_a-closer.o) (errno)
/Applications/ArmGNUToolchain/14.3.rel1/arm-none-eabi/bin/../lib/gcc/arm-none-eabi/14.3.1/../../../../arm-none-eabi/lib/thumb/v7e-m+fp/hard/libc.a(libc_a-impure.o)
                              /Applications/ArmGNUToolchain/14.3.rel1/arm-none-eabi/bin/../lib/gcc/arm-none-eabi/14.3.1/../../../../arm-none-eabi/lib/thumb/v7e-m+fp/hard/libc.a(libc_a-calloc.o) (_impure_ptr)
[...]
Memory Configuration

Name             Origin             Length             Attributes
RAM              0x20000000         0x00020000         xrw
CCMRAM           0x10000000         0x00010000         xrw
FLASH            0x08000000         0x00100000         xr
*default*        0x00000000         0xffffffff

Linker script and memory map

LOAD /Applications/ArmGNUToolchain/14.3.rel1/arm-none-eabi/bin/../lib/gcc/arm-none-eabi/14.3.1/thumb/v7e-m+fp/hard/crti.o
LOAD /Applications/ArmGNUToolchain/14.3.rel1/arm-none-eabi/bin/../lib/gcc/arm-none-eabi/14.3.1/thumb/v7e-m+fp/hard/crtbegin.o
LOAD /Applications/ArmGNUToolchain/14.3.rel1/arm-none-eabi/bin/../lib/gcc/arm-none-eabi/14.3.1/../../../../arm-none-eabi/lib/thumb/v7e-m+fp/hard/crt0.o
LOAD build/Sentry/main.o
LOAD build/Sentry/gpio.o
LOAD build/Sentry/freertos.o
LOAD build/Sentry/can.o
LOAD build/Sentry/dma.o
LOAD build/Sentry/i2c.o
LOAD build/Sentry/spi.o
LOAD build/Sentry/tim.o
LOAD build/Sentry/usart.o
LOAD build/Sentry/stm32f4xx_it.o
LOAD build/Sentry/stm32f4xx_hal_msp.o
LOAD build/Sentry/stm32f4xx_hal_timebase_tim.o
LOAD build/Sentry/system_stm32f4xx.o
LOAD build/Sentry/stm32f4xx_hal_can.o
LOAD build/Sentry/stm32f4xx_hal_rcc.o
LOAD build/Sentry/stm32f4xx_hal_rcc_ex.o
LOAD build/Sentry/stm32f4xx_hal_flash.o
LOAD build/Sentry/stm32f4xx_hal_flash_ex.o
LOAD build/Sentry/stm32f4xx_hal_flash_ramfunc.o
LOAD build/Sentry/stm32f4xx_hal_gpio.o
LOAD build/Sentry/stm32f4xx_hal_dma_ex.o
LOAD build/Sentry/stm32f4xx_hal_dma.o
LOAD build/Sentry/stm32f4xx_hal_pwr.o
LOAD build/Sentry/stm32f4xx_hal_pwr_ex.o
LOAD build/Sentry/stm32f4xx_hal_cortex.o
LOAD build/Sentry/stm32f4xx_hal.o
LOAD build/Sentry/stm32f4xx_hal_exti.o
LOAD build/Sentry/stm32f4xx_hal_i2c.o
LOAD build/Sentry/stm32f4xx_hal_i2c_ex.o
LOAD build/Sentry/stm32f4xx_hal_spi.o
LOAD build/Sentry/stm32f4xx_hal_tim.o
LOAD build/Sentry/stm32f4xx_hal_tim_ex.o
LOAD build/Sentry/stm32f4xx_hal_uart.o
LOAD build/Sentry/croutine.o
LOAD build/Sentry/event_groups.o
LOAD build/Sentry/list.o
LOAD build/Sentry/queue.o
LOAD build/Sentry/stream_buffer.o
LOAD build/Sentry/tasks.o
LOAD build/Sentry/timers.o
LOAD build/Sentry/cmsis_os.o
LOAD build/Sentry/heap_4.o
LOAD build/Sentry/port.o
LOAD build/Sentry/kalman_filter.o
LOAD build/Sentry/MahonyAHRS.o
LOAD build/Sentry/omni_locomotion.o
LOAD build/Sentry/pid.o
LOAD build/Sentry/rate_limiter.o
LOAD build/Sentry/swerve_locomotion.o
LOAD build/Sentry/two_bar_leg.o
LOAD build/Sentry/wheel_legged_2d_lqr.o
LOAD build/Sentry/wheel_legged_3d_lqr.o
LOAD build/Sentry/bsp_can.o
LOAD build/Sentry/bsp_crc.o
LOAD build/Sentry/bsp_daemon.o
LOAD build/Sentry/bsp_delay.o
LOAD build/Sentry/bsp_pwm.o
LOAD build/Sentry/bsp_serial.o
LOAD build/Sentry/bsp_uart.o
LOAD build/Sentry/bmi088driver.o
LOAD build/Sentry/bmi088middleware.o
LOAD build/Sentry/buzzer.o
LOAD build/Sentry/dji_motor.o
LOAD build/Sentry/dm_motor.o
LOAD build/Sentry/imu_task.o
LOAD build/Sentry/ist8310driver_middleware.o
LOAD build/Sentry/ist8310driver.o
LOAD build/Sentry/jetson_orin.o
LOAD build/Sentry/laser.o
LOAD build/Sentry/mf_motor.o
LOAD build/Sentry/referee_system.o
LOAD build/Sentry/remote.o
LOAD build/Sentry/supercap.o
LOAD build/Sentry/c_board_comm.o
LOAD build/Sentry/chassis_task.o
LOAD build/Sentry/debug_task.o
LOAD build/Sentry/gimbal_task.o
LOAD build/Sentry/launch_task.o
LOAD build/Sentry/motor_task.o
LOAD build/Sentry/robot.o
LOAD build/Sentry/arm_cos_f32.o
LOAD build/Sentry/arm_sin_f32.o
LOAD build/Sentry/arm_atan2_f32.o
LOAD build/Sentry/arm_common_tables.o
LOAD build/Sentry/startup_stm32f407xx.o
LOAD /Applications/ArmGNUToolchain/14.3.rel1/arm-none-eabi/bin/../lib/gcc/arm-none-eabi/14.3.1/../../../../arm-none-eabi/lib/thumb/v7e-m+fp/hard/libc.a
LOAD /Applications/ArmGNUToolchain/14.3.rel1/arm-none-eabi/bin/../lib/gcc/arm-none-eabi/14.3.1/../../../../arm-none-eabi/lib/thumb/v7e-m+fp/hard/libm.a
LOAD /Applications/ArmGNUToolchain/14.3.rel1/arm-none-eabi/bin/../lib/gcc/arm-none-eabi/14.3.1/../../../../arm-none-eabi/lib/thumb/v7e-m+fp/hard/libnosys.a
START GROUP
LOAD /Applications/ArmGNUToolchain/14.3.rel1/arm-none-eabi/bin/../lib/gcc/arm-none-eabi/14.3.1/thumb/v7e-m+fp/hard/libgcc.a
LOAD /Applications/ArmGNUToolchain/14.3.rel1/arm-none-eabi/bin/../lib/gcc/arm-none-eabi/14.3.1/../../../../arm-none-eabi/lib/thumb/v7e-m+fp/hard/libc.a
END GROUP
LOAD /Applications/ArmGNUToolchain/14.3.rel1/arm-none-eabi/bin/../lib/gcc/arm-none-eabi/14.3.1/thumb/v7e-m+fp/hard/crtend.o
LOAD /Applications/ArmGNUToolchain/14.3.rel1/arm-none-eabi/bin/../lib/gcc/arm-none-eabi/14.3.1/thumb/v7e-m+fp/hard/crtn.o
                0x20020000                        _estack = (ORIGIN (RAM) + LENGTH (RAM))
                0x00000200                        _Min_Heap_Size = 0x200
                0x00000400                        _Min_Stack_Size = 0x400

.isr_vector     0x08000000      0x188
                0x08000000                        . = ALIGN (0x4)
 *(.isr_vector)
 .isr_vector    0x08000000      0x188 build/Sentry/startup_stm32f407xx.o
                0x08000000                g_pfnVectors
                0x08000188                        . = ALIGN (0x4)

.text           0x080001c0    0x138f8
                0x080001c0                        . = ALIGN (0x4)
 *(.text)
 .text          0x080001c0      0x134 /Applications/ArmGNUToolchain/14.3.rel1/arm-none-eabi/bin/../lib/gcc/arm-none-eabi/14.3.1/../../../../arm-none-eabi/lib/thumb/v7e-m+fp/hard/libc.a(libc_a-memcpy.o)
                0x080001c0                memcpy
 *fill*         0x080002f4        0xc 
 .text          0x08000300       0xd8 /Applications/ArmGNUToolchain/14.3.rel1/arm-none-eabi/bin/../lib/gcc/arm-none-eabi/14.3.1/../../../../arm-none-eabi/lib/thumb/v7e-m+fp/hard/libc.a(libc_a-strlen.o)
                0x08000300                strlen
 *fill*         0x080003d8        0x8 
 .text          0x080003e0       0xa0 /Applications/ArmGNUToolchain/14.3.rel1/arm-none-eabi/bin/../lib/gcc/arm-none-eabi/14.3.1/../../../../arm-none-eabi/lib/thumb/v7e-m+fp/hard/libc.a(libc_a-memchr.o)
                0x080003e0                memchr
 .text          0x08000480      0x378 /Applications/ArmGNUToolchain/14.3.rel1/arm-none-eabi/bin/../lib/gcc/arm-none-eabi/14.3.1/thumb/v7e-m+fp/hard/libgcc.a(_arm_addsubdf3.o)
                0x08000480                __aeabi_drsub
                0x08000488                __subdf3
                0x08000488                __aeabi_dsub
                0x0800048c                __aeabi_dadd
                0x0800048c                __adddf3
                0x08000704                __aeabi_ui2d
                0x08000704                __floatunsidf
                0x08000724                __floatsidf
                0x08000724                __aeabi_i2d
                0x08000748                __extendsfdf2
                0x08000748                __aeabi_f2d
                0x0800078c                __aeabi_ul2d
                0x0800078c                __floatundidf
                0x0800079c                __aeabi_l2d
                0x0800079c                __floatdidf
 .text          0x080007f8      0x424 /Applications/ArmGNUToolchain/14.3.rel1/arm-none-eabi/bin/../lib/gcc/arm-none-eabi/14.3.1/thumb/v7e-m+fp/hard/libgcc.a(_arm_muldivdf3.o)
                0x080007f8                __aeabi_dmul
                0x080007f8                __muldf3
                0x08000a4c                __aeabi_ddiv
                0x08000a4c                __divdf3
 .text          0x08000c1c      0x110 /Applications/ArmGNUToolchain/14.3.rel1/arm-none-eabi/bin/../lib/gcc/arm-none-eabi/14.3.1/thumb/v7e-m+fp/hard/libgcc.a(_arm_cmpdf2.o)
                0x08000c1c                __gedf2
                0x08000c1c                __gtdf2
                0x08000c24                __ledf2
                0x08000c24                __ltdf2
                0x08000c2c                __cmpdf2
                0x08000c2c                __eqdf2
                0x08000c2c                __nedf2
                0x08000ca8                __aeabi_cdrcmple
                0x08000cb8                __aeabi_cdcmple
                0x08000cb8                __aeabi_cdcmpeq
                0x08000cc8                __aeabi_dcmpeq
                0x08000cdc                __aeabi_dcmplt
                0x08000cf0                __aeabi_dcmple
                0x08000d04                __aeabi_dcmpge
                0x08000d18                __aeabi_dcmpgt
 .text          0x08000d2c       0x2c /Applications/ArmGNUToolchain/14.3.rel1/arm-none-eabi/bin/../lib/gcc/arm-none-eabi/14.3.1/thumb/v7e-m+fp/hard/libgcc.a(_arm_unorddf2.o)
                0x08000d2c                __aeabi_dcmpun
                0x08000d2c                __unorddf2
 .text          0x08000d58       0x50 /Applications/ArmGNUToolchain/14.3.rel1/arm-none-eabi/bin/../lib/gcc/arm-none-eabi/14.3.1/thumb/v7e-m+fp/hard/libgcc.a(_arm_fixdfsi.o)
                0x08000d58                __fixdfsi
                0x08000d58                __aeabi_d2iz
 .text          0x08000da8       0x40 /Applications/ArmGNUToolchain/14.3.rel1/arm-none-eabi/bin/../lib/gcc/arm-none-eabi/14.3.1/thumb/v7e-m+fp/hard/libgcc.a(_arm_fixunsdfsi.o)
                0x08000da8                __fixunsdfsi
                0x08000da8                __aeabi_d2uiz
 .text          0x08000de8       0xa0 /Applications/ArmGNUToolchain/14.3.rel1/arm-none-eabi/bin/../lib/gcc/arm-none-eabi/14.3.1/thumb/v7e-m+fp/hard/libgcc.a(_arm_truncdfsf2.o)
                0x08000de8                __aeabi_d2f
                0x08000de8                __truncdfsf2
 .text          0x08000e88       0x30 /Applications/ArmGNUToolchain/14.3.rel1/arm-none-eabi/bin/../lib/gcc/arm-none-eabi/14.3.1/thumb/v7e-m+fp/hard/libgcc.a(_aeabi_uldivmod.o)
                0x08000e88                __aeabi_uldivmod
 .text          0x08000eb8        0x4 /Applications/ArmGNUToolchain/14.3.rel1/arm-none-eabi/bin/../lib/gcc/arm-none-eabi/14.3.1/thumb/v7e-m+fp/hard/libgcc.a(_dvmd_tls.o)
                0x08000eb8                __aeabi_ldiv0
                0x08000eb8                __aeabi_idiv0
 *(.text*)
 .text.deregister_tm_clones
                0x08000ebc       0x1c /Applications/ArmGNUToolchain/14.3.rel1/arm-none-eabi/bin/../lib/gcc/arm-none-eabi/14.3.1/thumb/v7e-m+fp/hard/crtbegin.o
 .text.register_tm_clones
                0x08000ed8       0x24 /Applications/ArmGNUToolchain/14.3.rel1/arm-none-eabi/bin/../lib/gcc/arm-none-eabi/14.3.1/thumb/v7e-m+fp/hard/crtbegin.o
 .text.__do_global_dtors_aux
                0x08000efc       0x28 /Applications/ArmGNUToolchain/14.3.rel1/arm-none-eabi/bin/../lib/gcc/arm-none-eabi/14.3.1/thumb/v7e-m+fp/hard/crtbegin.o
 .text.frame_dummy
                0x08000f24       0x24 /Applications/ArmGNUToolchain/14.3.rel1/arm-none-eabi/bin/../lib/gcc/arm-none-eabi/14.3.1/thumb/v7e-m+fp/hard/crtbegin.o
 .text.HAL_TIM_PeriodElapsedCallback
                0x08000f48       0x12 build/Sentry/main.o
                0x08000f48                HAL_TIM_PeriodElapsedCallback
 .text.Error_Handler
                0x08000f5a        0x6 build/Sentry/main.o
                0x08000f5a                Error_Handler
 .text.SystemClock_Config
                0x08000f60       0xa8 build/Sentry/main.o
                0x08000f60                SystemClock_Config
 .text.main     0x08001008       0x54 build/Sentry/main.o
                0x08001008                main
 .text.MX_GPIO_Init
                0x0800105c      0x1b4 build/Sentry/gpio.o
                0x0800105c                MX_GPIO_Init
 .text.StartDefaultTask
                0x08001210        0xa build/Sentry/freertos.o
                0x08001210                StartDefaultTask
 .text.configureTimerForRunTimeStats
                0x0800121a        0x2 build/Sentry/freertos.o
                0x0800121a                configureTimerForRunTimeStats
 .text.getRunTimeCounterValue
                0x0800121c        0xc build/Sentry/freertos.o
                0x0800121c                getRunTimeCounterValue
 .text.vApplicationGetIdleTaskMemory
                0x08001228       0x18 build/Sentry/freertos.o
                0x08001228                vApplicationGetIdleTaskMemory
 .text.vApplicationGetTimerTaskMemory
                0x08001240       0x18 build/Sentry/freertos.o
                0x08001240                vApplicationGetTimerTaskMemory
 .text.MX_FREERTOS_Init
                0x08001258       0x30 build/Sentry/freertos.o
                0x08001258                MX_FREERTOS_Init
 .text.MX_CAN1_Init
                0x08001288       0x40 build/Sentry/can.o
                0x08001288                MX_CAN1_Init
 .text.MX_CAN2_Init
                0x080012c8       0x40 build/Sentry/can.o
                0x080012c8                MX_CAN2_Init
 .text.HAL_CAN_MspInit
                0x08001308      0x140 build/Sentry/can.o
                0x08001308                HAL_CAN_MspInit
 .text.MX_DMA_Init
                0x08001448       0xa8 build/Sentry/dma.o
                0x08001448                MX_DMA_Init
 .text.MX_I2C3_Init
                0x080014f0       0x3c build/Sentry/i2c.o
                0x080014f0                MX_I2C3_Init
 .text.HAL_I2C_MspInit
                0x0800152c       0xbc build/Sentry/i2c.o
                0x0800152c                HAL_I2C_MspInit
 .text.MX_SPI1_Init
                0x080015e8       0x48 build/Sentry/spi.o
                0x080015e8                MX_SPI1_Init
 .text.HAL_SPI_MspInit
                0x08001630      0x138 build/Sentry/spi.o
                0x08001630                HAL_SPI_MspInit
 .text.HAL_TIM_PWM_MspInit
                0x08001768       0x54 build/Sentry/tim.o
                0x08001768                HAL_TIM_PWM_MspInit
 .text.HAL_TIM_Base_MspInit
                0x080017bc       0x9c build/Sentry/tim.o
                0x080017bc                HAL_TIM_Base_MspInit
 .text.HAL_TIM_MspPostInit
                0x08001858      0x1bc build/Sentry/tim.o
                0x08001858                HAL_TIM_MspPostInit
 .text.MX_TIM1_Init
                0x08001a14       0xf0 build/Sentry/tim.o
                0x08001a14                MX_TIM1_Init
 .text.MX_TIM3_Init
                0x08001b04       0xb4 build/Sentry/tim.o
                0x08001b04                MX_TIM3_Init
 .text.MX_TIM4_Init
                0x08001bb8       0xb0 build/Sentry/tim.o
                0x08001bb8                MX_TIM4_Init
 .text.MX_TIM5_Init
                0x08001c68       0xd4 build/Sentry/tim.o
                0x08001c68                MX_TIM5_Init
 .text.MX_TIM8_Init
                0x08001d3c       0xf0 build/Sentry/tim.o
                0x08001d3c                MX_TIM8_Init
 .text.MX_TIM10_Init
                0x08001e2c       0x74 build/Sentry/tim.o
                0x08001e2c                MX_TIM10_Init
 .text.MX_USART1_UART_Init
                0x08001ea0       0x38 build/Sentry/usart.o
                0x08001ea0                MX_USART1_UART_Init
 .text.MX_USART3_UART_Init
                0x08001ed8       0x40 build/Sentry/usart.o
                0x08001ed8                MX_USART3_UART_Init
 .text.MX_USART6_UART_Init
                0x08001f18       0x38 build/Sentry/usart.o
                0x08001f18                MX_USART6_UART_Init
 .text.HAL_UART_MspInit
                0x08001f50      0x2c8 build/Sentry/usart.o
                0x08001f50                HAL_UART_MspInit
 .text.NMI_Handler
                0x08002218        0x2 build/Sentry/stm32f4xx_it.o
                0x08002218                NMI_Handler
 .text.HardFault_Handler
                0x0800221a        0x2 build/Sentry/stm32f4xx_it.o
                0x0800221a                HardFault_Handler
 .text.MemManage_Handler
                0x0800221c        0x2 build/Sentry/stm32f4xx_it.o
                0x0800221c                MemManage_Handler
 .text.BusFault_Handler
                0x0800221e        0x2 build/Sentry/stm32f4xx_it.o
                0x0800221e                BusFault_Handler
 .text.UsageFault_Handler
                0x08002220        0x2 build/Sentry/stm32f4xx_it.o
                0x08002220                UsageFault_Handler
 .text.DebugMon_Handler
                0x08002222        0x2 build/Sentry/stm32f4xx_it.o
                0x08002222                DebugMon_Handler
 .text.EXTI0_IRQHandler
                0x08002224        0xa build/Sentry/stm32f4xx_it.o
                0x08002224                EXTI0_IRQHandler
 .text.EXTI3_IRQHandler
                0x0800222e        0xa build/Sentry/stm32f4xx_it.o
                0x0800222e                EXTI3_IRQHandler
 .text.EXTI4_IRQHandler
                0x08002238        0xa build/Sentry/stm32f4xx_it.o
                0x08002238                EXTI4_IRQHandler
 *fill*         0x08002242        0x2 
 .text.DMA1_Stream1_IRQHandler
                0x08002244       0x10 build/Sentry/stm32f4xx_it.o
                0x08002244                DMA1_Stream1_IRQHandler
 .text.CAN1_RX0_IRQHandler
                0x08002254       0x10 build/Sentry/stm32f4xx_it.o
                0x08002254                CAN1_RX0_IRQHandler
 .text.CAN1_RX1_IRQHandler
                0x08002264       0x10 build/Sentry/stm32f4xx_it.o
                0x08002264                CAN1_RX1_IRQHandler
 .text.EXTI9_5_IRQHandler
                0x08002274        0xa build/Sentry/stm32f4xx_it.o
                0x08002274                EXTI9_5_IRQHandler
 *fill*         0x0800227e        0x2 
 .text.TIM2_IRQHandler
                0x08002280       0x10 build/Sentry/stm32f4xx_it.o
                0x08002280                TIM2_IRQHandler
 .text.USART1_IRQHandler
                0x08002290       0x10 build/Sentry/stm32f4xx_it.o
                0x08002290                USART1_IRQHandler
 .text.USART3_IRQHandler
                0x080022a0       0x10 build/Sentry/stm32f4xx_it.o
                0x080022a0                USART3_IRQHandler
 .text.DMA2_Stream1_IRQHandler
                0x080022b0       0x10 build/Sentry/stm32f4xx_it.o
                0x080022b0                DMA2_Stream1_IRQHandler
 .text.CAN2_RX0_IRQHandler
                0x080022c0       0x10 build/Sentry/stm32f4xx_it.o
                0x080022c0                CAN2_RX0_IRQHandler
 .text.CAN2_RX1_IRQHandler
                0x080022d0       0x10 build/Sentry/stm32f4xx_it.o
                0x080022d0                CAN2_RX1_IRQHandler
 .text.DMA2_Stream5_IRQHandler
                0x080022e0       0x10 build/Sentry/stm32f4xx_it.o
                0x080022e0                DMA2_Stream5_IRQHandler
 .text.DMA2_Stream6_IRQHandler
                0x080022f0       0x10 build/Sentry/stm32f4xx_it.o
                0x080022f0                DMA2_Stream6_IRQHandler
 .text.DMA2_Stream7_IRQHandler
                0x08002300       0x10 build/Sentry/stm32f4xx_it.o
                0x08002300                DMA2_Stream7_IRQHandler
 .text.USART6_IRQHandler
                0x08002310       0x10 build/Sentry/stm32f4xx_it.o
                0x08002310                USART6_IRQHandler
 .text.HAL_MspInit
                0x08002320       0x44 build/Sentry/stm32f4xx_hal_msp.o
                0x08002320                HAL_MspInit
 .text.HAL_InitTick
                0x08002364       0xa4 build/Sentry/stm32f4xx_hal_timebase_tim.o
                0x08002364                HAL_InitTick
 .text.SystemInit
                0x08002408       0x14 build/Sentry/system_stm32f4xx.o
                0x08002408                SystemInit
 .text.HAL_CAN_Init
                0x0800241c      0x14c build/Sentry/stm32f4xx_hal_can.o
                0x0800241c                HAL_CAN_Init
 .text.HAL_CAN_ConfigFilter
                0x08002568      0x138 build/Sentry/stm32f4xx_hal_can.o
                0x08002568                HAL_CAN_ConfigFilter
 .text.HAL_CAN_Start
                0x080026a0       0x5c build/Sentry/stm32f4xx_hal_can.o
                0x080026a0                HAL_CAN_Start
 .text.HAL_CAN_AddTxMessage
                0x080026fc       0xea build/Sentry/stm32f4xx_hal_can.o
                0x080026fc                HAL_CAN_AddTxMessage
 .text.HAL_CAN_GetTxMailboxesFreeLevel
                0x080027e6       0x32 build/Sentry/stm32f4xx_hal_can.o
                0x080027e6                HAL_CAN_GetTxMailboxesFreeLevel
 .text.HAL_CAN_GetRxMessage
                0x08002818      0x16a build/Sentry/stm32f4xx_hal_can.o
                0x08002818                HAL_CAN_GetRxMessage
 .text.HAL_CAN_ActivateNotification
                0x08002982       0x24 build/Sentry/stm32f4xx_hal_can.o
                0x08002982                HAL_CAN_ActivateNotification
 .text.HAL_CAN_TxMailbox0CompleteCallback
                0x080029a6        0x2 build/Sentry/stm32f4xx_hal_can.o
                0x080029a6                HAL_CAN_TxMailbox0CompleteCallback
 .text.HAL_CAN_TxMailbox1CompleteCallback
                0x080029a8        0x2 build/Sentry/stm32f4xx_hal_can.o
                0x080029a8                HAL_CAN_TxMailbox1CompleteCallback
 .text.HAL_CAN_TxMailbox2CompleteCallback
                0x080029aa        0x2 build/Sentry/stm32f4xx_hal_can.o
                0x080029aa                HAL_CAN_TxMailbox2CompleteCallback
 .text.HAL_CAN_TxMailbox0AbortCallback
                0x080029ac        0x2 build/Sentry/stm32f4xx_hal_can.o
                0x080029ac                HAL_CAN_TxMailbox0AbortCallback
 .text.HAL_CAN_TxMailbox1AbortCallback
                0x080029ae        0x2 build/Sentry/stm32f4xx_hal_can.o
                0x080029ae                HAL_CAN_TxMailbox1AbortCallback
 .text.HAL_CAN_TxMailbox2AbortCallback
                0x080029b0        0x2 build/Sentry/stm32f4xx_hal_can.o
                0x080029b0                HAL_CAN_TxMailbox2AbortCallback
 .text.HAL_CAN_RxFifo0FullCallback
                0x080029b2        0x2 build/Sentry/stm32f4xx_hal_can.o
                0x080029b2                HAL_CAN_RxFifo0FullCallback
 .text.HAL_CAN_RxFifo1FullCallback
                0x080029b4        0x2 build/Sentry/stm32f4xx_hal_can.o
                0x080029b4                HAL_CAN_RxFifo1FullCallback
 .text.HAL_CAN_SleepCallback
                0x080029b6        0x2 build/Sentry/stm32f4xx_hal_can.o
                0x080029b6                HAL_CAN_SleepCallback
 .text.HAL_CAN_WakeUpFromRxMsgCallback
                0x080029b8        0x2 build/Sentry/stm32f4xx_hal_can.o
                0x080029b8                HAL_CAN_WakeUpFromRxMsgCallback
 .text.HAL_CAN_ErrorCallback
                0x080029ba        0x2 build/Sentry/stm32f4xx_hal_can.o
                0x080029ba                HAL_CAN_ErrorCallback
 .text.HAL_CAN_IRQHandler
                0x080029bc      0x250 build/Sentry/stm32f4xx_hal_can.o
                0x080029bc                HAL_CAN_IRQHandler
 .text.HAL_RCC_OscConfig
                0x08002c0c      0x3f8 build/Sentry/stm32f4xx_hal_rcc.o
                0x08002c0c                HAL_RCC_OscConfig
 .text.HAL_RCC_GetSysClockFreq
                0x08003004       0xa8 build/Sentry/stm32f4xx_hal_rcc.o
                0x08003004                HAL_RCC_GetSysClockFreq
 .text.HAL_RCC_ClockConfig
                0x080030ac      0x160 build/Sentry/stm32f4xx_hal_rcc.o
                0x080030ac                HAL_RCC_ClockConfig
 .text.HAL_RCC_GetHCLKFreq
                0x0800320c        0xc build/Sentry/stm32f4xx_hal_rcc.o
                0x0800320c                HAL_RCC_GetHCLKFreq
 .text.HAL_RCC_GetPCLK1Freq
                0x08003218       0x20 build/Sentry/stm32f4xx_hal_rcc.o
                0x08003218                HAL_RCC_GetPCLK1Freq
 .text.HAL_RCC_GetPCLK2Freq
                0x08003238       0x20 build/Sentry/stm32f4xx_hal_rcc.o
                0x08003238                HAL_RCC_GetPCLK2Freq
 .text.HAL_RCC_GetClockConfig
                0x08003258       0x3c build/Sentry/stm32f4xx_hal_rcc.o
                0x08003258                HAL_RCC_GetClockConfig
 .text.HAL_GPIO_Init
                0x08003294      0x1ec build/Sentry/stm32f4xx_hal_gpio.o
                0x08003294                HAL_GPIO_Init
 .text.HAL_GPIO_WritePin
                0x08003480        0xc build/Sentry/stm32f4xx_hal_gpio.o
                0x08003480                HAL_GPIO_WritePin
 .text.HAL_GPIO_EXTI_Callback
                0x0800348c        0x2 build/Sentry/stm32f4xx_hal_gpio.o
                0x0800348c                HAL_GPIO_EXTI_Callback
 *fill*         0x0800348e        0x2 
 .text.HAL_GPIO_EXTI_IRQHandler
                0x08003490       0x1c build/Sentry/stm32f4xx_hal_gpio.o
                0x08003490                HAL_GPIO_EXTI_IRQHandler
 .text.DMA_SetConfig
                0x080034ac       0x2c build/Sentry/stm32f4xx_hal_dma.o
 .text.DMA_CalcBaseAndBitshift
                0x080034d8       0x3c build/Sentry/stm32f4xx_hal_dma.o
 .text.DMA_CheckFifoParam
                0x08003514       0x8e build/Sentry/stm32f4xx_hal_dma.o
 *fill*         0x080035a2        0x2 
 .text.HAL_DMA_Init
                0x080035a4       0xcc build/Sentry/stm32f4xx_hal_dma.o
                0x080035a4                HAL_DMA_Init
 .text.HAL_DMA_Start_IT
                0x08003670       0x68 build/Sentry/stm32f4xx_hal_dma.o
                0x08003670                HAL_DMA_Start_IT
 .text.HAL_DMA_Abort
                0x080036d8       0x92 build/Sentry/stm32f4xx_hal_dma.o
                0x080036d8                HAL_DMA_Abort
 .text.HAL_DMA_Abort_IT
                0x0800376a       0x24 build/Sentry/stm32f4xx_hal_dma.o
                0x0800376a                HAL_DMA_Abort_IT
 *fill*         0x0800378e        0x2 
 .text.HAL_DMA_IRQHandler
                0x08003790      0x1dc build/Sentry/stm32f4xx_hal_dma.o
                0x08003790                HAL_DMA_IRQHandler
 .text.__NVIC_EnableIRQ
                0x0800396c       0x1c build/Sentry/stm32f4xx_hal_cortex.o
 .text.__NVIC_SetPriority
                0x08003988       0x28 build/Sentry/stm32f4xx_hal_cortex.o
 .text.NVIC_EncodePriority
                0x080039b0       0x3e build/Sentry/stm32f4xx_hal_cortex.o
 *fill*         0x080039ee        0x2 
 .text.HAL_NVIC_SetPriorityGrouping
                0x080039f0       0x24 build/Sentry/stm32f4xx_hal_cortex.o
                0x080039f0                HAL_NVIC_SetPriorityGrouping
 .text.HAL_NVIC_SetPriority
                0x08003a14       0x20 build/Sentry/stm32f4xx_hal_cortex.o
                0x08003a14                HAL_NVIC_SetPriority
 .text.HAL_NVIC_EnableIRQ
                0x08003a34        0x8 build/Sentry/stm32f4xx_hal_cortex.o
                0x08003a34                HAL_NVIC_EnableIRQ
 .text.HAL_Init
                0x08003a3c       0x34 build/Sentry/stm32f4xx_hal.o
                0x08003a3c                HAL_Init
 .text.HAL_IncTick
                0x08003a70       0x18 build/Sentry/stm32f4xx_hal.o
                0x08003a70                HAL_IncTick
 .text.HAL_GetTick
                0x08003a88        0xc build/Sentry/stm32f4xx_hal.o
                0x08003a88                HAL_GetTick
 .text.HAL_Delay
                0x08003a94       0x28 build/Sentry/stm32f4xx_hal.o
                0x08003a94                HAL_Delay
 .text.HAL_I2C_Init
                0x08003abc      0x1bc build/Sentry/stm32f4xx_hal_i2c.o
                0x08003abc                HAL_I2C_Init
 .text.SPI_WaitFlagStateUntilTimeout
                0x08003c78       0xc8 build/Sentry/stm32f4xx_hal_spi.o
 .text.SPI_EndRxTxTransaction
                0x08003d40       0x80 build/Sentry/stm32f4xx_hal_spi.o
 .text.HAL_SPI_Init
                0x08003dc0       0xbe build/Sentry/stm32f4xx_hal_spi.o
                0x08003dc0                HAL_SPI_Init
 .text.HAL_SPI_TransmitReceive
                0x08003e7e      0x252 build/Sentry/stm32f4xx_hal_spi.o
                0x08003e7e                HAL_SPI_TransmitReceive
 .text.TIM_OC1_SetConfig
                0x080040d0       0x70 build/Sentry/stm32f4xx_hal_tim.o
 .text.TIM_OC3_SetConfig
                0x08004140       0x70 build/Sentry/stm32f4xx_hal_tim.o
 .text.TIM_OC4_SetConfig
                0x080041b0       0x50 build/Sentry/stm32f4xx_hal_tim.o
 .text.TIM_TI1_ConfigInputStage
                0x08004200       0x26 build/Sentry/stm32f4xx_hal_tim.o
 .text.TIM_TI2_ConfigInputStage
                0x08004226       0x28 build/Sentry/stm32f4xx_hal_tim.o
 .text.TIM_ITRx_SetConfig
                0x0800424e       0x10 build/Sentry/stm32f4xx_hal_tim.o
 *fill*         0x0800425e        0x2 
 .text.HAL_TIM_Base_Start
                0x08004260       0x7c build/Sentry/stm32f4xx_hal_tim.o
                0x08004260                HAL_TIM_Base_Start
 .text.HAL_TIM_Base_Start_IT
                0x080042dc       0x84 build/Sentry/stm32f4xx_hal_tim.o
                0x080042dc                HAL_TIM_Base_Start_IT
 .text.HAL_TIM_OC_DelayElapsedCallback
                0x08004360        0x2 build/Sentry/stm32f4xx_hal_tim.o
                0x08004360                HAL_TIM_OC_DelayElapsedCallback
 .text.HAL_TIM_IC_CaptureCallback
                0x08004362        0x2 build/Sentry/stm32f4xx_hal_tim.o
                0x08004362                HAL_TIM_IC_CaptureCallback
 .text.HAL_TIM_PWM_PulseFinishedCallback
                0x08004364        0x2 build/Sentry/stm32f4xx_hal_tim.o
                0x08004364                HAL_TIM_PWM_PulseFinishedCallback
 .text.HAL_TIM_TriggerCallback
                0x08004366        0x2 build/Sentry/stm32f4xx_hal_tim.o
                0x08004366                HAL_TIM_TriggerCallback
 .text.HAL_TIM_IRQHandler
                0x08004368      0x15e build/Sentry/stm32f4xx_hal_tim.o
                0x08004368                HAL_TIM_IRQHandler
 *fill*         0x080044c6        0x2 
 .text.TIM_Base_SetConfig
                0x080044c8       0xd8 build/Sentry/stm32f4xx_hal_tim.o
                0x080044c8                TIM_Base_SetConfig
 .text.HAL_TIM_Base_Init
                0x080045a0       0x58 build/Sentry/stm32f4xx_hal_tim.o
                0x080045a0                HAL_TIM_Base_Init
 .text.HAL_TIM_PWM_Init
                0x080045f8       0x58 build/Sentry/stm32f4xx_hal_tim.o
                0x080045f8                HAL_TIM_PWM_Init
 .text.TIM_OC2_SetConfig
                0x08004650       0x70 build/Sentry/stm32f4xx_hal_tim.o
                0x08004650                TIM_OC2_SetConfig
 .text.HAL_TIM_PWM_ConfigChannel
                0x080046c0       0xdc build/Sentry/stm32f4xx_hal_tim.o
                0x080046c0                HAL_TIM_PWM_ConfigChannel
 .text.TIM_ETR_SetConfig
                0x0800479c       0x1a build/Sentry/stm32f4xx_hal_tim.o
                0x0800479c                TIM_ETR_SetConfig
 .text.HAL_TIM_ConfigClockSource
                0x080047b6       0xfe build/Sentry/stm32f4xx_hal_tim.o
                0x080047b6                HAL_TIM_ConfigClockSource
 .text.TIM_CCxChannelCmd
                0x080048b4       0x1e build/Sentry/stm32f4xx_hal_tim.o
                0x080048b4                TIM_CCxChannelCmd
 *fill*         0x080048d2        0x2 
 .text.HAL_TIM_PWM_Start
                0x080048d4       0xfc build/Sentry/stm32f4xx_hal_tim.o
                0x080048d4                HAL_TIM_PWM_Start
 .text.HAL_TIMEx_MasterConfigSynchronization
                0x080049d0       0x8c build/Sentry/stm32f4xx_hal_tim_ex.o
                0x080049d0                HAL_TIMEx_MasterConfigSynchronization
 .text.HAL_TIMEx_ConfigBreakDeadTime
                0x08004a5c       0x52 build/Sentry/stm32f4xx_hal_tim_ex.o
                0x08004a5c                HAL_TIMEx_ConfigBreakDeadTime
 .text.HAL_TIMEx_CommutCallback
                0x08004aae        0x2 build/Sentry/stm32f4xx_hal_tim_ex.o
                0x08004aae                HAL_TIMEx_CommutCallback
 .text.HAL_TIMEx_BreakCallback
                0x08004ab0        0x2 build/Sentry/stm32f4xx_hal_tim_ex.o
                0x08004ab0                HAL_TIMEx_BreakCallback
 .text.UART_EndTxTransfer
                0x08004ab2       0x20 build/Sentry/stm32f4xx_hal_uart.o
 .text.UART_EndRxTransfer
                0x08004ad2       0x5c build/Sentry/stm32f4xx_hal_uart.o
 .text.UART_Transmit_IT
                0x08004b2e       0x5e build/Sentry/stm32f4xx_hal_uart.o
 .text.UART_SetConfig
                0x08004b8c      0x110 build/Sentry/stm32f4xx_hal_uart.o
 .text.UART_WaitOnFlagUntilTimeout
                0x08004c9c       0x86 build/Sentry/stm32f4xx_hal_uart.o
 .text.HAL_UART_Init
                0x08004d22       0x60 build/Sentry/stm32f4xx_hal_uart.o
                0x08004d22                HAL_UART_Init
 .text.HAL_UART_Transmit
                0x08004d82       0xca build/Sentry/stm32f4xx_hal_uart.o
                0x08004d82                HAL_UART_Transmit
 .text.HAL_UART_Transmit_IT
                0x08004e4c       0x36 build/Sentry/stm32f4xx_hal_uart.o
                0x08004e4c                HAL_UART_Transmit_IT
 *fill*         0x08004e82        0x2 
 .text.HAL_UART_Transmit_DMA
                0x08004e84       0x80 build/Sentry/stm32f4xx_hal_uart.o
                0x08004e84                HAL_UART_Transmit_DMA
 .text.HAL_UART_TxCpltCallback
                0x08004f04        0x2 build/Sentry/stm32f4xx_hal_uart.o
                0x08004f04                HAL_UART_TxCpltCallback
 .text.UART_DMATransmitCplt
                0x08004f06       0x4c build/Sentry/stm32f4xx_hal_uart.o
 .text.UART_EndTransmit_IT
                0x08004f52       0x1a build/Sentry/stm32f4xx_hal_uart.o
 .text.HAL_UART_TxHalfCpltCallback
                0x08004f6c        0x2 build/Sentry/stm32f4xx_hal_uart.o
                0x08004f6c                HAL_UART_TxHalfCpltCallback
 .text.UART_DMATxHalfCplt
                0x08004f6e        0xa build/Sentry/stm32f4xx_hal_uart.o
 .text.HAL_UART_RxCpltCallback
                0x08004f78        0x2 build/Sentry/stm32f4xx_hal_uart.o
                0x08004f78                HAL_UART_RxCpltCallback
 .text.HAL_UART_RxHalfCpltCallback
                0x08004f7a        0x2 build/Sentry/stm32f4xx_hal_uart.o
                0x08004f7a                HAL_UART_RxHalfCpltCallback
 .text.HAL_UART_ErrorCallback
                0x08004f7c        0x2 build/Sentry/stm32f4xx_hal_uart.o
                0x08004f7c                HAL_UART_ErrorCallback
 .text.UART_DMAError
                0x08004f7e       0x54 build/Sentry/stm32f4xx_hal_uart.o
 .text.UART_DMAAbortOnError
                0x08004fd2       0x10 build/Sentry/stm32f4xx_hal_uart.o
 .text.UART_Receive_IT
                0x08004fe2       0xe4 build/Sentry/stm32f4xx_hal_uart.o
 *fill*         0x080050c6        0x2 
 .text.HAL_UART_IRQHandler
                0x080050c8      0x284 build/Sentry/stm32f4xx_hal_uart.o
                0x080050c8                HAL_UART_IRQHandler
 .text.UART_DMARxHalfCplt
                0x0800534c       0x1e build/Sentry/stm32f4xx_hal_uart.o
 .text.UART_DMAReceiveCplt
                0x0800536a       0x9a build/Sentry/stm32f4xx_hal_uart.o
 .text.UART_Start_Receive_DMA
                0x08005404       0xa4 build/Sentry/stm32f4xx_hal_uart.o
                0x08005404                UART_Start_Receive_DMA
 .text.HAL_UARTEx_ReceiveToIdle_DMA
                0x080054a8       0x64 build/Sentry/stm32f4xx_hal_uart.o
                0x080054a8                HAL_UARTEx_ReceiveToIdle_DMA
 .text.vListInitialise
                0x0800550c       0x16 build/Sentry/list.o
                0x0800550c                vListInitialise
 .text.vListInitialiseItem
                0x08005522        0x6 build/Sentry/list.o
                0x08005522                vListInitialiseItem
 .text.vListInsertEnd
                0x08005528       0x16 build/Sentry/list.o
                0x08005528                vListInsertEnd
 .text.vListInsert
                0x0800553e       0x32 build/Sentry/list.o
                0x0800553e                vListInsert
 .text.uxListRemove
                0x08005570       0x26 build/Sentry/list.o
                0x08005570                uxListRemove
 .text.prvIsQueueFull
                0x08005596       0x1e build/Sentry/queue.o
 .text.prvIsQueueEmpty
                0x080055b4       0x1a build/Sentry/queue.o
 .text.prvCopyDataToQueue
                0x080055ce       0x76 build/Sentry/queue.o
 .text.prvCopyDataFromQueue
                0x08005644       0x24 build/Sentry/queue.o
 .text.prvUnlockQueue
                0x08005668       0x6e build/Sentry/queue.o
 .text.xQueueGenericReset
                0x080056d6       0x84 build/Sentry/queue.o
                0x080056d6                xQueueGenericReset
 .text.prvInitialiseNewQueue
                0x0800575a       0x22 build/Sentry/queue.o
 .text.xQueueGenericCreateStatic
                0x0800577c       0x94 build/Sentry/queue.o
                0x0800577c                xQueueGenericCreateStatic
 .text.xQueueGenericSend
                0x08005810      0x188 build/Sentry/queue.o
                0x08005810                xQueueGenericSend
 .text.xQueueGenericSendFromISR
                0x08005998       0xce build/Sentry/queue.o
                0x08005998                xQueueGenericSendFromISR
 .text.xQueueReceive
                0x08005a66      0x15e build/Sentry/queue.o
                0x08005a66                xQueueReceive
 .text.vQueueAddToRegistry
                0x08005bc4       0x28 build/Sentry/queue.o
                0x08005bc4                vQueueAddToRegistry
 .text.vQueueWaitForMessageRestricted
                0x08005bec       0x52 build/Sentry/queue.o
                0x08005bec                vQueueWaitForMessageRestricted
 *fill*         0x08005c3e        0x2 
 .text.prvResetNextTaskUnblockTime
                0x08005c40       0x2c build/Sentry/tasks.o
 .text.prvInitialiseNewTask
                0x08005c6c       0xac build/Sentry/tasks.o
 .text.prvInitialiseTaskLists
                0x08005d18       0x68 build/Sentry/tasks.o
 .text.prvAddNewTaskToReadyList
                0x08005d80       0xac build/Sentry/tasks.o
 .text.prvDeleteTCB
                0x08005e2c       0x38 build/Sentry/tasks.o
 .text.prvCheckTasksWaitingTermination
                0x08005e64       0x4c build/Sentry/tasks.o
 .text.prvIdleTask
                0x08005eb0       0x28 build/Sentry/tasks.o
 .text.prvAddCurrentTaskToDelayedList
                0x08005ed8       0xa0 build/Sentry/tasks.o
 .text.xTaskCreateStatic
                0x08005f78       0x76 build/Sentry/tasks.o
                0x08005f78                xTaskCreateStatic
 .text.xTaskCreate
                0x08005fee       0x64 build/Sentry/tasks.o
                0x08005fee                xTaskCreate
 *fill*         0x08006052        0x2 
 .text.vTaskStartScheduler
                0x08006054       0x9c build/Sentry/tasks.o
                0x08006054                vTaskStartScheduler
 .text.vTaskSuspendAll
                0x080060f0       0x10 build/Sentry/tasks.o
                0x080060f0                vTaskSuspendAll
 .text.xTaskGetTickCount
                0x08006100        0xc build/Sentry/tasks.o
                0x08006100                xTaskGetTickCount
 .text.xTaskIncrementTick
                0x0800610c      0x118 build/Sentry/tasks.o
                0x0800610c                xTaskIncrementTick
 .text.xTaskResumeAll
                0x08006224       0xf8 build/Sentry/tasks.o
                0x08006224                xTaskResumeAll
 .text.vTaskDelayUntil
                0x0800631c       0xa4 build/Sentry/tasks.o
                0x0800631c                vTaskDelayUntil
 .text.vTaskDelay
                0x080063c0       0x4c build/Sentry/tasks.o
                0x080063c0                vTaskDelay
 .text.vTaskSwitchContext
                0x0800640c       0xc0 build/Sentry/tasks.o
                0x0800640c                vTaskSwitchContext
 .text.vTaskPlaceOnEventList
                0x080064cc       0x30 build/Sentry/tasks.o
                0x080064cc                vTaskPlaceOnEventList
 .text.vTaskPlaceOnEventListRestricted
                0x080064fc       0x38 build/Sentry/tasks.o
                0x080064fc                vTaskPlaceOnEventListRestricted
 .text.xTaskRemoveFromEventList
                0x08006534       0x8c build/Sentry/tasks.o
                0x08006534                xTaskRemoveFromEventList
 .text.vTaskInternalSetTimeOutState
                0x080065c0       0x18 build/Sentry/tasks.o
                0x080065c0                vTaskInternalSetTimeOutState
 .text.xTaskCheckForTimeOut
                0x080065d8       0xa4 build/Sentry/tasks.o
                0x080065d8                xTaskCheckForTimeOut
 .text.vTaskMissedYield
                0x0800667c        0xc build/Sentry/tasks.o
                0x0800667c                vTaskMissedYield
 .text.xTaskGetSchedulerState
                0x08006688       0x20 build/Sentry/tasks.o
                0x08006688                xTaskGetSchedulerState
 .text.xTaskPriorityDisinherit
                0x080066a8       0xb0 build/Sentry/tasks.o
                0x080066a8                xTaskPriorityDisinherit
 .text.prvGetNextExpireTime
                0x08006758       0x20 build/Sentry/timers.o
 .text.prvInsertTimerInActiveList
                0x08006778       0x48 build/Sentry/timers.o
 .text.prvCheckForValidListAndQueue
                0x080067c0       0x70 build/Sentry/timers.o
 .text.xTimerCreateTimerTask
                0x08006830       0x64 build/Sentry/timers.o
                0x08006830                xTimerCreateTimerTask
 .text.xTimerGenericCommand
                0x08006894       0x6c build/Sentry/timers.o
                0x08006894                xTimerGenericCommand
 .text.prvSwitchTimerLists
                0x08006900       0x7c build/Sentry/timers.o
 .text.prvSampleTimeNow
                0x0800697c       0x2c build/Sentry/timers.o
 .text.prvProcessExpiredTimer
                0x080069a8       0x6c build/Sentry/timers.o
 .text.prvProcessTimerOrBlockTask
                0x08006a14       0x74 build/Sentry/timers.o
 .text.prvProcessReceivedCommands
                0x08006a88      0x10c build/Sentry/timers.o
 .text.prvTimerTask
                0x08006b94       0x16 build/Sentry/timers.o
 .text.makeFreeRtosPriority
                0x08006baa        0xc build/Sentry/cmsis_os.o
 .text.osKernelStart
                0x08006bb6        0xa build/Sentry/cmsis_os.o
                0x08006bb6                osKernelStart
 .text.osThreadCreate
                0x08006bc0       0x66 build/Sentry/cmsis_os.o
                0x08006bc0                osThreadCreate
 .text.osDelay  0x08006c26        0xe build/Sentry/cmsis_os.o
                0x08006c26                osDelay
 .text.prvHeapInit
                0x08006c34       0x64 build/Sentry/heap_4.o
 .text.prvInsertBlockIntoFreeList
                0x08006c98       0x64 build/Sentry/heap_4.o
 .text.pvPortMalloc
                0x08006cfc      0x104 build/Sentry/heap_4.o
                0x08006cfc                pvPortMalloc
 .text.vPortFree
                0x08006e00       0x7c build/Sentry/heap_4.o
                0x08006e00                vPortFree
 .text.prvTaskExitError
                0x08006e7c       0x40 build/Sentry/port.o
 .text.prvPortStartFirstTask
                0x08006ebc       0x28 build/Sentry/port.o
 .text.vPortEnableVFP
                0x08006ee4       0x14 build/Sentry/port.o
 .text.pxPortInitialiseStack
                0x08006ef8       0x2c build/Sentry/port.o
                0x08006ef8                pxPortInitialiseStack
 *fill*         0x08006f24        0xc 
 .text.SVC_Handler
                0x08006f30       0x24 build/Sentry/port.o
                0x08006f30                SVC_Handler
 .text.vPortEnterCritical
                0x08006f54       0x44 build/Sentry/port.o
                0x08006f54                vPortEnterCritical
 .text.vPortExitCritical
                0x08006f98       0x2c build/Sentry/port.o
                0x08006f98                vPortExitCritical
 *fill*         0x08006fc4        0xc 
 .text.PendSV_Handler
                0x08006fd0       0x64 build/Sentry/port.o
                0x08006fd0                PendSV_Handler
 .text.SysTick_Handler
                0x08007034       0x2c build/Sentry/port.o
                0x08007034                SysTick_Handler
 .text.vPortSetupTimerInterrupt
                0x08007060       0x28 build/Sentry/port.o
                0x08007060                vPortSetupTimerInterrupt
 .text.xPortStartScheduler
                0x08007088      0x118 build/Sentry/port.o
                0x08007088                xPortStartScheduler
 .text.vPortValidateInterruptPriority
                0x080071a0       0x5c build/Sentry/port.o
                0x080071a0                vPortValidateInterruptPriority
 .text.invSqrt  0x080071fc       0x30 build/Sentry/MahonyAHRS.o
                0x080071fc                invSqrt
 .text.MahonyAHRSupdateIMU
                0x0800722c      0x268 build/Sentry/MahonyAHRS.o
                0x0800722c                MahonyAHRSupdateIMU
 .text.omni_init
                0x08007494       0xd4 build/Sentry/omni_locomotion.o
                0x08007494                omni_init
 .text.omni_calculate_kinematics
                0x08007568       0x9e build/Sentry/omni_locomotion.o
                0x08007568                omni_calculate_kinematics
 *fill*         0x08007606        0x2 
 .text.omni_convert_to_rpm
                0x08007608       0x3c build/Sentry/omni_locomotion.o
                0x08007608                omni_convert_to_rpm
 .text._Init_Omni_Odometry
                0x08007644       0x2c build/Sentry/omni_locomotion.o
                0x08007644                _Init_Omni_Odometry
 .text.Update_Omni_Odometry
                0x08007670      0x1e4 build/Sentry/omni_locomotion.o
                0x08007670                Update_Omni_Odometry
 .text.PID_Init
                0x08007854       0x20 build/Sentry/pid.o
                0x08007854                PID_Init
 .text.PID      0x08007874       0xf0 build/Sentry/pid.o
                0x08007874                PID
 .text.rate_limiter_init
                0x08007964       0x1e build/Sentry/rate_limiter.o
                0x08007964                rate_limiter_init
 *fill*         0x08007982        0x2 
 .text.CAN_Filter_Init
                0x08007984       0x68 build/Sentry/bsp_can.o
                0x08007984                CAN_Filter_Init
 .text.CAN_Device_Register
                0x080079ec       0x74 build/Sentry/bsp_can.o
                0x080079ec                CAN_Device_Register
 .text.CAN_Service_Init
                0x08007a60       0x3c build/Sentry/bsp_can.o
                0x08007a60                CAN_Service_Init
 .text.CAN_Transmit
                0x08007a9c       0x34 build/Sentry/bsp_can.o
                0x08007a9c                CAN_Transmit
 .text.CAN_Rx_Callback
                0x08007ad0       0xb4 build/Sentry/bsp_can.o
                0x08007ad0                CAN_Rx_Callback
 .text.HAL_CAN_RxFifo0MsgPendingCallback
                0x08007b84        0xa build/Sentry/bsp_can.o
                0x08007b84                HAL_CAN_RxFifo0MsgPendingCallback
 .text.HAL_CAN_RxFifo1MsgPendingCallback
                0x08007b8e        0xa build/Sentry/bsp_can.o
                0x08007b8e                HAL_CAN_RxFifo1MsgPendingCallback
 .text.Get_CRC16_Check_Sum
                0x08007b98       0x38 build/Sentry/bsp_crc.o
                0x08007b98                Get_CRC16_Check_Sum
 .text.Verify_CRC16_Check_Sum
                0x08007bd0       0x48 build/Sentry/bsp_crc.o
                0x08007bd0                Verify_CRC16_Check_Sum
 .text.Daemon_Register
                0x08007c18       0x2c build/Sentry/bsp_daemon.o
                0x08007c18                Daemon_Register
 .text.Daemon_Reload
                0x08007c44        0x6 build/Sentry/bsp_daemon.o
                0x08007c44                Daemon_Reload
 *fill*         0x08007c4a        0x2 
 .text.Daemon_Task_Loop
                0x08007c4c       0x40 build/Sentry/bsp_daemon.o
                0x08007c4c                Daemon_Task_Loop
 .text.delay_us
                0x08007c8c       0x40 build/Sentry/bsp_delay.o
                0x08007c8c                delay_us
 .text.PWM_Start
                0x08007ccc        0xc build/Sentry/bsp_pwm.o
                0x08007ccc                PWM_Start
 .text.PWM_Set_Frequency
                0x08007cd8       0x50 build/Sentry/bsp_pwm.o
                0x08007cd8                PWM_Set_Frequency
 .text.PWM_Set_Period
                0x08007d28       0x44 build/Sentry/bsp_pwm.o
                0x08007d28                PWM_Set_Period
 .text.PWM_Set_Duty_Ratio
                0x08007d6c       0x74 build/Sentry/bsp_pwm.o
                0x08007d6c                PWM_Set_Duty_Ratio
 .text.PWM_Get_Tclk
                0x08007de0       0x74 build/Sentry/bsp_pwm.o
                0x08007de0                PWM_Get_Tclk
 .text.PWM_Register
                0x08007e54       0x64 build/Sentry/bsp_pwm.o
                0x08007e54                PWM_Register
 .text.debug_printf
                0x08007eb8       0x44 build/Sentry/bsp_serial.o
                0x08007eb8                debug_printf
 .text._write   0x08007efc       0x18 build/Sentry/bsp_serial.o
                0x08007efc                _write
 .text.UART_Service_Init
                0x08007f14       0x1e build/Sentry/bsp_uart.o
                0x08007f14                UART_Service_Init
 *fill*         0x08007f32        0x2 
 .text.UART_Register
                0x08007f34       0x40 build/Sentry/bsp_uart.o
                0x08007f34                UART_Register
 .text.UART_Transmit
                0x08007f74       0x2c build/Sentry/bsp_uart.o
                0x08007f74                UART_Transmit
 .text.HAL_UARTEx_RxEventCallback
                0x08007fa0       0x54 build/Sentry/bsp_uart.o
                0x08007fa0                HAL_UARTEx_RxEventCallback
 .text.BMI088_write_single_reg
                0x08007ff4       0x10 build/Sentry/bmi088driver.o
 .text.BMI088_read_single_reg
                0x08008004       0x16 build/Sentry/bmi088driver.o
 .text.BMI088_read_muli_reg
                0x0800801a       0x24 build/Sentry/bmi088driver.o
 *fill*         0x0800803e        0x2 
 .text.bmi088_accel_init
                0x08008040       0x7c build/Sentry/bmi088driver.o
                0x08008040                bmi088_accel_init
 .text.bmi088_gyro_init
                0x080080bc       0xec build/Sentry/bmi088driver.o
                0x080080bc                bmi088_gyro_init
 .text.bmi088_accel_self_test
                0x080081a8      0x2a0 build/Sentry/bmi088driver.o
                0x080081a8                bmi088_accel_self_test
 .text.bmi088_gyro_self_test
                0x08008448       0xd2 build/Sentry/bmi088driver.o
                0x08008448                bmi088_gyro_self_test
 .text.BMI088_init
                0x0800851a       0x2e build/Sentry/bmi088driver.o
                0x0800851a                BMI088_init
 .text.BMI088_read
                0x08008548      0x168 build/Sentry/bmi088driver.o
                0x08008548                BMI088_read
 .text.BMI088_delay_ms
                0x080086b0        0x8 build/Sentry/bmi088middleware.o
                0x080086b0                BMI088_delay_ms
 .text.BMI088_delay_us
                0x080086b8        0x8 build/Sentry/bmi088middleware.o
                0x080086b8                BMI088_delay_us
 .text.BMI088_ACCEL_NS_L
                0x080086c0       0x14 build/Sentry/bmi088middleware.o
                0x080086c0                BMI088_ACCEL_NS_L
 .text.BMI088_ACCEL_NS_H
                0x080086d4       0x14 build/Sentry/bmi088middleware.o
                0x080086d4                BMI088_ACCEL_NS_H
 .text.BMI088_GYRO_NS_L
                0x080086e8       0x14 build/Sentry/bmi088middleware.o
                0x080086e8                BMI088_GYRO_NS_L
 .text.BMI088_GYRO_NS_H
                0x080086fc       0x14 build/Sentry/bmi088middleware.o
                0x080086fc                BMI088_GYRO_NS_H
 .text.BMI088_read_write_byte
                0x08008710       0x2c build/Sentry/bmi088middleware.o
                0x08008710                BMI088_read_write_byte
 .text.Buzzer_Init
                0x0800873c       0x38 build/Sentry/buzzer.o
                0x0800873c                Buzzer_Init
 .text.Buzzer_Set_Loudness
                0x08008774       0x14 build/Sentry/buzzer.o
                0x08008774                Buzzer_Set_Loudness
 .text.Buzzer_Set_Note
                0x08008788       0x28 build/Sentry/buzzer.o
                0x08008788                Buzzer_Set_Note
 .text.Buzzer_Play_Melody
                0x080087b0       0xa0 build/Sentry/buzzer.o
                0x080087b0                Buzzer_Play_Melody
 .text.DJI_Motor_Decode
                0x08008850      0x148 build/Sentry/dji_motor.o
                0x08008850                DJI_Motor_Decode
 .text.DJI_Motor_Assign_To_Group
                0x08008998       0xd0 build/Sentry/dji_motor.o
                0x08008998                DJI_Motor_Assign_To_Group
 .text.DJI_Motor_Init
                0x08008a68      0x250 build/Sentry/dji_motor.o
                0x08008a68                DJI_Motor_Init
 .text.DJI_Motor_Get_Absolute_Angle
                0x08008cb8       0x2c build/Sentry/dji_motor.o
                0x08008cb8                DJI_Motor_Get_Absolute_Angle
 .text.DJI_Motor_Get_Total_Angle
                0x08008ce4       0x22 build/Sentry/dji_motor.o
                0x08008ce4                DJI_Motor_Get_Total_Angle
 *fill*         0x08008d06        0x2 
 .text.DJI_Motor_Set_Angle
                0x08008d08       0x2c build/Sentry/dji_motor.o
                0x08008d08                DJI_Motor_Set_Angle
 .text.DJI_Motor_Set_Velocity
                0x08008d34       0x22 build/Sentry/dji_motor.o
                0x08008d34                DJI_Motor_Set_Velocity
 .text.DJI_Motor_Set_Control_Mode
                0x08008d56        0x4 build/Sentry/dji_motor.o
                0x08008d56                DJI_Motor_Set_Control_Mode
 .text.DJI_Motor_Disable
                0x08008d5a        0x6 build/Sentry/dji_motor.o
                0x08008d5a                DJI_Motor_Disable
 .text.DJI_Motor_Current_Calc
                0x08008d60      0x2b0 build/Sentry/dji_motor.o
                0x08008d60                DJI_Motor_Current_Calc
 .text.DJI_Motor_Send
                0x08009010       0x9c build/Sentry/dji_motor.o
                0x08009010                DJI_Motor_Send
 .text.DJI_Motor_Disable_All
                0x080090ac       0x2c build/Sentry/dji_motor.o
                0x080090ac                DJI_Motor_Disable_All
 .text.DJI_Motor_Enable_All
                0x080090d8       0x24 build/Sentry/dji_motor.o
                0x080090d8                DJI_Motor_Enable_All
 .text.float_to_uint
                0x080090fc       0x28 build/Sentry/dm_motor.o
                0x080090fc                float_to_uint
 .text.uint_to_float
                0x08009124       0x28 build/Sentry/dm_motor.o
                0x08009124                uint_to_float
 .text.DM_Motor_Decode
                0x0800914c       0x94 build/Sentry/dm_motor.o
                0x0800914c                DM_Motor_Decode
 .text.DM_Motor_Enable_Motor
                0x080091e0        0xe build/Sentry/dm_motor.o
                0x080091e0                DM_Motor_Enable_Motor
 .text.DM_Motor_Frame_Enable_Protocol
                0x080091ee       0x18 build/Sentry/dm_motor.o
                0x080091ee                DM_Motor_Frame_Enable_Protocol
 .text.DM_Motor_Disable_Motor
                0x08009206       0x22 build/Sentry/dm_motor.o
                0x08009206                DM_Motor_Disable_Motor
 .text.DM_Motor_Frame_Disable_Protocol
                0x08009228       0x18 build/Sentry/dm_motor.o
                0x08009228                DM_Motor_Frame_Disable_Protocol
 .text.DM_Motor_Frame_Zero_Current_Protocol
                0x08009240       0xc8 build/Sentry/dm_motor.o
                0x08009240                DM_Motor_Frame_Zero_Current_Protocol
 .text.DM_Motor_Disable_All
                0x08009308       0x2c build/Sentry/dm_motor.o
                0x08009308                DM_Motor_Disable_All
 .text.DM_Motor_Ctrl_MIT_PD
                0x08009334      0x10c build/Sentry/dm_motor.o
                0x08009334                DM_Motor_Ctrl_MIT_PD
 .text.DM_Motor_Init
                0x08009440       0x6c build/Sentry/dm_motor.o
                0x08009440                DM_Motor_Init
 .text.DM_Motor_Send
                0x080094ac       0x9c build/Sentry/dm_motor.o
                0x080094ac                DM_Motor_Send
 .text.IMU_Task_Init
                0x08009548       0x70 build/Sentry/imu_task.o
                0x08009548                IMU_Task_Init
 .text.IMU_Task_Temp
                0x080095b8       0x68 build/Sentry/imu_task.o
                0x080095b8                IMU_Task_Temp
 .text.IMU_Task_Process
                0x08009620      0x100 build/Sentry/imu_task.o
                0x08009620                IMU_Task_Process
 .text.IMU_Task
                0x08009720       0x24 build/Sentry/imu_task.o
                0x08009720                IMU_Task
 .text.Jetson_Orin_Nav_Timeout_Callback
                0x08009744       0x18 build/Sentry/jetson_orin.o
                0x08009744                Jetson_Orin_Nav_Timeout_Callback
 .text.Jetson_Orin_Rx_Callback
                0x0800975c       0xe0 build/Sentry/jetson_orin.o
                0x0800975c                Jetson_Orin_Rx_Callback
 .text.Jetson_Orin_Timeout_Callback
                0x0800983c       0x1c build/Sentry/jetson_orin.o
                0x0800983c                Jetson_Orin_Timeout_Callback
 .text.Jetson_Orin_Init
                0x08009858       0x54 build/Sentry/jetson_orin.o
                0x08009858                Jetson_Orin_Init
 .text.Jetson_Orin_Send_Data
                0x080098ac       0xac build/Sentry/jetson_orin.o
                0x080098ac                Jetson_Orin_Send_Data
 .text.Laser_Init
                0x08009958       0x10 build/Sentry/laser.o
                0x08009958                Laser_Init
 .text.Referee_System_Timeout_Callback
                0x08009968       0x1c build/Sentry/referee_system.o
                0x08009968                Referee_System_Timeout_Callback
 .text.Referee_Get_Data
                0x08009984      0x3bc build/Sentry/referee_system.o
                0x08009984                Referee_Get_Data
 .text.Referee_Set_Robot_State
                0x08009d40       0xe4 build/Sentry/referee_system.o
                0x08009d40                Referee_Set_Robot_State
 .text.Referee_System_Init
                0x08009e24       0x44 build/Sentry/referee_system.o
                0x08009e24                Referee_System_Init
 .text.Remote_Timeout_Callback
                0x08009e68       0x1c build/Sentry/remote.o
                0x08009e68                Remote_Timeout_Callback
 .text.Remote_Buffer_Process
                0x08009e84      0x128 build/Sentry/remote.o
                0x08009e84                Remote_Buffer_Process
 .text.Remote_Rx_Callback
                0x08009fac       0x14 build/Sentry/remote.o
                0x08009fac                Remote_Rx_Callback
 .text.Remote_Init
                0x08009fc0       0x3c build/Sentry/remote.o
                0x08009fc0                Remote_Init
 .text.Supercap_Send
                0x08009ffc       0x64 build/Sentry/supercap.o
                0x08009ffc                Supercap_Send
 .text.C_Board_Recv_Supercap_Info
                0x0800a060       0x50 build/Sentry/c_board_comm.o
                0x0800a060                C_Board_Recv_Supercap_Info
 .text.C_Board_Comm_Task_Init
                0x0800a0b0       0x28 build/Sentry/c_board_comm.o
                0x0800a0b0                C_Board_Comm_Task_Init
 .text.C_Board_Comm_Send_Loop
                0x0800a0d8       0x38 build/Sentry/c_board_comm.o
                0x0800a0d8                C_Board_Comm_Send_Loop
 .text.Chassis_Task_Init
                0x0800a110      0x140 build/Sentry/chassis_task.o
                0x0800a110                Chassis_Task_Init
 .text.Chassis_Process_Target_Velocity
                0x0800a250      0x298 build/Sentry/chassis_task.o
                0x0800a250                Chassis_Process_Target_Velocity
 .text.Chassis_Ctrl_Loop
                0x0800a4e8      0x18c build/Sentry/chassis_task.o
                0x0800a4e8                Chassis_Ctrl_Loop
 .text.Debug_Task_Loop
                0x0800a674       0x10 build/Sentry/debug_task.o
                0x0800a674                Debug_Task_Loop
 .text.Gimbal_Task_Init
                0x0800a684       0xc4 build/Sentry/gimbal_task.o
                0x0800a684                Gimbal_Task_Init
 .text.Gimbal_Ctrl_Loop
                0x0800a748      0x210 build/Sentry/gimbal_task.o
                0x0800a748                Gimbal_Ctrl_Loop
 .text._Gimbal_Target_Reset
                0x0800a958       0x14 build/Sentry/gimbal_task.o
                0x0800a958                _Gimbal_Target_Reset
 .text.Gimbal_Task_Disable
                0x0800a96c        0x8 build/Sentry/gimbal_task.o
                0x0800a96c                Gimbal_Task_Disable
 .text.Launch_Task_Init
                0x0800a974       0xf8 build/Sentry/launch_task.o
                0x0800a974                Launch_Task_Init
 .text.Launch_Ctrl_Loop
                0x0800aa6c       0xcc build/Sentry/launch_task.o
                0x0800aa6c                Launch_Ctrl_Loop
 .text.Motor_Task_Loop
                0x0800ab38       0x54 build/Sentry/motor_task.o
                0x0800ab38                Motor_Task_Loop
 .text.Robot_Tasks_UI
                0x0800ab8c       0x14 build/Sentry/robot.o
                0x0800ab8c                Robot_Tasks_UI
 .text.Robot_Tasks_IMU
                0x0800aba0        0x8 build/Sentry/robot.o
                0x0800aba0                Robot_Tasks_IMU
 .text.Robot_Tasks_Motor
                0x0800aba8       0x18 build/Sentry/robot.o
                0x0800aba8                Robot_Tasks_Motor
 .text.Robot_Tasks_Debug
                0x0800abc0       0x18 build/Sentry/robot.o
                0x0800abc0                Robot_Tasks_Debug
 .text.Robot_Tasks_Jetson_Orin
                0x0800abd8       0x1a build/Sentry/robot.o
                0x0800abd8                Robot_Tasks_Jetson_Orin
 .text.Robot_Tasks_Daemon
                0x0800abf2       0x18 build/Sentry/robot.o
                0x0800abf2                Robot_Tasks_Daemon
 .text.Robot_Tasks_C_Board_Comm
                0x0800ac0a       0x1c build/Sentry/robot.o
                0x0800ac0a                Robot_Tasks_C_Board_Comm
 *fill*         0x0800ac26        0x2 
 .text.Robot_Tasks_Start
                0x0800ac28      0x14c build/Sentry/robot.o
                0x0800ac28                Robot_Tasks_Start
 .text.Robot_Init
                0x0800ad74       0xa0 build/Sentry/robot.o
                0x0800ad74                Robot_Init
 .text.Handle_Starting_Up_State
                0x0800ae14       0x3c build/Sentry/robot.o
                0x0800ae14                Handle_Starting_Up_State
 .text.Handle_Disabled_State
                0x0800ae50       0x44 build/Sentry/robot.o
                0x0800ae50                Handle_Disabled_State
 .text.Process_Remote_Input
                0x0800ae94      0x100 build/Sentry/robot.o
                0x0800ae94                Process_Remote_Input
 .text.Process_Chassis_Control
                0x0800af94        0x8 build/Sentry/robot.o
                0x0800af94                Process_Chassis_Control
 .text.Process_Gimbal_Control
                0x0800af9c        0x8 build/Sentry/robot.o
                0x0800af9c                Process_Gimbal_Control
 .text.Process_Launch_Control
                0x0800afa4        0x8 build/Sentry/robot.o
                0x0800afa4                Process_Launch_Control
 .text.Handle_Enabled_State
                0x0800afac       0x38 build/Sentry/robot.o
                0x0800afac                Handle_Enabled_State
 .text.Robot_Command_Loop
                0x0800afe4       0x2c build/Sentry/robot.o
                0x0800afe4                Robot_Command_Loop
 .text.Robot_Tasks_Robot_Command
                0x0800b010       0x18 build/Sentry/robot.o
                0x0800b010                Robot_Tasks_Robot_Command
 .text.Reset_Handler
                0x0800b028       0x50 build/Sentry/startup_stm32f407xx.o
                0x0800b028                Reset_Handler
 .text.Default_Handler
                0x0800b078        0x2 build/Sentry/startup_stm32f407xx.o
                0x0800b078                DMA1_Stream3_IRQHandler
                0x0800b078                HASH_RNG_IRQHandler
                0x0800b078                EXTI2_IRQHandler
                0x0800b078                TIM8_CC_IRQHandler
                0x0800b078                TIM1_CC_IRQHandler
                0x0800b078                DMA1_Stream5_IRQHandler
                0x0800b078                PVD_IRQHandler
                0x0800b078                SDIO_IRQHandler
                0x0800b078                TAMP_STAMP_IRQHandler
                0x0800b078                TIM8_TRG_COM_TIM14_IRQHandler
                0x0800b078                TIM1_UP_TIM10_IRQHandler
                0x0800b078                TIM8_UP_TIM13_IRQHandler
                0x0800b078                I2C3_ER_IRQHandler
                0x0800b078                I2C2_EV_IRQHandler
                0x0800b078                DMA1_Stream2_IRQHandler
                0x0800b078                FPU_IRQHandler
                0x0800b078                OTG_HS_WKUP_IRQHandler
                0x0800b078                CAN2_SCE_IRQHandler
                0x0800b078                DMA2_Stream2_IRQHandler
                0x0800b078                SPI1_IRQHandler
                0x0800b078                TIM6_DAC_IRQHandler
                0x0800b078                TIM1_BRK_TIM9_IRQHandler
                0x0800b078                DCMI_IRQHandler
                0x0800b078                DMA2_Stream3_IRQHandler
                0x0800b078                UART5_IRQHandler
                0x0800b078                DMA2_Stream0_IRQHandler
                0x0800b078                TIM4_IRQHandler
                0x0800b078                I2C1_EV_IRQHandler
                0x0800b078                DMA1_Stream6_IRQHandler
                0x0800b078                UART4_IRQHandler
                0x0800b078                TIM3_IRQHandler
                0x0800b078                RCC_IRQHandler
                0x0800b078                TIM8_BRK_TIM12_IRQHandler
                0x0800b078                Default_Handler
                0x0800b078                EXTI15_10_IRQHandler
                0x0800b078                ADC_IRQHandler
                0x0800b078                DMA1_Stream7_IRQHandler
                0x0800b078                TIM7_IRQHandler
                0x0800b078                CAN2_TX_IRQHandler
                0x0800b078                TIM5_IRQHandler
                0x0800b078                I2C3_EV_IRQHandler
                0x0800b078                RTC_WKUP_IRQHandler
                0x0800b078                ETH_WKUP_IRQHandler
                0x0800b078                SPI2_IRQHandler
                0x0800b078                OTG_HS_EP1_IN_IRQHandler
                0x0800b078                DMA1_Stream0_IRQHandler
                0x0800b078                CAN1_TX_IRQHandler
                0x0800b078                FSMC_IRQHandler
                0x0800b078                ETH_IRQHandler
                0x0800b078                OTG_HS_EP1_OUT_IRQHandler
                0x0800b078                WWDG_IRQHandler
                0x0800b078                OTG_FS_WKUP_IRQHandler
                0x0800b078                TIM1_TRG_COM_TIM11_IRQHandler
                0x0800b078                OTG_HS_IRQHandler
                0x0800b078                EXTI1_IRQHandler
                0x0800b078                USART2_IRQHandler
                0x0800b078                I2C2_ER_IRQHandler
                0x0800b078                CAN1_SCE_IRQHandler
                0x0800b078                FLASH_IRQHandler
                0x0800b078                DMA2_Stream4_IRQHandler
                0x0800b078                OTG_FS_IRQHandler
                0x0800b078                SPI3_IRQHandler
                0x0800b078                DMA1_Stream4_IRQHandler
                0x0800b078                I2C1_ER_IRQHandler
                0x0800b078                RTC_Alarm_IRQHandler
 *fill*         0x0800b07a        0x2 
 .text.calloc   0x0800b07c       0x18 /Applications/ArmGNUToolchain/14.3.rel1/arm-none-eabi/bin/../lib/gcc/arm-none-eabi/14.3.1/../../../../arm-none-eabi/lib/thumb/v7e-m+fp/hard/libc.a(libc_a-calloc.o)
                0x0800b07c                calloc
 .text._calloc_r
                0x0800b094       0x6c /Applications/ArmGNUToolchain/14.3.rel1/arm-none-eabi/bin/../lib/gcc/arm-none-eabi/14.3.1/../../../../arm-none-eabi/lib/thumb/v7e-m+fp/hard/libc.a(libc_a-callocr.o)
                0x0800b094                _calloc_r
 .text.malloc   0x0800b100       0x10 /Applications/ArmGNUToolchain/14.3.rel1/arm-none-eabi/bin/../lib/gcc/arm-none-eabi/14.3.1/../../../../arm-none-eabi/lib/thumb/v7e-m+fp/hard/libc.a(libc_a-malloc.o)
                0x0800b100                malloc
 .text._malloc_r
                0x0800b110      0x598 /Applications/ArmGNUToolchain/14.3.rel1/arm-none-eabi/bin/../lib/gcc/arm-none-eabi/14.3.1/../../../../arm-none-eabi/lib/thumb/v7e-m+fp/hard/libc.a(libc_a-mallocr.o)
                0x0800b110                _malloc_r
 .text.__malloc_lock
                0x0800b6a8        0xc /Applications/ArmGNUToolchain/14.3.rel1/arm-none-eabi/bin/../lib/gcc/arm-none-eabi/14.3.1/../../../../arm-none-eabi/lib/thumb/v7e-m+fp/hard/libc.a(libc_a-mlock.o)
                0x0800b6a8                __malloc_lock
 .text.__malloc_unlock
                0x0800b6b4        0xc /Applications/ArmGNUToolchain/14.3.rel1/arm-none-eabi/bin/../lib/gcc/arm-none-eabi/14.3.1/../../../../arm-none-eabi/lib/thumb/v7e-m+fp/hard/libc.a(libc_a-mlock.o)
                0x0800b6b4                __malloc_unlock
 .text.__sread  0x0800b6c0       0x24 /Applications/ArmGNUToolchain/14.3.rel1/arm-none-eabi/bin/../lib/gcc/arm-none-eabi/14.3.1/../../../../arm-none-eabi/lib/thumb/v7e-m+fp/hard/libc.a(libc_a-stdio.o)
                0x0800b6c0                __sread
 .text.__swrite
                0x0800b6e4       0x40 /Applications/ArmGNUToolchain/14.3.rel1/arm-none-eabi/bin/../lib/gcc/arm-none-eabi/14.3.1/../../../../arm-none-eabi/lib/thumb/v7e-m+fp/hard/libc.a(libc_a-stdio.o)
                0x0800b6e4                __swrite
 .text.__sseek  0x0800b724       0x24 /Applications/ArmGNUToolchain/14.3.rel1/arm-none-eabi/bin/../lib/gcc/arm-none-eabi/14.3.1/../../../../arm-none-eabi/lib/thumb/v7e-m+fp/hard/libc.a(libc_a-stdio.o)
                0x0800b724                __sseek
 .text.__sclose
                0x0800b748        0x8 /Applications/ArmGNUToolchain/14.3.rel1/arm-none-eabi/bin/../lib/gcc/arm-none-eabi/14.3.1/../../../../arm-none-eabi/lib/thumb/v7e-m+fp/hard/libc.a(libc_a-stdio.o)
                0x0800b748                __sclose
 .text.stdio_exit_handler
                0x0800b750       0x18 /Applications/ArmGNUToolchain/14.3.rel1/arm-none-eabi/bin/../lib/gcc/arm-none-eabi/14.3.1/../../../../arm-none-eabi/lib/thumb/v7e-m+fp/hard/libc.a(libc_a-findfp.o)
 .text.cleanup_stdio
                0x0800b768       0x40 /Applications/ArmGNUToolchain/14.3.rel1/arm-none-eabi/bin/../lib/gcc/arm-none-eabi/14.3.1/../../../../arm-none-eabi/lib/thumb/v7e-m+fp/hard/libc.a(libc_a-findfp.o)
 .text.global_stdio_init.part.0
                0x0800b7a8       0xf0 /Applications/ArmGNUToolchain/14.3.rel1/arm-none-eabi/bin/../lib/gcc/arm-none-eabi/14.3.1/../../../../arm-none-eabi/lib/thumb/v7e-m+fp/hard/libc.a(libc_a-findfp.o)
 .text.__sinit  0x0800b898       0x3c /Applications/ArmGNUToolchain/14.3.rel1/arm-none-eabi/bin/../lib/gcc/arm-none-eabi/14.3.1/../../../../arm-none-eabi/lib/thumb/v7e-m+fp/hard/libc.a(libc_a-findfp.o)
                0x0800b898                __sinit
 .text.__sfp_lock_acquire
                0x0800b8d4        0xc /Applications/ArmGNUToolchain/14.3.rel1/arm-none-eabi/bin/../lib/gcc/arm-none-eabi/14.3.1/../../../../arm-none-eabi/lib/thumb/v7e-m+fp/hard/libc.a(libc_a-findfp.o)
                0x0800b8d4                __sfp_lock_acquire
 .text.__sfp_lock_release
                0x0800b8e0        0xc /Applications/ArmGNUToolchain/14.3.rel1/arm-none-eabi/bin/../lib/gcc/arm-none-eabi/14.3.1/../../../../arm-none-eabi/lib/thumb/v7e-m+fp/hard/libc.a(libc_a-findfp.o)
                0x0800b8e0                __sfp_lock_release
 .text.vsnprintf
                0x0800b8ec       0x78 /Applications/ArmGNUToolchain/14.3.rel1/arm-none-eabi/bin/../lib/gcc/arm-none-eabi/14.3.1/../../../../arm-none-eabi/lib/thumb/v7e-m+fp/hard/libc.a(libc_a-vsnprintf.o)
                0x0800b8ec                vsnprintf
 .text.memset   0x0800b964       0x9c /Applications/ArmGNUToolchain/14.3.rel1/arm-none-eabi/bin/../lib/gcc/arm-none-eabi/14.3.1/../../../../arm-none-eabi/lib/thumb/v7e-m+fp/hard/libc.a(libc_a-memset.o)
                0x0800b964                memset
 .text._close_r
                0x0800ba00       0x24 /Applications/ArmGNUToolchain/14.3.rel1/arm-none-eabi/bin/../lib/gcc/arm-none-eabi/14.3.1/../../../../arm-none-eabi/lib/thumb/v7e-m+fp/hard/libc.a(libc_a-closer.o)
                0x0800ba00                _close_r
 .text._lseek_r
                0x0800ba24       0x2c /Applications/ArmGNUToolchain/14.3.rel1/arm-none-eabi/bin/../lib/gcc/arm-none-eabi/14.3.1/../../../../arm-none-eabi/lib/thumb/v7e-m+fp/hard/libc.a(libc_a-lseekr.o)
                0x0800ba24                _lseek_r
 .text._read_r  0x0800ba50       0x2c /Applications/ArmGNUToolchain/14.3.rel1/arm-none-eabi/bin/../lib/gcc/arm-none-eabi/14.3.1/../../../../arm-none-eabi/lib/thumb/v7e-m+fp/hard/libc.a(libc_a-readr.o)
                0x0800ba50                _read_r
 .text._sbrk_r  0x0800ba7c       0x24 /Applications/ArmGNUToolchain/14.3.rel1/arm-none-eabi/bin/../lib/gcc/arm-none-eabi/14.3.1/../../../../arm-none-eabi/lib/thumb/v7e-m+fp/hard/libc.a(libc_a-sbrkr.o)
                0x0800ba7c                _sbrk_r
 .text._write_r
                0x0800baa0       0x2c /Applications/ArmGNUToolchain/14.3.rel1/arm-none-eabi/bin/../lib/gcc/arm-none-eabi/14.3.1/../../../../arm-none-eabi/lib/thumb/v7e-m+fp/hard/libc.a(libc_a-writer.o)
                0x0800baa0                _write_r
 .text.__errno  0x0800bacc        0xc /Applications/ArmGNUToolchain/14.3.rel1/arm-none-eabi/bin/../lib/gcc/arm-none-eabi/14.3.1/../../../../arm-none-eabi/lib/thumb/v7e-m+fp/hard/libc.a(libc_a-errno.o)
                0x0800bacc                __errno
 .text.sysconf  0x0800bad8       0x1c /Applications/ArmGNUToolchain/14.3.rel1/arm-none-eabi/bin/../lib/gcc/arm-none-eabi/14.3.1/../../../../arm-none-eabi/lib/thumb/v7e-m+fp/hard/libc.a(libc_a-sysconf.o)
                0x0800bad8                sysconf
 .text.__libc_init_array
                0x0800baf4       0x50 /Applications/ArmGNUToolchain/14.3.rel1/arm-none-eabi/bin/../lib/gcc/arm-none-eabi/14.3.1/../../../../arm-none-eabi/lib/thumb/v7e-m+fp/hard/libc.a(libc_a-init.o)
                0x0800baf4                __libc_init_array
 .text.__retarget_lock_init_recursive
                0x0800bb44        0x4 /Applications/ArmGNUToolchain/14.3.rel1/arm-none-eabi/bin/../lib/gcc/arm-none-eabi/14.3.1/../../../../arm-none-eabi/lib/thumb/v7e-m+fp/hard/libc.a(libc_a-lock.o)
                0x0800bb44                __retarget_lock_init_recursive
 .text.__retarget_lock_close_recursive
                0x0800bb48        0x4 /Applications/ArmGNUToolchain/14.3.rel1/arm-none-eabi/bin/../lib/gcc/arm-none-eabi/14.3.1/../../../../arm-none-eabi/lib/thumb/v7e-m+fp/hard/libc.a(libc_a-lock.o)
                0x0800bb48                __retarget_lock_close_recursive
 .text.__retarget_lock_acquire_recursive
                0x0800bb4c        0x4 /Applications/ArmGNUToolchain/14.3.rel1/arm-none-eabi/bin/../lib/gcc/arm-none-eabi/14.3.1/../../../../arm-none-eabi/lib/thumb/v7e-m+fp/hard/libc.a(libc_a-lock.o)
                0x0800bb4c                __retarget_lock_acquire_recursive
 .text.__retarget_lock_release_recursive
                0x0800bb50        0x4 /Applications/ArmGNUToolchain/14.3.rel1/arm-none-eabi/bin/../lib/gcc/arm-none-eabi/14.3.1/../../../../arm-none-eabi/lib/thumb/v7e-m+fp/hard/libc.a(libc_a-lock.o)
                0x0800bb50                __retarget_lock_release_recursive
 .text.startup.register_fini
                0x0800bb54       0x14 /Applications/ArmGNUToolchain/14.3.rel1/arm-none-eabi/bin/../lib/gcc/arm-none-eabi/14.3.1/../../../../arm-none-eabi/lib/thumb/v7e-m+fp/hard/libc.a(libc_a-__call_atexit.o)
 .text.atexit   0x0800bb68        0xc /Applications/ArmGNUToolchain/14.3.rel1/arm-none-eabi/bin/../lib/gcc/arm-none-eabi/14.3.1/../../../../arm-none-eabi/lib/thumb/v7e-m+fp/hard/libc.a(libc_a-atexit.o)
                0x0800bb68                atexit
 .text._malloc_trim_r
                0x0800bb74       0xb8 /Applications/ArmGNUToolchain/14.3.rel1/arm-none-eabi/bin/../lib/gcc/arm-none-eabi/14.3.1/../../../../arm-none-eabi/lib/thumb/v7e-m+fp/hard/libc.a(libc_a-freer.o)
                0x0800bb74                _malloc_trim_r
 .text._free_r  0x0800bc2c      0x1f0 /Applications/ArmGNUToolchain/14.3.rel1/arm-none-eabi/bin/../lib/gcc/arm-none-eabi/14.3.1/../../../../arm-none-eabi/lib/thumb/v7e-m+fp/hard/libc.a(libc_a-freer.o)
                0x0800bc2c                _free_r
 *fill*         0x0800be1c        0x4 
 .text._svfprintf_r
                0x0800be20     0x21f0 /Applications/ArmGNUToolchain/14.3.rel1/arm-none-eabi/bin/../lib/gcc/arm-none-eabi/14.3.1/../../../../arm-none-eabi/lib/thumb/v7e-m+fp/hard/libc.a(libc_a-svfprintf.o)
                0x0800be20                _svfprintf_r
 .text._fwalk_sglue
                0x0800e010       0x44 /Applications/ArmGNUToolchain/14.3.rel1/arm-none-eabi/bin/../lib/gcc/arm-none-eabi/14.3.1/../../../../arm-none-eabi/lib/thumb/v7e-m+fp/hard/libc.a(libc_a-fwalk.o)
                0x0800e010                _fwalk_sglue
 .text._realloc_r
                0x0800e054      0x348 /Applications/ArmGNUToolchain/14.3.rel1/arm-none-eabi/bin/../lib/gcc/arm-none-eabi/14.3.1/../../../../arm-none-eabi/lib/thumb/v7e-m+fp/hard/libc.a(libc_a-reallocr.o)
                0x0800e054                _realloc_r
 .text.__ssprint_r
                0x0800e39c       0x58 /Applications/ArmGNUToolchain/14.3.rel1/arm-none-eabi/bin/../lib/gcc/arm-none-eabi/14.3.1/../../../../arm-none-eabi/lib/thumb/v7e-m+fp/hard/libc.a(libc_a-ssprint_r.o)
                0x0800e39c                __ssprint_r
 .text._fclose_r
                0x0800e3f4       0xc0 /Applications/ArmGNUToolchain/14.3.rel1/arm-none-eabi/bin/../lib/gcc/arm-none-eabi/14.3.1/../../../../arm-none-eabi/lib/thumb/v7e-m+fp/hard/libc.a(libc_a-fclose.o)
                0x0800e3f4                _fclose_r
 .text.__sflush_r
                0x0800e4b4      0x138 /Applications/ArmGNUToolchain/14.3.rel1/arm-none-eabi/bin/../lib/gcc/arm-none-eabi/14.3.1/../../../../arm-none-eabi/lib/thumb/v7e-m+fp/hard/libc.a(libc_a-fflush.o)
                0x0800e4b4                __sflush_r
 .text._fflush_r
                0x0800e5ec       0x54 /Applications/ArmGNUToolchain/14.3.rel1/arm-none-eabi/bin/../lib/gcc/arm-none-eabi/14.3.1/../../../../arm-none-eabi/lib/thumb/v7e-m+fp/hard/libc.a(libc_a-fflush.o)
                0x0800e5ec                _fflush_r
 .text.memmove  0x0800e640      0x130 /Applications/ArmGNUToolchain/14.3.rel1/arm-none-eabi/bin/../lib/gcc/arm-none-eabi/14.3.1/../../../../arm-none-eabi/lib/thumb/v7e-m+fp/hard/libc.a(libc_a-memmove.o)
                0x0800e640                memmove
 .text.strncpy  0x0800e770       0x68 /Applications/ArmGNUToolchain/14.3.rel1/arm-none-eabi/bin/../lib/gcc/arm-none-eabi/14.3.1/../../../../arm-none-eabi/lib/thumb/v7e-m+fp/hard/libc.a(libc_a-strncpy.o)
                0x0800e770                strncpy
 .text.__locale_mb_cur_max
                0x0800e7d8        0xc /Applications/ArmGNUToolchain/14.3.rel1/arm-none-eabi/bin/../lib/gcc/arm-none-eabi/14.3.1/../../../../arm-none-eabi/lib/thumb/v7e-m+fp/hard/libc.a(libc_a-locale.o)
                0x0800e7d8                __locale_mb_cur_max
 .text._localeconv_r
                0x0800e7e4        0x8 /Applications/ArmGNUToolchain/14.3.rel1/arm-none-eabi/bin/../lib/gcc/arm-none-eabi/14.3.1/../../../../arm-none-eabi/lib/thumb/v7e-m+fp/hard/libc.a(libc_a-localeconv.o)
                0x0800e7e4                _localeconv_r
 .text.__libc_fini_array
                0x0800e7ec       0x28 /Applications/ArmGNUToolchain/14.3.rel1/arm-none-eabi/bin/../lib/gcc/arm-none-eabi/14.3.1/../../../../arm-none-eabi/lib/thumb/v7e-m+fp/hard/libc.a(libc_a-fini.o)
                0x0800e7ec                __libc_fini_array
 .text._wcrtomb_r
                0x0800e814       0x4c /Applications/ArmGNUToolchain/14.3.rel1/arm-none-eabi/bin/../lib/gcc/arm-none-eabi/14.3.1/../../../../arm-none-eabi/lib/thumb/v7e-m+fp/hard/libc.a(libc_a-wcrtomb.o)
                0x0800e814                _wcrtomb_r
 .text._wcsrtombs_r
                0x0800e860       0x18 /Applications/ArmGNUToolchain/14.3.rel1/arm-none-eabi/bin/../lib/gcc/arm-none-eabi/14.3.1/../../../../arm-none-eabi/lib/thumb/v7e-m+fp/hard/libc.a(libc_a-wcsrtombs.o)
                0x0800e860                _wcsrtombs_r
 .text.__register_exitproc
                0x0800e878       0x80 /Applications/ArmGNUToolchain/14.3.rel1/arm-none-eabi/bin/../lib/gcc/arm-none-eabi/14.3.1/../../../../arm-none-eabi/lib/thumb/v7e-m+fp/hard/libc.a(libc_a-__atexit.o)
                0x0800e878                __register_exitproc
 .text.nanf     0x0800e8f8        0xc /Applications/ArmGNUToolchain/14.3.rel1/arm-none-eabi/bin/../lib/gcc/arm-none-eabi/14.3.1/../../../../arm-none-eabi/lib/thumb/v7e-m+fp/hard/libc.a(libm_a-sf_nan.o)
                0x0800e8f8                nanf
 .text.frexp    0x0800e904       0x64 /Applications/ArmGNUToolchain/14.3.rel1/arm-none-eabi/bin/../lib/gcc/arm-none-eabi/14.3.1/../../../../arm-none-eabi/lib/thumb/v7e-m+fp/hard/libc.a(libm_a-s_frexp.o)
                0x0800e904                frexp
 .text.quorem   0x0800e968      0x12c /Applications/ArmGNUToolchain/14.3.rel1/arm-none-eabi/bin/../lib/gcc/arm-none-eabi/14.3.1/../../../../arm-none-eabi/lib/thumb/v7e-m+fp/hard/libc.a(libc_a-dtoa.o)
 *fill*         0x0800ea94        0x4 
 .text._dtoa_r  0x0800ea98     0x1030 /Applications/ArmGNUToolchain/14.3.rel1/arm-none-eabi/bin/../lib/gcc/arm-none-eabi/14.3.1/../../../../arm-none-eabi/lib/thumb/v7e-m+fp/hard/libc.a(libc_a-dtoa.o)
                0x0800ea98                _dtoa_r
 .text.__ascii_mbtowc
                0x0800fac8       0x2c /Applications/ArmGNUToolchain/14.3.rel1/arm-none-eabi/bin/../lib/gcc/arm-none-eabi/14.3.1/../../../../arm-none-eabi/lib/thumb/v7e-m+fp/hard/libc.a(libc_a-mbtowc_r.o)
                0x0800fac8                __ascii_mbtowc
 .text._Balloc  0x0800faf4       0x4c /Applications/ArmGNUToolchain/14.3.rel1/arm-none-eabi/bin/../lib/gcc/arm-none-eabi/14.3.1/../../../../arm-none-eabi/lib/thumb/v7e-m+fp/hard/libc.a(libc_a-mprec.o)
                0x0800faf4                _Balloc
 .text._Bfree   0x0800fb40       0x14 /Applications/ArmGNUToolchain/14.3.rel1/arm-none-eabi/bin/../lib/gcc/arm-none-eabi/14.3.1/../../../../arm-none-eabi/lib/thumb/v7e-m+fp/hard/libc.a(libc_a-mprec.o)
                0x0800fb40                _Bfree
 .text.__multadd
                0x0800fb54       0xa0 /Applications/ArmGNUToolchain/14.3.rel1/arm-none-eabi/bin/../lib/gcc/arm-none-eabi/14.3.1/../../../../arm-none-eabi/lib/thumb/v7e-m+fp/hard/libc.a(libc_a-mprec.o)
                0x0800fb54                __multadd
 .text.__hi0bits
                0x0800fbf4       0x54 /Applications/ArmGNUToolchain/14.3.rel1/arm-none-eabi/bin/../lib/gcc/arm-none-eabi/14.3.1/../../../../arm-none-eabi/lib/thumb/v7e-m+fp/hard/libc.a(libc_a-mprec.o)
                0x0800fbf4                __hi0bits
 .text.__lo0bits
                0x0800fc48       0x80 /Applications/ArmGNUToolchain/14.3.rel1/arm-none-eabi/bin/../lib/gcc/arm-none-eabi/14.3.1/../../../../arm-none-eabi/lib/thumb/v7e-m+fp/hard/libc.a(libc_a-mprec.o)
                0x0800fc48                __lo0bits
 .text.__i2b    0x0800fcc8       0x5c /Applications/ArmGNUToolchain/14.3.rel1/arm-none-eabi/bin/../lib/gcc/arm-none-eabi/14.3.1/../../../../arm-none-eabi/lib/thumb/v7e-m+fp/hard/libc.a(libc_a-mprec.o)
                0x0800fcc8                __i2b
 .text.__multiply
                0x0800fd24      0x16c /Applications/ArmGNUToolchain/14.3.rel1/arm-none-eabi/bin/../lib/gcc/arm-none-eabi/14.3.1/../../../../arm-none-eabi/lib/thumb/v7e-m+fp/hard/libc.a(libc_a-mprec.o)
                0x0800fd24                __multiply
 .text.__pow5mult
                0x0800fe90       0xc0 /Applications/ArmGNUToolchain/14.3.rel1/arm-none-eabi/bin/../lib/gcc/arm-none-eabi/14.3.1/../../../../arm-none-eabi/lib/thumb/v7e-m+fp/hard/libc.a(libc_a-mprec.o)
                0x0800fe90                __pow5mult
 .text.__lshift
                0x0800ff50       0xe8 /Applications/ArmGNUToolchain/14.3.rel1/arm-none-eabi/bin/../lib/gcc/arm-none-eabi/14.3.1/../../../../arm-none-eabi/lib/thumb/v7e-m+fp/hard/libc.a(libc_a-mprec.o)
                0x0800ff50                __lshift
 .text.__mcmp   0x08010038       0x44 /Applications/ArmGNUToolchain/14.3.rel1/arm-none-eabi/bin/../lib/gcc/arm-none-eabi/14.3.1/../../../../arm-none-eabi/lib/thumb/v7e-m+fp/hard/libc.a(libc_a-mprec.o)
                0x08010038                __mcmp
 .text.__mdiff  0x0801007c      0x174 /Applications/ArmGNUToolchain/14.3.rel1/arm-none-eabi/bin/../lib/gcc/arm-none-eabi/14.3.1/../../../../arm-none-eabi/lib/thumb/v7e-m+fp/hard/libc.a(libc_a-mprec.o)
                0x0801007c                __mdiff
 .text.__d2b    0x080101f0       0xbc /Applications/ArmGNUToolchain/14.3.rel1/arm-none-eabi/bin/../lib/gcc/arm-none-eabi/14.3.1/../../../../arm-none-eabi/lib/thumb/v7e-m+fp/hard/libc.a(libc_a-mprec.o)
                0x080101f0                __d2b
 .text.__ssputs_r
                0x080102ac       0xc0 /Applications/ArmGNUToolchain/14.3.rel1/arm-none-eabi/bin/../lib/gcc/arm-none-eabi/14.3.1/../../../../arm-none-eabi/lib/thumb/v7e-m+fp/hard/libc.a(libc_a-ssputs_r.o)
                0x080102ac                __ssputs_r
 .text.__ascii_wctomb
                0x0801036c       0x1c /Applications/ArmGNUToolchain/14.3.rel1/arm-none-eabi/bin/../lib/gcc/arm-none-eabi/14.3.1/../../../../arm-none-eabi/lib/thumb/v7e-m+fp/hard/libc.a(libc_a-wctomb_r.o)
                0x0801036c                __ascii_wctomb
 .text._wcsnrtombs_l
                0x08010388       0xf0 /Applications/ArmGNUToolchain/14.3.rel1/arm-none-eabi/bin/../lib/gcc/arm-none-eabi/14.3.1/../../../../arm-none-eabi/lib/thumb/v7e-m+fp/hard/libc.a(libc_a-wcsnrtombs.o)
                0x08010388                _wcsnrtombs_l
 .text._wcsnrtombs_r
                0x08010478       0x24 /Applications/ArmGNUToolchain/14.3.rel1/arm-none-eabi/bin/../lib/gcc/arm-none-eabi/14.3.1/../../../../arm-none-eabi/lib/thumb/v7e-m+fp/hard/libc.a(libc_a-wcsnrtombs.o)
                0x08010478                _wcsnrtombs_r
 .text.__assert_func
                0x0801049c       0x40 /Applications/ArmGNUToolchain/14.3.rel1/arm-none-eabi/bin/../lib/gcc/arm-none-eabi/14.3.1/../../../../arm-none-eabi/lib/thumb/v7e-m+fp/hard/libc.a(libc_a-assert.o)
                0x0801049c                __assert_func
 .text.fiprintf
                0x080104dc       0x28 /Applications/ArmGNUToolchain/14.3.rel1/arm-none-eabi/bin/../lib/gcc/arm-none-eabi/14.3.1/../../../../arm-none-eabi/lib/thumb/v7e-m+fp/hard/libc.a(libc_a-fiprintf.o)
                0x080104dc                fiprintf
 .text._vfiprintf_r
                0x08010504     0x1288 /Applications/ArmGNUToolchain/14.3.rel1/arm-none-eabi/bin/../lib/gcc/arm-none-eabi/14.3.1/../../../../arm-none-eabi/lib/thumb/v7e-m+fp/hard/libc.a(libc_a-vfiprintf.o)
                0x08010504                _vfiprintf_r
 .text.__sbprintf
                0x0801178c       0x84 /Applications/ArmGNUToolchain/14.3.rel1/arm-none-eabi/bin/../lib/gcc/arm-none-eabi/14.3.1/../../../../arm-none-eabi/lib/thumb/v7e-m+fp/hard/libc.a(libc_a-vfiprintf.o)
 .text.__sprint_r
                0x08011810       0x20 /Applications/ArmGNUToolchain/14.3.rel1/arm-none-eabi/bin/../lib/gcc/arm-none-eabi/14.3.1/../../../../arm-none-eabi/lib/thumb/v7e-m+fp/hard/libc.a(libc_a-sprint_r.o)
                0x08011810                __sprint_r
 .text.__swsetup_r
                0x08011830       0xfc /Applications/ArmGNUToolchain/14.3.rel1/arm-none-eabi/bin/../lib/gcc/arm-none-eabi/14.3.1/../../../../arm-none-eabi/lib/thumb/v7e-m+fp/hard/libc.a(libc_a-wsetup.o)
                0x08011830                __swsetup_r
 .text.abort    0x0801192c       0x10 /Applications/ArmGNUToolchain/14.3.rel1/arm-none-eabi/bin/../lib/gcc/arm-none-eabi/14.3.1/../../../../arm-none-eabi/lib/thumb/v7e-m+fp/hard/libc.a(libc_a-abort.o)
                0x0801192c                abort
 .text.__sfvwrite_r
                0x0801193c      0x2ec /Applications/ArmGNUToolchain/14.3.rel1/arm-none-eabi/bin/../lib/gcc/arm-none-eabi/14.3.1/../../../../arm-none-eabi/lib/thumb/v7e-m+fp/hard/libc.a(libc_a-fvwrite.o)
                0x0801193c                __sfvwrite_r
 .text.__smakebuf_r
                0x08011c28       0xd0 /Applications/ArmGNUToolchain/14.3.rel1/arm-none-eabi/bin/../lib/gcc/arm-none-eabi/14.3.1/../../../../arm-none-eabi/lib/thumb/v7e-m+fp/hard/libc.a(libc_a-makebuf.o)
                0x08011c28                __smakebuf_r
 .text.raise    0x08011cf8       0x58 /Applications/ArmGNUToolchain/14.3.rel1/arm-none-eabi/bin/../lib/gcc/arm-none-eabi/14.3.1/../../../../arm-none-eabi/lib/thumb/v7e-m+fp/hard/libc.a(libc_a-signal.o)
                0x08011cf8                raise
 .text._fstat_r
                0x08011d50       0x2c /Applications/ArmGNUToolchain/14.3.rel1/arm-none-eabi/bin/../lib/gcc/arm-none-eabi/14.3.1/../../../../arm-none-eabi/lib/thumb/v7e-m+fp/hard/libc.a(libc_a-fstatr.o)
                0x08011d50                _fstat_r
 .text._isatty_r
                0x08011d7c       0x24 /Applications/ArmGNUToolchain/14.3.rel1/arm-none-eabi/bin/../lib/gcc/arm-none-eabi/14.3.1/../../../../arm-none-eabi/lib/thumb/v7e-m+fp/hard/libc.a(libc_a-isattyr.o)
                0x08011d7c                _isatty_r
 .text._kill_r  0x08011da0       0x2c /Applications/ArmGNUToolchain/14.3.rel1/arm-none-eabi/bin/../lib/gcc/arm-none-eabi/14.3.1/../../../../arm-none-eabi/lib/thumb/v7e-m+fp/hard/libc.a(libc_a-signalr.o)
                0x08011da0                _kill_r
 .text._getpid_r
                0x08011dcc        0x4 /Applications/ArmGNUToolchain/14.3.rel1/arm-none-eabi/bin/../lib/gcc/arm-none-eabi/14.3.1/../../../../arm-none-eabi/lib/thumb/v7e-m+fp/hard/libc.a(libc_a-signalr.o)
                0x08011dcc                _getpid_r
 .text.asinf    0x08011dd0       0x58 /Applications/ArmGNUToolchain/14.3.rel1/arm-none-eabi/bin/../lib/gcc/arm-none-eabi/14.3.1/../../../../arm-none-eabi/lib/thumb/v7e-m+fp/hard/libm.a(libm_a-wf_asin.o)
                0x08011dd0                asinf
 .text.atan2f   0x08011e28        0x4 /Applications/ArmGNUToolchain/14.3.rel1/arm-none-eabi/bin/../lib/gcc/arm-none-eabi/14.3.1/../../../../arm-none-eabi/lib/thumb/v7e-m+fp/hard/libm.a(libm_a-wf_atan2.o)
                0x08011e28                atan2f
 .text.fabsf    0x08011e2c       0x10 /Applications/ArmGNUToolchain/14.3.rel1/arm-none-eabi/bin/../lib/gcc/arm-none-eabi/14.3.1/../../../../arm-none-eabi/lib/thumb/v7e-m+fp/hard/libm.a(libm_a-sf_fabs.o)
                0x08011e2c                fabsf
 *fill*         0x08011e3c        0x4 
 .text.cos      0x08011e40       0x88 /Applications/ArmGNUToolchain/14.3.rel1/arm-none-eabi/bin/../lib/gcc/arm-none-eabi/14.3.1/../../../../arm-none-eabi/lib/thumb/v7e-m+fp/hard/libm.a(libm_a-s_cos.o)
                0x08011e40                cos
 .text.sin      0x08011ec8       0x90 /Applications/ArmGNUToolchain/14.3.rel1/arm-none-eabi/bin/../lib/gcc/arm-none-eabi/14.3.1/../../../../arm-none-eabi/lib/thumb/v7e-m+fp/hard/libm.a(libm_a-s_sin.o)
                0x08011ec8                sin
 .text.__ieee754_asinf
                0x08011f58      0x1f4 /Applications/ArmGNUToolchain/14.3.rel1/arm-none-eabi/bin/../lib/gcc/arm-none-eabi/14.3.1/../../../../arm-none-eabi/lib/thumb/v7e-m+fp/hard/libm.a(libm_a-ef_asin.o)
                0x08011f58                __ieee754_asinf
 .text.__ieee754_atan2f
                0x0801214c      0x14c /Applications/ArmGNUToolchain/14.3.rel1/arm-none-eabi/bin/../lib/gcc/arm-none-eabi/14.3.1/../../../../arm-none-eabi/lib/thumb/v7e-m+fp/hard/libm.a(libm_a-ef_atan2.o)
                0x0801214c                __ieee754_atan2f
 .text.__ieee754_sqrtf
                0x08012298        0x8 /Applications/ArmGNUToolchain/14.3.rel1/arm-none-eabi/bin/../lib/gcc/arm-none-eabi/14.3.1/../../../../arm-none-eabi/lib/thumb/v7e-m+fp/hard/libm.a(libm_a-ef_sqrt.o)
                0x08012298                __ieee754_sqrtf
 .text.__ieee754_rem_pio2
                0x080122a0      0x424 /Applications/ArmGNUToolchain/14.3.rel1/arm-none-eabi/bin/../lib/gcc/arm-none-eabi/14.3.1/../../../../arm-none-eabi/lib/thumb/v7e-m+fp/hard/libm.a(libm_a-e_rem_pio2.o)
                0x080122a0                __ieee754_rem_pio2
 *fill*         0x080126c4        0x4 
 .text.__kernel_rem_pio2
                0x080126c8      0x888 /Applications/ArmGNUToolchain/14.3.rel1/arm-none-eabi/bin/../lib/gcc/arm-none-eabi/14.3.1/../../../../arm-none-eabi/lib/thumb/v7e-m+fp/hard/libm.a(libm_a-k_rem_pio2.o)
                0x080126c8                __kernel_rem_pio2
 .text.__kernel_cos
                0x08012f50      0x26c /Applications/ArmGNUToolchain/14.3.rel1/arm-none-eabi/bin/../lib/gcc/arm-none-eabi/14.3.1/../../../../arm-none-eabi/lib/thumb/v7e-m+fp/hard/libm.a(libm_a-k_cos.o)
                0x08012f50                __kernel_cos
 *fill*         0x080131bc        0x4 
 .text.__kernel_sin
                0x080131c0      0x184 /Applications/ArmGNUToolchain/14.3.rel1/arm-none-eabi/bin/../lib/gcc/arm-none-eabi/14.3.1/../../../../arm-none-eabi/lib/thumb/v7e-m+fp/hard/libm.a(libm_a-k_sin.o)
                0x080131c0                __kernel_sin
 .text.atanf    0x08013344      0x1a4 /Applications/ArmGNUToolchain/14.3.rel1/arm-none-eabi/bin/../lib/gcc/arm-none-eabi/14.3.1/../../../../arm-none-eabi/lib/thumb/v7e-m+fp/hard/libm.a(libm_a-sf_atan.o)
                0x08013344                atanf
 .text.fabs     0x080134e8       0x10 /Applications/ArmGNUToolchain/14.3.rel1/arm-none-eabi/bin/../lib/gcc/arm-none-eabi/14.3.1/../../../../arm-none-eabi/lib/thumb/v7e-m+fp/hard/libm.a(libm_a-s_fabs.o)
                0x080134e8                fabs