Archive member included to satisfy reference by file (symbol)

/Applications/ArmGNUToolchain/14.3.rel1/arm-none-eabi/bin/../lib/gcc/arm-none-eabi/14.3.1/../../../../arm-none-eabi/lib/thumb/v7e-m+fp/hard/libc.a(libc_a-calloc.o)
                              build/Minibot/dji_motor.o (calloc)
/Applications/ArmGNUToolchain/14.3.rel1/arm-none-eabi/bin/../lib/gcc/arm-none-eabi/14.3.1/../../../../arm-none-eabi/lib/thumb/v7e-m+fp/hard/libc.a(libc_a-callocr.o)
                              /Applications/ArmGNUToolchain/14.3.rel1/arm-none-eabi/bin/../lib/gcc/arm-none-eabi/14.3.1/../../../../arm-none-eabi/lib/thumb/v7e-m+fp/hard/libc.a(libc_a-calloc.o) (_calloc_r)
/Applications/ArmGNUToolchain/14.3.rel1/arm-none-eabi/bin/../lib/gcc/arm-none-eabi/14.3.1/../../../../arm-none-eabi/lib/thumb/v7e-m+fp/hard/libc.a(libc_a-exit.o)
                              /Applications/ArmGNUToolchain/14.3.rel1/arm-none-eabi/bin/../lib/gcc/arm-none-eabi/14.3.1/../../../../arm-none-eabi/lib/thumb/v7e-m+fp/hard/crt0.o (exit)
/Applications/ArmGNUToolchain/14.3.rel1/arm-none-eabi/bin/../lib/gcc/arm-none-eabi/14.3.1/../../../../arm-none-eabi/lib/thumb/v7e-m+fp/hard/libc.a(libc_a-malloc.o)
                              build/Minibot/bsp_can.o (malloc)
/Applications/ArmGNUToolchain/14.3.rel1/arm-none-eabi/bin/../lib/gcc/arm-none-eabi/14.3.1/../../../../arm-none-eabi/lib/thumb/v7e-m+fp/hard/libc.a(libc_a-mallocr.o)
                              /Applications/ArmGNUToolchain/14.3.rel1/arm-none-eabi/bin/../lib/gcc/arm-none-eabi/14.3.1/../../../../arm-none-eabi/lib/thumb/v7e-m+fp/hard/libc.a(libc_a-callocr.o) (_malloc_r)
/Applications/ArmGNUToolchain/14.3.rel1/arm-none-eabi/bin/../lib/gcc/arm-none-eabi/14.3.1/../../../../arm-none-eabi/lib/thumb/v7e-m+fp/hard/libc.a(libc_a-mlock.o)
                              /Applications/ArmGNUToolchain/14.3.rel1/arm-none-eabi/bin/../lib/gcc/arm-none-eabi/14.3.1/../../../../arm-none-eabi/lib/thumb/v7e-m+fp/hard/libc.a(libc_a-mallocr.o) (__malloc_lock)
/Applications/ArmGNUToolchain/14.3.rel1/arm-none-eabi/bin/../lib/gcc/arm-none-eabi/14.3.1/../../../../arm-none-eabi/lib/thumb/v7e-m+fp/hard/libc.a(libc_a-sprintf.o)
                              build/Minibot/tasks.o (sprintf)
/Applications/ArmGNUToolchain/14.3.rel1/arm-none-eabi/bin/../lib/gcc/arm-none-eabi/14.3.1/../../../../arm-none-eabi/lib/thumb/v7e-m+fp/hard/libc.a(libc_a-sscanf.o)
                              build/Minibot/supercap.o (sscanf)
/Applications/ArmGNUToolchain/14.3.rel1/arm-none-eabi/bin/../lib/gcc/arm-none-eabi/14.3.1/../../../../arm-none-eabi/lib/thumb/v7e-m+fp/hard/libc.a(libc_a-stdio.o)
                              /Applications/ArmGNUToolchain/14.3.rel1/arm-none-eabi/bin/../lib/gcc/arm-none-eabi/14.3.1/../../../../arm-none-eabi/lib/thumb/v7e-m+fp/hard/libc.a(libc_a-sscanf.o) (__seofread)
/Applications/ArmGNUToolchain/14.3.rel1/arm-none-eabi/bin/../lib/gcc/arm-none-eabi/14.3.1/../../../../arm-none-eabi/lib/thumb/v7e-m+fp/hard/libc.a(libc_a-findfp.o)
                              /Applications/ArmGNUToolchain/14.3.rel1/arm-none-eabi/bin/../lib/gcc/arm-none-eabi/14.3.1/../../../../arm-none-eabi/lib/thumb/v7e-m+fp/hard/libc.a(libc_a-exit.o) (__stdio_exit_handler)
/Applications/ArmGNUToolchain/14.3.rel1/arm-none-eabi/bin/../lib/gcc/arm-none-eabi/14.3.1/../../../../arm-none-eabi/lib/thumb/v7e-m+fp/hard/libc.a(libc_a-vsnprintf.o)
                              build/Minibot/bsp_serial.o (vsnprintf)
/Applications/ArmGNUToolchain/14.3.rel1/arm-none-eabi/bin/../lib/gcc/arm-none-eabi/14.3.1/../../../../arm-none-eabi/lib/thumb/v7e-m+fp/hard/libc.a(libc_a-memset.o)
                              /Applications/ArmGNUToolchain/14.3.rel1/arm-none-eabi/bin/../lib/gcc/arm-none-eabi/14.3.1/../../../../arm-none-eabi/lib/thumb/v7e-m+fp/hard/crt0.o (memset)
/Applications/ArmGNUToolchain/14.3.rel1/arm-none-eabi/bin/../lib/gcc/arm-none-eabi/14.3.1/../../../../arm-none-eabi/lib/thumb/v7e-m+fp/hard/libc.a(libc_a-closer.o)
                              /Applications/ArmGNUToolchain/14.3.rel1/arm-none-eabi/bin/../lib/gcc/arm-none-eabi/14.3.1/../../../../arm-none-eabi/lib/thumb/v7e-m+fp/hard/libc.a(libc_a-stdio.o) (_close_r)
/Applications/ArmGNUToolchain/14.3.rel1/arm-none-eabi/bin/../lib/gcc/arm-none-eabi/14.3.1/../../../../arm-none-eabi/lib/thumb/v7e-m+fp/hard/libc.a(libc_a-reent.o)
                              /Applications/ArmGNUToolchain/14.3.rel1/arm-none-eabi/bin/../lib/gcc/arm-none-eabi/14.3.1/../../../../arm-none-eabi/lib/thumb/v7e-m+fp/hard/libc.a(libc_a-closer.o) (errno)
/Applications/ArmGNUToolchain/14.3.rel1/arm-none-eabi/bin/../lib/gcc/arm-none-eabi/14.3.1/../../../../arm-none-eabi/lib/thumb/v7e-m+fp/hard/libc.a(libc_a-impure.o)
                              /Applications/ArmGNUToolchain/14.3.rel1/arm-none-eabi/bin/../lib/gcc/arm-none-eabi/14.3.1/../../../../arm-none-eabi/lib/thumb/v7e-m+fp/hard/libc.a(libc_a-calloc.o) (_impure_ptr)
[...]
Memory Configuration

Name             Origin             Length             Attributes
RAM              0x20000000         0x00020000         xrw
CCMRAM           0x10000000         0x00010000         xrw
FLASH            0x08000000         0x00100000         xr
*default*        0x00000000         0xffffffff

Linker script and memory map

LOAD /Applications/ArmGNUToolchain/14.3.rel1/arm-none-eabi/bin/../lib/gcc/arm-none-eabi/14.3.1/thumb/v7e-m+fp/hard/crti.o
LOAD /Applications/ArmGNUToolchain/14.3.rel1/arm-none-eabi/bin/../lib/gcc/arm-none-eabi/14.3.1/thumb/v7e-m+fp/hard/crtbegin.o
LOAD /Applications/ArmGNUToolchain/14.3.rel1/arm-none-eabi/bin/../lib/gcc/arm-none-eabi/14.3.1/../../../../arm-none-eabi/lib/thumb/v7e-m+fp/hard/crt0.o
LOAD build/Minibot/main.o
LOAD build/Minibot/gpio.o
LOAD build/Minibot/freertos.o
LOAD build/Minibot/can.o
LOAD build/Minibot/dma.o
LOAD build/Minibot/i2c.o
LOAD build/Minibot/spi.o
LOAD build/Minibot/tim.o
LOAD build/Minibot/usart.o
LOAD build/Minibot/stm32f4xx_it.o
LOAD build/Minibot/stm32f4xx_hal_msp.o
LOAD build/Minibot/stm32f4xx_hal_timebase_tim.o
LOAD build/Minibot/system_stm32f4xx.o
LOAD build/Minibot/stm32f4xx_hal_can.o
LOAD build/Minibot/stm32f4xx_hal_rcc.o
LOAD build/Minibot/stm32f4xx_hal_rcc_ex.o
LOAD build/Minibot/stm32f4xx_hal_flash.o
LOAD build/Minibot/stm32f4xx_hal_flash_ex.o
LOAD build/Minibot/stm32f4xx_hal_flash_ramfunc.o
LOAD build/Minibot/stm32f4xx_hal_gpio.o
LOAD build/Minibot/stm32f4xx_hal_dma_ex.o
LOAD build/Minibot/stm32f4xx_hal_dma.o
LOAD build/Minibot/stm32f4xx_hal_pwr.o
LOAD build/Minibot/stm32f4xx_hal_pwr_ex.o
LOAD build/Minibot/stm32f4xx_hal_cortex.o
LOAD build/Minibot/stm32f4xx_hal.o
LOAD build/Minibot/stm32f4xx_hal_exti.o
LOAD build/Minibot/stm32f4xx_hal_i2c.o
LOAD build/Minibot/stm32f4xx_hal_i2c_ex.o
LOAD build/Minibot/stm32f4xx_hal_spi.o
LOAD build/Minibot/stm32f4xx_hal_tim.o
LOAD build/Minibot/stm32f4xx_hal_tim_ex.o
LOAD build/Minibot/stm32f4xx_hal_uart.o
LOAD build/Minibot/croutine.o
LOAD build/Minibot/event_groups.o
LOAD build/Minibot/list.o
LOAD build/Minibot/queue.o
LOAD build/Minibot/stream_buffer.o
LOAD build/Minibot/tasks.o
LOAD build/Minibot/timers.o
LOAD build/Minibot/cmsis_os.o
LOAD build/Minibot/heap_4.o
LOAD build/Minibot/port.o
LOAD build/Minibot/kalman_filter.o
LOAD build/Minibot/MahonyAHRS.o
LOAD build/Minibot/omni_locomotion.o
LOAD build/Minibot/pid.o
LOAD build/Minibot/rate_limiter.o
LOAD build/Minibot/swerve_locomotion.o
LOAD build/Minibot/two_bar_leg.o
LOAD build/Minibot/wheel_legged_2d_lqr.o
LOAD build/Minibot/wheel_legged_3d_lqr.o
LOAD build/Minibot/bsp_can.o
LOAD build/Minibot/bsp_crc.o
LOAD build/Minibot/bsp_daemon.o
LOAD build/Minibot/bsp_delay.o
LOAD build/Minibot/bsp_pwm.o
LOAD build/Minibot/bsp_serial.o
LOAD build/Minibot/bsp_uart.o
LOAD build/Minibot/bmi088driver.o
LOAD build/Minibot/bmi088middleware.o
LOAD build/Minibot/buzzer.o
LOAD build/Minibot/dji_motor.o
LOAD build/Minibot/dm_motor.o
LOAD build/Minibot/imu_task.o
LOAD build/Minibot/ist8310driver_middleware.o
LOAD build/Minibot/ist8310driver.o
LOAD build/Minibot/jetson_orin.o
LOAD build/Minibot/laser.o
LOAD build/Minibot/mf_motor.o
LOAD build/Minibot/referee_system.o
LOAD build/Minibot/remote.o
LOAD build/Minibot/supercap.o
LOAD build/Minibot/chassis_task.o
LOAD build/Minibot/debug_task.o
LOAD build/Minibot/gimbal_task.o
LOAD build/Minibot/launch_task.o
LOAD build/Minibot/motor_task.o
LOAD build/Minibot/robot.o
LOAD build/Minibot/arm_cos_f32.o
LOAD build/Minibot/arm_sin_f32.o
LOAD build/Minibot/arm_atan2_f32.o
LOAD build/Minibot/arm_common_tables.o
LOAD build/Minibot/startup_stm32f407xx.o
LOAD /Applications/ArmGNUToolchain/14.3.rel1/arm-none-eabi/bin/../lib/gcc/arm-none-eabi/14.3.1/../../../../arm-none-eabi/lib/thumb/v7e-m+fp/hard/libc.a
LOAD /Applications/ArmGNUToolchain/14.3.rel1/arm-none-eabi/bin/../lib/gcc/arm-none-eabi/14.3.1/../../../../arm-none-eabi/lib/thumb/v7e-m+fp/hard/libm.a
LOAD /Applications/ArmGNUToolchain/14.3.rel1/arm-none-eabi/bin/../lib/gcc/arm-none-eabi/14.3.1/../../../../arm-none-eabi/lib/thumb/v7e-m+fp/hard/libnosys.a
START GROUP
LOAD /Applications/ArmGNUToolchain/14.3.rel1/arm-none-eabi/bin/../lib/gcc/arm-none-eabi/14.3.1/thumb/v7e-m+fp/hard/libgcc.a
LOAD /Applications/ArmGNUToolchain/14.3.rel1/arm-none-eabi/bin/../lib/gcc/arm-none-eabi/14.3.1/../../../../arm-none-eabi/lib/thumb/v7e-m+fp/hard/libc.a
END GROUP
LOAD /Applications/ArmGNUToolchain/14.3.rel1/arm-none-eabi/bin/../lib/gcc/arm-none-eabi/14.3.1/thumb/v7e-m+fp/hard/crtend.o
LOAD /Applications/ArmGNUToolchain/14.3.rel1/arm-none-eabi/bin/../lib/gcc/arm-none-eabi/14.3.1/thumb/v7e-m+fp/hard/crtn.o
                0x20020000                        _estack = (ORIGIN (RAM) + LENGTH (RAM))
                0x00000200                        _Min_Heap_Size = 0x200
                0x00000400                        _Min_Stack_Size = 0x400

.isr_vector     0x08000000      0x188
                0x08000000                        . = ALIGN (0x4)
 *(.isr_vector)
 .isr_vector    0x08000000      0x188 build/Minibot/startup_stm32f407xx.o
                0x08000000                g_pfnVectors
                0x08000188                        . = ALIGN (0x4)

.text           0x08000190     0x9c64
                0x08000190                        . = ALIGN (0x4)
 *(.text)
 .text          0x08000190      0x134 /Applications/ArmGNUToolchain/14.3.rel1/arm-none-eabi/bin/../lib/gcc/arm-none-eabi/14.3.1/../../../../arm-none-eabi/lib/thumb/v7e-m+fp/hard/libc.a(libc_a-memcpy.o)
                0x08000190                memcpy
 .text          0x080002c4      0x378 /Applications/ArmGNUToolchain/14.3.rel1/arm-none-eabi/bin/../lib/gcc/arm-none-eabi/14.3.1/thumb/v7e-m+fp/hard/libgcc.a(_arm_addsubdf3.o)
                0x080002c4                __aeabi_drsub
                0x080002cc                __subdf3
                0x080002cc                __aeabi_dsub
                0x080002d0                __aeabi_dadd
                0x080002d0                __adddf3
                0x08000548                __aeabi_ui2d
                0x08000548                __floatunsidf
                0x08000568                __floatsidf
                0x08000568                __aeabi_i2d
                0x0800058c                __extendsfdf2
                0x0800058c                __aeabi_f2d
                0x080005d0                __aeabi_ul2d
                0x080005d0                __floatundidf
                0x080005e0                __aeabi_l2d
                0x080005e0                __floatdidf
 .text          0x0800063c      0x424 /Applications/ArmGNUToolchain/14.3.rel1/arm-none-eabi/bin/../lib/gcc/arm-none-eabi/14.3.1/thumb/v7e-m+fp/hard/libgcc.a(_arm_muldivdf3.o)
                0x0800063c                __aeabi_dmul
                0x0800063c                __muldf3
                0x08000890                __aeabi_ddiv
                0x08000890                __divdf3
 .text          0x08000a60       0x40 /Applications/ArmGNUToolchain/14.3.rel1/arm-none-eabi/bin/../lib/gcc/arm-none-eabi/14.3.1/thumb/v7e-m+fp/hard/libgcc.a(_arm_fixunsdfsi.o)
                0x08000a60                __fixunsdfsi
                0x08000a60                __aeabi_d2uiz
 .text          0x08000aa0       0x30 /Applications/ArmGNUToolchain/14.3.rel1/arm-none-eabi/bin/../lib/gcc/arm-none-eabi/14.3.1/thumb/v7e-m+fp/hard/libgcc.a(_aeabi_uldivmod.o)
                0x08000aa0                __aeabi_uldivmod
 .text          0x08000ad0        0x4 /Applications/ArmGNUToolchain/14.3.rel1/arm-none-eabi/bin/../lib/gcc/arm-none-eabi/14.3.1/thumb/v7e-m+fp/hard/libgcc.a(_dvmd_tls.o)
                0x08000ad0                __aeabi_ldiv0
                0x08000ad0                __aeabi_idiv0
 *(.text*)
 .text.deregister_tm_clones
                0x08000ad4       0x1c /Applications/ArmGNUToolchain/14.3.rel1/arm-none-eabi/bin/../lib/gcc/arm-none-eabi/14.3.1/thumb/v7e-m+fp/hard/crtbegin.o
 .text.register_tm_clones
                0x08000af0       0x24 /Applications/ArmGNUToolchain/14.3.rel1/arm-none-eabi/bin/../lib/gcc/arm-none-eabi/14.3.1/thumb/v7e-m+fp/hard/crtbegin.o
 .text.__do_global_dtors_aux
                0x08000b14       0x28 /Applications/ArmGNUToolchain/14.3.rel1/arm-none-eabi/bin/../lib/gcc/arm-none-eabi/14.3.1/thumb/v7e-m+fp/hard/crtbegin.o
 .text.frame_dummy
                0x08000b3c       0x24 /Applications/ArmGNUToolchain/14.3.rel1/arm-none-eabi/bin/../lib/gcc/arm-none-eabi/14.3.1/thumb/v7e-m+fp/hard/crtbegin.o
 .text.HAL_TIM_PeriodElapsedCallback
                0x08000b60       0x12 build/Minibot/main.o
                0x08000b60                HAL_TIM_PeriodElapsedCallback
 .text.Error_Handler
                0x08000b72        0x6 build/Minibot/main.o
                0x08000b72                Error_Handler
 .text.SystemClock_Config
                0x08000b78       0xa8 build/Minibot/main.o
                0x08000b78                SystemClock_Config
 .text.main     0x08000c20       0x54 build/Minibot/main.o
                0x08000c20                main
 .text.MX_GPIO_Init
                0x08000c74      0x1b4 build/Minibot/gpio.o
                0x08000c74                MX_GPIO_Init
 .text.StartDefaultTask
                0x08000e28        0xa build/Minibot/freertos.o
                0x08000e28                StartDefaultTask
 .text.configureTimerForRunTimeStats
                0x08000e32        0x2 build/Minibot/freertos.o
                0x08000e32                configureTimerForRunTimeStats
 .text.getRunTimeCounterValue
                0x08000e34        0xc build/Minibot/freertos.o
                0x08000e34                getRunTimeCounterValue
 .text.vApplicationGetIdleTaskMemory
                0x08000e40       0x18 build/Minibot/freertos.o
                0x08000e40                vApplicationGetIdleTaskMemory
 .text.vApplicationGetTimerTaskMemory
                0x08000e58       0x18 build/Minibot/freertos.o
                0x08000e58                vApplicationGetTimerTaskMemory
 .text.MX_FREERTOS_Init
                0x08000e70       0x30 build/Minibot/freertos.o
                0x08000e70                MX_FREERTOS_Init
 .text.MX_CAN1_Init
                0x08000ea0       0x40 build/Minibot/can.o
                0x08000ea0                MX_CAN1_Init
 .text.MX_CAN2_Init
                0x08000ee0       0x40 build/Minibot/can.o
                0x08000ee0                MX_CAN2_Init
 .text.HAL_CAN_MspInit
                0x08000f20      0x140 build/Minibot/can.o
                0x08000f20                HAL_CAN_MspInit
 .text.MX_DMA_Init
                0x08001060       0xa8 build/Minibot/dma.o
                0x08001060                MX_DMA_Init
 .text.MX_I2C3_Init
                0x08001108       0x3c build/Minibot/i2c.o
                0x08001108                MX_I2C3_Init
 .text.HAL_I2C_MspInit
                0x08001144       0xbc build/Minibot/i2c.o
                0x08001144                HAL_I2C_MspInit
 .text.MX_SPI1_Init
                0x08001200       0x48 build/Minibot/spi.o
                0x08001200                MX_SPI1_Init
 .text.HAL_SPI_MspInit
                0x08001248      0x138 build/Minibot/spi.o
                0x08001248                HAL_SPI_MspInit
 .text.HAL_TIM_PWM_MspInit
                0x08001380       0x54 build/Minibot/tim.o
                0x08001380                HAL_TIM_PWM_MspInit
 .text.HAL_TIM_Base_MspInit
                0x080013d4       0x9c build/Minibot/tim.o
                0x080013d4                HAL_TIM_Base_MspInit
 .text.HAL_TIM_MspPostInit
                0x08001470      0x1bc build/Minibot/tim.o
                0x08001470                HAL_TIM_MspPostInit
 .text.MX_TIM1_Init
                0x0800162c       0xf0 build/Minibot/tim.o
                0x0800162c                MX_TIM1_Init
 .text.MX_TIM3_Init
                0x0800171c       0xb4 build/Minibot/tim.o
                0x0800171c                MX_TIM3_Init
 .text.MX_TIM4_Init
                0x080017d0       0xb0 build/Minibot/tim.o
                0x080017d0                MX_TIM4_Init
 .text.MX_TIM5_Init
                0x08001880       0xd4 build/Minibot/tim.o
                0x08001880                MX_TIM5_Init
 .text.MX_TIM8_Init
                0x08001954       0xf0 build/Minibot/tim.o
                0x08001954                MX_TIM8_Init
 .text.MX_TIM10_Init
                0x08001a44       0x74 build/Minibot/tim.o
                0x08001a44                MX_TIM10_Init
 .text.MX_USART1_UART_Init
                0x08001ab8       0x34 build/Minibot/usart.o
                0x08001ab8                MX_USART1_UART_Init
 .text.MX_USART3_UART_Init
                0x08001aec       0x40 build/Minibot/usart.o
                0x08001aec                MX_USART3_UART_Init
 .text.MX_USART6_UART_Init
                0x08001b2c       0x38 build/Minibot/usart.o
                0x08001b2c                MX_USART6_UART_Init
 .text.HAL_UART_MspInit
                0x08001b64      0x2c8 build/Minibot/usart.o
                0x08001b64                HAL_UART_MspInit
 .text.NMI_Handler
                0x08001e2c        0x2 build/Minibot/stm32f4xx_it.o
                0x08001e2c                NMI_Handler
 .text.HardFault_Handler
                0x08001e2e        0x2 build/Minibot/stm32f4xx_it.o
                0x08001e2e                HardFault_Handler
 .text.MemManage_Handler
                0x08001e30        0x2 build/Minibot/stm32f4xx_it.o
                0x08001e30                MemManage_Handler
 .text.BusFault_Handler
                0x08001e32        0x2 build/Minibot/stm32f4xx_it.o
                0x08001e32                BusFault_Handler
 .text.UsageFault_Handler
                0x08001e34        0x2 build/Minibot/stm32f4xx_it.o
                0x08001e34                UsageFault_Handler
 .text.DebugMon_Handler
                0x08001e36        0x2 build/Minibot/stm32f4xx_it.o
                0x08001e36                DebugMon_Handler
 .text.EXTI0_IRQHandler
                0x08001e38        0xa build/Minibot/stm32f4xx_it.o
                0x08001e38                EXTI0_IRQHandler
 .text.EXTI3_IRQHandler
                0x08001e42        0xa build/Minibot/stm32f4xx_it.o
                0x08001e42                EXTI3_IRQHandler
 .text.EXTI4_IRQHandler
                0x08001e4c        0xa build/Minibot/stm32f4xx_it.o
                0x08001e4c                EXTI4_IRQHandler
 *fill*         0x08001e56        0x2 
 .text.DMA1_Stream1_IRQHandler
                0x08001e58       0x10 build/Minibot/stm32f4xx_it.o
                0x08001e58                DMA1_Stream1_IRQHandler
 .text.CAN1_RX0_IRQHandler
                0x08001e68       0x10 build/Minibot/stm32f4xx_it.o
                0x08001e68                CAN1_RX0_IRQHandler
 .text.CAN1_RX1_IRQHandler
                0x08001e78       0x10 build/Minibot/stm32f4xx_it.o
                0x08001e78                CAN1_RX1_IRQHandler
 .text.EXTI9_5_IRQHandler
                0x08001e88        0xa build/Minibot/stm32f4xx_it.o
                0x08001e88                EXTI9_5_IRQHandler
 *fill*         0x08001e92        0x2 
 .text.TIM2_IRQHandler
                0x08001e94       0x10 build/Minibot/stm32f4xx_it.o
                0x08001e94                TIM2_IRQHandler
 .text.USART1_IRQHandler
                0x08001ea4       0x10 build/Minibot/stm32f4xx_it.o
                0x08001ea4                USART1_IRQHandler
 .text.USART3_IRQHandler
                0x08001eb4       0x10 build/Minibot/stm32f4xx_it.o
                0x08001eb4                USART3_IRQHandler
 .text.DMA2_Stream1_IRQHandler
                0x08001ec4       0x10 build/Minibot/stm32f4xx_it.o
                0x08001ec4                DMA2_Stream1_IRQHandler
 .text.CAN2_RX0_IRQHandler
                0x08001ed4       0x10 build/Minibot/stm32f4xx_it.o
                0x08001ed4                CAN2_RX0_IRQHandler
 .text.CAN2_RX1_IRQHandler
                0x08001ee4       0x10 build/Minibot/stm32f4xx_it.o
                0x08001ee4                CAN2_RX1_IRQHandler
 .text.DMA2_Stream5_IRQHandler
                0x08001ef4       0x10 build/Minibot/stm32f4xx_it.o
                0x08001ef4                DMA2_Stream5_IRQHandler
 .text.DMA2_Stream6_IRQHandler
                0x08001f04       0x10 build/Minibot/stm32f4xx_it.o
                0x08001f04                DMA2_Stream6_IRQHandler
 .text.DMA2_Stream7_IRQHandler
                0x08001f14       0x10 build/Minibot/stm32f4xx_it.o
                0x08001f14                DMA2_Stream7_IRQHandler
 .text.USART6_IRQHandler
                0x08001f24       0x10 build/Minibot/stm32f4xx_it.o
                0x08001f24                USART6_IRQHandler
 .text.HAL_MspInit
                0x08001f34       0x44 build/Minibot/stm32f4xx_hal_msp.o
                0x08001f34                HAL_MspInit
 .text.HAL_InitTick
                0x08001f78       0xa4 build/Minibot/stm32f4xx_hal_timebase_tim.o
                0x08001f78                HAL_InitTick
 .text.SystemInit
                0x0800201c       0x14 build/Minibot/system_stm32f4xx.o
                0x0800201c                SystemInit
 .text.HAL_CAN_Init
                0x08002030      0x14c build/Minibot/stm32f4xx_hal_can.o
                0x08002030                HAL_CAN_Init
 .text.HAL_CAN_Start
                0x0800217c       0x5c build/Minibot/stm32f4xx_hal_can.o
                0x0800217c                HAL_CAN_Start
 .text.HAL_CAN_AddTxMessage
                0x080021d8       0xea build/Minibot/stm32f4xx_hal_can.o
                0x080021d8                HAL_CAN_AddTxMessage
 .text.HAL_CAN_GetTxMailboxesFreeLevel
                0x080022c2       0x32 build/Minibot/stm32f4xx_hal_can.o
                0x080022c2                HAL_CAN_GetTxMailboxesFreeLevel
 .text.HAL_CAN_GetRxMessage
                0x080022f4      0x16a build/Minibot/stm32f4xx_hal_can.o
                0x080022f4                HAL_CAN_GetRxMessage
 .text.HAL_CAN_ActivateNotification
                0x0800245e       0x24 build/Minibot/stm32f4xx_hal_can.o
                0x0800245e                HAL_CAN_ActivateNotification
 .text.HAL_CAN_TxMailbox0CompleteCallback
                0x08002482        0x2 build/Minibot/stm32f4xx_hal_can.o
                0x08002482                HAL_CAN_TxMailbox0CompleteCallback
 .text.HAL_CAN_TxMailbox1CompleteCallback
                0x08002484        0x2 build/Minibot/stm32f4xx_hal_can.o
                0x08002484                HAL_CAN_TxMailbox1CompleteCallback
 .text.HAL_CAN_TxMailbox2CompleteCallback
                0x08002486        0x2 build/Minibot/stm32f4xx_hal_can.o
                0x08002486                HAL_CAN_TxMailbox2CompleteCallback
 .text.HAL_CAN_TxMailbox0AbortCallback
                0x08002488        0x2 build/Minibot/stm32f4xx_hal_can.o
                0x08002488                HAL_CAN_TxMailbox0AbortCallback
 .text.HAL_CAN_TxMailbox1AbortCallback
                0x0800248a        0x2 build/Minibot/stm32f4xx_hal_can.o
                0x0800248a                HAL_CAN_TxMailbox1AbortCallback
 .text.HAL_CAN_TxMailbox2AbortCallback
                0x0800248c        0x2 build/Minibot/stm32f4xx_hal_can.o
                0x0800248c                HAL_CAN_TxMailbox2AbortCallback
 .text.HAL_CAN_RxFifo0FullCallback
                0x0800248e        0x2 build/Minibot/stm32f4xx_hal_can.o
                0x0800248e                HAL_CAN_RxFifo0FullCallback
 .text.HAL_CAN_RxFifo1FullCallback
                0x08002490        0x2 build/Minibot/stm32f4xx_hal_can.o
                0x08002490                HAL_CAN_RxFifo1FullCallback
 .text.HAL_CAN_SleepCallback
                0x08002492        0x2 build/Minibot/stm32f4xx_hal_can.o
                0x08002492                HAL_CAN_SleepCallback
 .text.HAL_CAN_WakeUpFromRxMsgCallback
                0x08002494        0x2 build/Minibot/stm32f4xx_hal_can.o
                0x08002494                HAL_CAN_WakeUpFromRxMsgCallback
 .text.HAL_CAN_ErrorCallback
                0x08002496        0x2 build/Minibot/stm32f4xx_hal_can.o
                0x08002496                HAL_CAN_ErrorCallback
 .text.HAL_CAN_IRQHandler
                0x08002498      0x250 build/Minibot/stm32f4xx_hal_can.o
                0x08002498                HAL_CAN_IRQHandler
 .text.HAL_RCC_OscConfig
                0x080026e8      0x3f8 build/Minibot/stm32f4xx_hal_rcc.o
                0x080026e8                HAL_RCC_OscConfig
 .text.HAL_RCC_GetSysClockFreq
                0x08002ae0       0xa8 build/Minibot/stm32f4xx_hal_rcc.o
                0x08002ae0                HAL_RCC_GetSysClockFreq
 .text.HAL_RCC_ClockConfig
                0x08002b88      0x160 build/Minibot/stm32f4xx_hal_rcc.o
                0x08002b88                HAL_RCC_ClockConfig
 .text.HAL_RCC_GetHCLKFreq
                0x08002ce8        0xc build/Minibot/stm32f4xx_hal_rcc.o
                0x08002ce8                HAL_RCC_GetHCLKFreq
 .text.HAL_RCC_GetPCLK1Freq
                0x08002cf4       0x20 build/Minibot/stm32f4xx_hal_rcc.o
                0x08002cf4                HAL_RCC_GetPCLK1Freq
 .text.HAL_RCC_GetPCLK2Freq
                0x08002d14       0x20 build/Minibot/stm32f4xx_hal_rcc.o
                0x08002d14                HAL_RCC_GetPCLK2Freq
 .text.HAL_RCC_GetClockConfig
                0x08002d34       0x3c build/Minibot/stm32f4xx_hal_rcc.o
                0x08002d34                HAL_RCC_GetClockConfig
 .text.HAL_GPIO_Init
                0x08002d70      0x1ec build/Minibot/stm32f4xx_hal_gpio.o
                0x08002d70                HAL_GPIO_Init
 .text.HAL_GPIO_WritePin
                0x08002f5c        0xc build/Minibot/stm32f4xx_hal_gpio.o
                0x08002f5c                HAL_GPIO_WritePin
 .text.HAL_GPIO_EXTI_Callback
                0x08002f68        0x2 build/Minibot/stm32f4xx_hal_gpio.o
                0x08002f68                HAL_GPIO_EXTI_Callback
 *fill*         0x08002f6a        0x2 
 .text.HAL_GPIO_EXTI_IRQHandler
                0x08002f6c       0x1c build/Minibot/stm32f4xx_hal_gpio.o
                0x08002f6c                HAL_GPIO_EXTI_IRQHandler
 .text.DMA_SetConfig
                0x08002f88       0x2c build/Minibot/stm32f4xx_hal_dma.o
 .text.DMA_CalcBaseAndBitshift
                0x08002fb4       0x3c build/Minibot/stm32f4xx_hal_dma.o
 .text.DMA_CheckFifoParam
                0x08002ff0       0x8e build/Minibot/stm32f4xx_hal_dma.o
 *fill*         0x0800307e        0x2 
 .text.HAL_DMA_Init
                0x08003080       0xcc build/Minibot/stm32f4xx_hal_dma.o
                0x08003080                HAL_DMA_Init
 .text.HAL_DMA_Start_IT
                0x0800314c       0x68 build/Minibot/stm32f4xx_hal_dma.o
                0x0800314c                HAL_DMA_Start_IT
 .text.HAL_DMA_Abort
                0x080031b4       0x92 build/Minibot/stm32f4xx_hal_dma.o
                0x080031b4                HAL_DMA_Abort
 .text.HAL_DMA_Abort_IT
                0x08003246       0x24 build/Minibot/stm32f4xx_hal_dma.o
                0x08003246                HAL_DMA_Abort_IT
 *fill*         0x0800326a        0x2 
 .text.HAL_DMA_IRQHandler
                0x0800326c      0x1dc build/Minibot/stm32f4xx_hal_dma.o
                0x0800326c                HAL_DMA_IRQHandler
 .text.__NVIC_EnableIRQ
                0x08003448       0x1c build/Minibot/stm32f4xx_hal_cortex.o
 .text.__NVIC_SetPriority
                0x08003464       0x28 build/Minibot/stm32f4xx_hal_cortex.o
 .text.NVIC_EncodePriority
                0x0800348c       0x3e build/Minibot/stm32f4xx_hal_cortex.o
 *fill*         0x080034ca        0x2 
 .text.HAL_NVIC_SetPriorityGrouping
                0x080034cc       0x24 build/Minibot/stm32f4xx_hal_cortex.o
                0x080034cc                HAL_NVIC_SetPriorityGrouping
 .text.HAL_NVIC_SetPriority
                0x080034f0       0x20 build/Minibot/stm32f4xx_hal_cortex.o
                0x080034f0                HAL_NVIC_SetPriority
 .text.HAL_NVIC_EnableIRQ
                0x08003510        0x8 build/Minibot/stm32f4xx_hal_cortex.o
                0x08003510                HAL_NVIC_EnableIRQ
 .text.HAL_Init
                0x08003518       0x34 build/Minibot/stm32f4xx_hal.o
                0x08003518                HAL_Init
 .text.HAL_IncTick
                0x0800354c       0x18 build/Minibot/stm32f4xx_hal.o
                0x0800354c                HAL_IncTick
 .text.HAL_GetTick
                0x08003564        0xc build/Minibot/stm32f4xx_hal.o
                0x08003564                HAL_GetTick
 .text.HAL_Delay
                0x08003570       0x28 build/Minibot/stm32f4xx_hal.o
                0x08003570                HAL_Delay
 .text.HAL_I2C_Init
                0x08003598      0x1bc build/Minibot/stm32f4xx_hal_i2c.o
                0x08003598                HAL_I2C_Init
 .text.SPI_WaitFlagStateUntilTimeout
                0x08003754       0xc8 build/Minibot/stm32f4xx_hal_spi.o
 .text.SPI_EndRxTxTransaction
                0x0800381c       0x80 build/Minibot/stm32f4xx_hal_spi.o
 .text.HAL_SPI_Init
                0x0800389c       0xbe build/Minibot/stm32f4xx_hal_spi.o
                0x0800389c                HAL_SPI_Init
 .text.HAL_SPI_TransmitReceive
                0x0800395a      0x252 build/Minibot/stm32f4xx_hal_spi.o
                0x0800395a                HAL_SPI_TransmitReceive
 .text.TIM_OC1_SetConfig
                0x08003bac       0x70 build/Minibot/stm32f4xx_hal_tim.o
 .text.TIM_OC3_SetConfig
                0x08003c1c       0x70 build/Minibot/stm32f4xx_hal_tim.o
 .text.TIM_OC4_SetConfig
                0x08003c8c       0x50 build/Minibot/stm32f4xx_hal_tim.o
 .text.TIM_TI1_ConfigInputStage
                0x08003cdc       0x26 build/Minibot/stm32f4xx_hal_tim.o
 .text.TIM_TI2_ConfigInputStage
                0x08003d02       0x28 build/Minibot/stm32f4xx_hal_tim.o
 .text.TIM_ITRx_SetConfig
                0x08003d2a       0x10 build/Minibot/stm32f4xx_hal_tim.o
 *fill*         0x08003d3a        0x2 
 .text.HAL_TIM_Base_Start
                0x08003d3c       0x7c build/Minibot/stm32f4xx_hal_tim.o
                0x08003d3c                HAL_TIM_Base_Start
 .text.HAL_TIM_Base_Start_IT
                0x08003db8       0x84 build/Minibot/stm32f4xx_hal_tim.o
                0x08003db8                HAL_TIM_Base_Start_IT
 .text.HAL_TIM_OC_DelayElapsedCallback
                0x08003e3c        0x2 build/Minibot/stm32f4xx_hal_tim.o
                0x08003e3c                HAL_TIM_OC_DelayElapsedCallback
 .text.HAL_TIM_IC_CaptureCallback
                0x08003e3e        0x2 build/Minibot/stm32f4xx_hal_tim.o
                0x08003e3e                HAL_TIM_IC_CaptureCallback
 .text.HAL_TIM_PWM_PulseFinishedCallback
                0x08003e40        0x2 build/Minibot/stm32f4xx_hal_tim.o
                0x08003e40                HAL_TIM_PWM_PulseFinishedCallback
 .text.HAL_TIM_TriggerCallback
                0x08003e42        0x2 build/Minibot/stm32f4xx_hal_tim.o
                0x08003e42                HAL_TIM_TriggerCallback
 .text.HAL_TIM_IRQHandler
                0x08003e44      0x15e build/Minibot/stm32f4xx_hal_tim.o
                0x08003e44                HAL_TIM_IRQHandler
 *fill*         0x08003fa2        0x2 
 .text.TIM_Base_SetConfig
                0x08003fa4       0xd8 build/Minibot/stm32f4xx_hal_tim.o
                0x08003fa4                TIM_Base_SetConfig
 .text.HAL_TIM_Base_Init
                0x0800407c       0x58 build/Minibot/stm32f4xx_hal_tim.o
                0x0800407c                HAL_TIM_Base_Init
 .text.HAL_TIM_PWM_Init
                0x080040d4       0x58 build/Minibot/stm32f4xx_hal_tim.o
                0x080040d4                HAL_TIM_PWM_Init
 .text.TIM_OC2_SetConfig
                0x0800412c       0x70 build/Minibot/stm32f4xx_hal_tim.o
                0x0800412c                TIM_OC2_SetConfig
 .text.HAL_TIM_PWM_ConfigChannel
                0x0800419c       0xdc build/Minibot/stm32f4xx_hal_tim.o
                0x0800419c                HAL_TIM_PWM_ConfigChannel
 .text.TIM_ETR_SetConfig
                0x08004278       0x1a build/Minibot/stm32f4xx_hal_tim.o
                0x08004278                TIM_ETR_SetConfig
 .text.HAL_TIM_ConfigClockSource
                0x08004292       0xfe build/Minibot/stm32f4xx_hal_tim.o
                0x08004292                HAL_TIM_ConfigClockSource
 .text.TIM_CCxChannelCmd
                0x08004390       0x1e build/Minibot/stm32f4xx_hal_tim.o
                0x08004390                TIM_CCxChannelCmd
 *fill*         0x080043ae        0x2 
 .text.HAL_TIM_PWM_Start
                0x080043b0       0xfc build/Minibot/stm32f4xx_hal_tim.o
                0x080043b0                HAL_TIM_PWM_Start
 .text.HAL_TIMEx_MasterConfigSynchronization
                0x080044ac       0x8c build/Minibot/stm32f4xx_hal_tim_ex.o
                0x080044ac                HAL_TIMEx_MasterConfigSynchronization
 .text.HAL_TIMEx_ConfigBreakDeadTime
                0x08004538       0x52 build/Minibot/stm32f4xx_hal_tim_ex.o
                0x08004538                HAL_TIMEx_ConfigBreakDeadTime
 .text.HAL_TIMEx_CommutCallback
                0x0800458a        0x2 build/Minibot/stm32f4xx_hal_tim_ex.o
                0x0800458a                HAL_TIMEx_CommutCallback
 .text.HAL_TIMEx_BreakCallback
                0x0800458c        0x2 build/Minibot/stm32f4xx_hal_tim_ex.o
                0x0800458c                HAL_TIMEx_BreakCallback
 .text.UART_EndTxTransfer
                0x0800458e       0x20 build/Minibot/stm32f4xx_hal_uart.o
 .text.UART_EndRxTransfer
                0x080045ae       0x5c build/Minibot/stm32f4xx_hal_uart.o
 .text.UART_Transmit_IT
                0x0800460a       0x5e build/Minibot/stm32f4xx_hal_uart.o
 .text.UART_SetConfig
                0x08004668      0x110 build/Minibot/stm32f4xx_hal_uart.o
 .text.HAL_UART_Init
                0x08004778       0x60 build/Minibot/stm32f4xx_hal_uart.o
                0x08004778                HAL_UART_Init
 .text.HAL_UART_TxCpltCallback
                0x080047d8        0x2 build/Minibot/stm32f4xx_hal_uart.o
                0x080047d8                HAL_UART_TxCpltCallback
 .text.UART_EndTransmit_IT
                0x080047da       0x1a build/Minibot/stm32f4xx_hal_uart.o
 .text.HAL_UART_RxCpltCallback
                0x080047f4        0x2 build/Minibot/stm32f4xx_hal_uart.o
                0x080047f4                HAL_UART_RxCpltCallback
 .text.HAL_UART_RxHalfCpltCallback
                0x080047f6        0x2 build/Minibot/stm32f4xx_hal_uart.o
                0x080047f6                HAL_UART_RxHalfCpltCallback
 .text.HAL_UART_ErrorCallback
                0x080047f8        0x2 build/Minibot/stm32f4xx_hal_uart.o
                0x080047f8                HAL_UART_ErrorCallback
 .text.UART_DMAError
                0x080047fa       0x54 build/Minibot/stm32f4xx_hal_uart.o
 .text.UART_DMAAbortOnError
                0x0800484e       0x10 build/Minibot/stm32f4xx_hal_uart.o
 .text.UART_Receive_IT
                0x0800485e       0xe4 build/Minibot/stm32f4xx_hal_uart.o
 *fill*         0x08004942        0x2 
 .text.HAL_UART_IRQHandler
                0x08004944      0x284 build/Minibot/stm32f4xx_hal_uart.o
                0x08004944                HAL_UART_IRQHandler
 .text.UART_DMARxHalfCplt
                0x08004bc8       0x1e build/Minibot/stm32f4xx_hal_uart.o
 .text.UART_DMAReceiveCplt
                0x08004be6       0x9a build/Minibot/stm32f4xx_hal_uart.o
 .text.UART_Start_Receive_DMA
                0x08004c80       0xa4 build/Minibot/stm32f4xx_hal_uart.o
                0x08004c80                UART_Start_Receive_DMA
 .text.HAL_UARTEx_ReceiveToIdle_DMA
                0x08004d24       0x64 build/Minibot/stm32f4xx_hal_uart.o
                0x08004d24                HAL_UARTEx_ReceiveToIdle_DMA
 .text.vListInitialise
                0x08004d88       0x16 build/Minibot/list.o
                0x08004d88                vListInitialise
 .text.vListInitialiseItem
                0x08004d9e        0x6 build/Minibot/list.o
                0x08004d9e                vListInitialiseItem
 .text.vListInsertEnd
                0x08004da4       0x16 build/Minibot/list.o
                0x08004da4                vListInsertEnd
 .text.vListInsert
                0x08004dba       0x32 build/Minibot/list.o
                0x08004dba                vListInsert
 .text.uxListRemove
                0x08004dec       0x26 build/Minibot/list.o
                0x08004dec                uxListRemove
 .text.prvIsQueueFull
                0x08004e12       0x1e build/Minibot/queue.o
 .text.prvIsQueueEmpty
                0x08004e30       0x1a build/Minibot/queue.o
 .text.prvCopyDataToQueue
                0x08004e4a       0x76 build/Minibot/queue.o
 .text.prvCopyDataFromQueue
                0x08004ec0       0x24 build/Minibot/queue.o
 .text.prvUnlockQueue
                0x08004ee4       0x6e build/Minibot/queue.o
 .text.xQueueGenericReset
                0x08004f52       0x84 build/Minibot/queue.o
                0x08004f52                xQueueGenericReset
 .text.prvInitialiseNewQueue
                0x08004fd6       0x22 build/Minibot/queue.o
 .text.xQueueGenericCreateStatic
                0x08004ff8       0x94 build/Minibot/queue.o
                0x08004ff8                xQueueGenericCreateStatic
 .text.xQueueGenericSend
                0x0800508c      0x188 build/Minibot/queue.o
                0x0800508c                xQueueGenericSend
 .text.xQueueGenericSendFromISR
                0x08005214       0xce build/Minibot/queue.o
                0x08005214                xQueueGenericSendFromISR
 .text.xQueueReceive
                0x080052e2      0x15e build/Minibot/queue.o
                0x080052e2                xQueueReceive
 .text.vQueueAddToRegistry
                0x08005440       0x28 build/Minibot/queue.o
                0x08005440                vQueueAddToRegistry
 .text.vQueueWaitForMessageRestricted
                0x08005468       0x52 build/Minibot/queue.o
                0x08005468                vQueueWaitForMessageRestricted
 *fill*         0x080054ba        0x2 
 .text.prvResetNextTaskUnblockTime
                0x080054bc       0x2c build/Minibot/tasks.o
 .text.prvInitialiseNewTask
                0x080054e8       0xac build/Minibot/tasks.o
 .text.prvInitialiseTaskLists
                0x08005594       0x68 build/Minibot/tasks.o
 .text.prvAddNewTaskToReadyList
                0x080055fc       0xac build/Minibot/tasks.o
 .text.prvDeleteTCB
                0x080056a8       0x38 build/Minibot/tasks.o
 .text.prvCheckTasksWaitingTermination
                0x080056e0       0x4c build/Minibot/tasks.o
 .text.prvIdleTask
                0x0800572c       0x28 build/Minibot/tasks.o
 .text.prvAddCurrentTaskToDelayedList
                0x08005754       0xa0 build/Minibot/tasks.o
 .text.xTaskCreateStatic
                0x080057f4       0x76 build/Minibot/tasks.o
                0x080057f4                xTaskCreateStatic
 .text.xTaskCreate
                0x0800586a       0x64 build/Minibot/tasks.o
                0x0800586a                xTaskCreate
 *fill*         0x080058ce        0x2 
 .text.vTaskStartScheduler
                0x080058d0       0x9c build/Minibot/tasks.o
                0x080058d0                vTaskStartScheduler
 .text.vTaskSuspendAll
                0x0800596c       0x10 build/Minibot/tasks.o
                0x0800596c                vTaskSuspendAll
 .text.xTaskGetTickCount
                0x0800597c        0xc build/Minibot/tasks.o
                0x0800597c                xTaskGetTickCount
 .text.xTaskIncrementTick
                0x08005988      0x118 build/Minibot/tasks.o
                0x08005988                xTaskIncrementTick
 .text.xTaskResumeAll
                0x08005aa0       0xf8 build/Minibot/tasks.o
                0x08005aa0                xTaskResumeAll
 .text.vTaskDelayUntil
                0x08005b98       0xa4 build/Minibot/tasks.o
                0x08005b98                vTaskDelayUntil
 .text.vTaskDelay
                0x08005c3c       0x4c build/Minibot/tasks.o
                0x08005c3c                vTaskDelay
 .text.vTaskSwitchContext
                0x08005c88       0xc0 build/Minibot/tasks.o
                0x08005c88                vTaskSwitchContext
 .text.vTaskPlaceOnEventList
                0x08005d48       0x30 build/Minibot/tasks.o
                0x08005d48                vTaskPlaceOnEventList
 .text.vTaskPlaceOnEventListRestricted
                0x08005d78       0x38 build/Minibot/tasks.o
                0x08005d78                vTaskPlaceOnEventListRestricted
 .text.xTaskRemoveFromEventList
                0x08005db0       0x8c build/Minibot/tasks.o
                0x08005db0                xTaskRemoveFromEventList
 .text.vTaskInternalSetTimeOutState
                0x08005e3c       0x18 build/Minibot/tasks.o
                0x08005e3c                vTaskInternalSetTimeOutState
 .text.xTaskCheckForTimeOut
                0x08005e54       0xa4 build/Minibot/tasks.o
                0x08005e54                xTaskCheckForTimeOut
 .text.vTaskMissedYield
                0x08005ef8        0xc build/Minibot/tasks.o
                0x08005ef8                vTaskMissedYield
 .text.xTaskGetSchedulerState
                0x08005f04       0x20 build/Minibot/tasks.o
                0x08005f04                xTaskGetSchedulerState
 .text.xTaskPriorityDisinherit
                0x08005f24       0xb0 build/Minibot/tasks.o
                0x08005f24                xTaskPriorityDisinherit
 .text.prvGetNextExpireTime
                0x08005fd4       0x20 build/Minibot/timers.o
 .text.prvInsertTimerInActiveList
                0x08005ff4       0x48 build/Minibot/timers.o
 .text.prvCheckForValidListAndQueue
                0x0800603c       0x70 build/Minibot/timers.o
 .text.xTimerCreateTimerTask
                0x080060ac       0x64 build/Minibot/timers.o
                0x080060ac                xTimerCreateTimerTask
 .text.xTimerGenericCommand
                0x08006110       0x6c build/Minibot/timers.o
                0x08006110                xTimerGenericCommand
 .text.prvSwitchTimerLists
                0x0800617c       0x7c build/Minibot/timers.o
 .text.prvSampleTimeNow
                0x080061f8       0x2c build/Minibot/timers.o
 .text.prvProcessExpiredTimer
                0x08006224       0x6c build/Minibot/timers.o
 .text.prvProcessTimerOrBlockTask
                0x08006290       0x74 build/Minibot/timers.o
 .text.prvProcessReceivedCommands
                0x08006304      0x10c build/Minibot/timers.o
 .text.prvTimerTask
                0x08006410       0x16 build/Minibot/timers.o
 .text.makeFreeRtosPriority
                0x08006426        0xc build/Minibot/cmsis_os.o
 .text.osKernelStart
                0x08006432        0xa build/Minibot/cmsis_os.o
                0x08006432                osKernelStart
 .text.osThreadCreate
                0x0800643c       0x66 build/Minibot/cmsis_os.o
                0x0800643c                osThreadCreate
 .text.osDelay  0x080064a2        0xe build/Minibot/cmsis_os.o
                0x080064a2                osDelay
 .text.prvHeapInit
                0x080064b0       0x64 build/Minibot/heap_4.o
 .text.prvInsertBlockIntoFreeList
                0x08006514       0x64 build/Minibot/heap_4.o
 .text.pvPortMalloc
                0x08006578      0x104 build/Minibot/heap_4.o
                0x08006578                pvPortMalloc
 .text.vPortFree
                0x0800667c       0x7c build/Minibot/heap_4.o
                0x0800667c                vPortFree
 .text.prvTaskExitError
                0x080066f8       0x40 build/Minibot/port.o
 .text.prvPortStartFirstTask
                0x08006738       0x28 build/Minibot/port.o
 .text.vPortEnableVFP
                0x08006760       0x14 build/Minibot/port.o
 .text.pxPortInitialiseStack
                0x08006774       0x2c build/Minibot/port.o
                0x08006774                pxPortInitialiseStack
 .text.SVC_Handler
                0x080067a0       0x24 build/Minibot/port.o
                0x080067a0                SVC_Handler
 .text.vPortEnterCritical
                0x080067c4       0x44 build/Minibot/port.o
                0x080067c4                vPortEnterCritical
 .text.vPortExitCritical
                0x08006808       0x2c build/Minibot/port.o
                0x08006808                vPortExitCritical
 *fill*         0x08006834        0xc 
 .text.PendSV_Handler
                0x08006840       0x64 build/Minibot/port.o
                0x08006840                PendSV_Handler
 .text.SysTick_Handler
                0x080068a4       0x2c build/Minibot/port.o
                0x080068a4                SysTick_Handler
 .text.vPortSetupTimerInterrupt
                0x080068d0       0x28 build/Minibot/port.o
                0x080068d0                vPortSetupTimerInterrupt
 .text.xPortStartScheduler
                0x080068f8      0x118 build/Minibot/port.o
                0x080068f8                xPortStartScheduler
 .text.vPortValidateInterruptPriority
                0x08006a10       0x5c build/Minibot/port.o
                0x08006a10                vPortValidateInterruptPriority
 .text.invSqrt  0x08006a6c       0x30 build/Minibot/MahonyAHRS.o
                0x08006a6c                invSqrt
 .text.MahonyAHRSupdateIMU
                0x08006a9c      0x268 build/Minibot/MahonyAHRS.o
                0x08006a9c                MahonyAHRSupdateIMU
 .text.PID_Init
                0x08006d04       0x20 build/Minibot/pid.o
                0x08006d04                PID_Init
 .text.PID      0x08006d24       0xf0 build/Minibot/pid.o
                0x08006d24                PID
 .text.CAN_Service_Init
                0x08006e14       0x3c build/Minibot/bsp_can.o
                0x08006e14                CAN_Service_Init
 .text.CAN_Transmit
                0x08006e50       0x34 build/Minibot/bsp_can.o
                0x08006e50                CAN_Transmit
 .text.CAN_Rx_Callback
                0x08006e84       0xb4 build/Minibot/bsp_can.o
                0x08006e84                CAN_Rx_Callback
 .text.HAL_CAN_RxFifo0MsgPendingCallback
                0x08006f38        0xa build/Minibot/bsp_can.o
                0x08006f38                HAL_CAN_RxFifo0MsgPendingCallback
 .text.HAL_CAN_RxFifo1MsgPendingCallback
                0x08006f42        0xa build/Minibot/bsp_can.o
                0x08006f42                HAL_CAN_RxFifo1MsgPendingCallback
 .text.Get_CRC16_Check_Sum
                0x08006f4c       0x38 build/Minibot/bsp_crc.o
                0x08006f4c                Get_CRC16_Check_Sum
 .text.Verify_CRC16_Check_Sum
                0x08006f84       0x48 build/Minibot/bsp_crc.o
                0x08006f84                Verify_CRC16_Check_Sum
 .text.Daemon_Register
                0x08006fcc       0x2c build/Minibot/bsp_daemon.o
                0x08006fcc                Daemon_Register
 .text.Daemon_Reload
                0x08006ff8        0x6 build/Minibot/bsp_daemon.o
                0x08006ff8                Daemon_Reload
 *fill*         0x08006ffe        0x2 
 .text.Daemon_Task_Loop
                0x08007000       0x40 build/Minibot/bsp_daemon.o
                0x08007000                Daemon_Task_Loop
 .text.delay_us
                0x08007040       0x40 build/Minibot/bsp_delay.o
                0x08007040                delay_us
 .text.PWM_Start
                0x08007080        0xc build/Minibot/bsp_pwm.o
                0x08007080                PWM_Start
 .text.PWM_Set_Frequency
                0x0800708c       0x50 build/Minibot/bsp_pwm.o
                0x0800708c                PWM_Set_Frequency
 .text.PWM_Set_Period
                0x080070dc       0x44 build/Minibot/bsp_pwm.o
                0x080070dc                PWM_Set_Period
 .text.PWM_Set_Duty_Ratio
                0x08007120       0x74 build/Minibot/bsp_pwm.o
                0x08007120                PWM_Set_Duty_Ratio
 .text.PWM_Get_Tclk
                0x08007194       0x74 build/Minibot/bsp_pwm.o
                0x08007194                PWM_Get_Tclk
 .text.PWM_Register
                0x08007208       0x64 build/Minibot/bsp_pwm.o
                0x08007208                PWM_Register
 .text.UART_Service_Init
                0x0800726c       0x1e build/Minibot/bsp_uart.o
                0x0800726c                UART_Service_Init
 *fill*         0x0800728a        0x2 
 .text.UART_Register
                0x0800728c       0x40 build/Minibot/bsp_uart.o
                0x0800728c                UART_Register
 .text.HAL_UARTEx_RxEventCallback
                0x080072cc       0x54 build/Minibot/bsp_uart.o
                0x080072cc                HAL_UARTEx_RxEventCallback
 .text.BMI088_write_single_reg
                0x08007320       0x10 build/Minibot/bmi088driver.o
 .text.BMI088_read_single_reg
                0x08007330       0x16 build/Minibot/bmi088driver.o
 .text.BMI088_read_muli_reg
                0x08007346       0x24 build/Minibot/bmi088driver.o
 *fill*         0x0800736a        0x2 
 .text.bmi088_accel_init
                0x0800736c       0x7c build/Minibot/bmi088driver.o
                0x0800736c                bmi088_accel_init
 .text.bmi088_gyro_init
                0x080073e8       0xec build/Minibot/bmi088driver.o
                0x080073e8                bmi088_gyro_init
 .text.bmi088_accel_self_test
                0x080074d4      0x2a0 build/Minibot/bmi088driver.o
                0x080074d4                bmi088_accel_self_test
 .text.bmi088_gyro_self_test
                0x08007774       0xd2 build/Minibot/bmi088driver.o
                0x08007774                bmi088_gyro_self_test
 .text.BMI088_init
                0x08007846       0x2e build/Minibot/bmi088driver.o
                0x08007846                BMI088_init
 .text.BMI088_read
                0x08007874      0x168 build/Minibot/bmi088driver.o
                0x08007874                BMI088_read
 .text.BMI088_delay_ms
                0x080079dc        0x8 build/Minibot/bmi088middleware.o
                0x080079dc                BMI088_delay_ms
 .text.BMI088_delay_us
                0x080079e4        0x8 build/Minibot/bmi088middleware.o
                0x080079e4                BMI088_delay_us
 .text.BMI088_ACCEL_NS_L
                0x080079ec       0x14 build/Minibot/bmi088middleware.o
                0x080079ec                BMI088_ACCEL_NS_L
 .text.BMI088_ACCEL_NS_H
                0x08007a00       0x14 build/Minibot/bmi088middleware.o
                0x08007a00                BMI088_ACCEL_NS_H
 .text.BMI088_GYRO_NS_L
                0x08007a14       0x14 build/Minibot/bmi088middleware.o
                0x08007a14                BMI088_GYRO_NS_L
 .text.BMI088_GYRO_NS_H
                0x08007a28       0x14 build/Minibot/bmi088middleware.o
                0x08007a28                BMI088_GYRO_NS_H
 .text.BMI088_read_write_byte
                0x08007a3c       0x2c build/Minibot/bmi088middleware.o
                0x08007a3c                BMI088_read_write_byte
 .text.Buzzer_Init
                0x08007a68       0x38 build/Minibot/buzzer.o
                0x08007a68                Buzzer_Init
 .text.Buzzer_Set_Loudness
                0x08007aa0       0x14 build/Minibot/buzzer.o
                0x08007aa0                Buzzer_Set_Loudness
 .text.Buzzer_Set_Note
                0x08007ab4       0x28 build/Minibot/buzzer.o
                0x08007ab4                Buzzer_Set_Note
 *fill*         0x08007adc        0x4 
 .text.Buzzer_Play_Melody
                0x08007ae0       0xa0 build/Minibot/buzzer.o
                0x08007ae0                Buzzer_Play_Melody
 .text.DJI_Motor_Disable
                0x08007b80        0x6 build/Minibot/dji_motor.o
                0x08007b80                DJI_Motor_Disable
 *fill*         0x08007b86        0x2 
 .text.DJI_Motor_Current_Calc
                0x08007b88      0x2b0 build/Minibot/dji_motor.o
                0x08007b88                DJI_Motor_Current_Calc
 .text.DJI_Motor_Send
                0x08007e38       0x9c build/Minibot/dji_motor.o
                0x08007e38                DJI_Motor_Send
 .text.DJI_Motor_Disable_All
                0x08007ed4       0x2c build/Minibot/dji_motor.o
                0x08007ed4                DJI_Motor_Disable_All
 .text.DJI_Motor_Enable_All
                0x08007f00       0x24 build/Minibot/dji_motor.o
                0x08007f00                DJI_Motor_Enable_All
 .text.IMU_Task_Init
                0x08007f24       0x70 build/Minibot/imu_task.o
                0x08007f24                IMU_Task_Init
 .text.IMU_Task_Temp
                0x08007f94       0x68 build/Minibot/imu_task.o
                0x08007f94                IMU_Task_Temp
 .text.IMU_Task_Process
                0x08007ffc      0x100 build/Minibot/imu_task.o
                0x08007ffc                IMU_Task_Process
 .text.IMU_Task
                0x080080fc       0x24 build/Minibot/imu_task.o
                0x080080fc                IMU_Task
 .text.Referee_System_Timeout_Callback
                0x08008120       0x1c build/Minibot/referee_system.o
                0x08008120                Referee_System_Timeout_Callback
 .text.Referee_Get_Data
                0x0800813c      0x3bc build/Minibot/referee_system.o
                0x0800813c                Referee_Get_Data
 .text.Referee_Set_Robot_State
                0x080084f8       0xe4 build/Minibot/referee_system.o
                0x080084f8                Referee_Set_Robot_State
 .text.Referee_System_Init
                0x080085dc       0x44 build/Minibot/referee_system.o
                0x080085dc                Referee_System_Init
 .text.Remote_Timeout_Callback
                0x08008620       0x1c build/Minibot/remote.o
                0x08008620                Remote_Timeout_Callback
 .text.Remote_Buffer_Process
                0x0800863c      0x128 build/Minibot/remote.o
                0x0800863c                Remote_Buffer_Process
 .text.Remote_Rx_Callback
                0x08008764       0x14 build/Minibot/remote.o
                0x08008764                Remote_Rx_Callback
 .text.Remote_Init
                0x08008778       0x3c build/Minibot/remote.o
                0x08008778                Remote_Init
 .text.Chassis_Task_Init
                0x080087b4        0x2 build/Minibot/chassis_task.o
                0x080087b4                Chassis_Task_Init
 .text.Debug_Task_Loop
                0x080087b6        0x2 build/Minibot/debug_task.o
                0x080087b6                Debug_Task_Loop
 .text.Gimbal_Task_Init
                0x080087b8        0x2 build/Minibot/gimbal_task.o
                0x080087b8                Gimbal_Task_Init
 .text.Launch_Task_Init
                0x080087ba        0x2 build/Minibot/launch_task.o
                0x080087ba                Launch_Task_Init
 .text.Motor_Task_Loop
                0x080087bc        0x8 build/Minibot/motor_task.o
                0x080087bc                Motor_Task_Loop
 .text.Robot_Tasks_UI
                0x080087c4       0x14 build/Minibot/robot.o
                0x080087c4                Robot_Tasks_UI
 .text.Robot_Tasks_IMU
                0x080087d8        0x8 build/Minibot/robot.o
                0x080087d8                Robot_Tasks_IMU
 .text.Robot_Tasks_Motor
                0x080087e0       0x18 build/Minibot/robot.o
                0x080087e0                Robot_Tasks_Motor
 .text.Robot_Tasks_Debug
                0x080087f8       0x18 build/Minibot/robot.o
                0x080087f8                Robot_Tasks_Debug
 .text.Robot_Tasks_Daemon
                0x08008810       0x18 build/Minibot/robot.o
                0x08008810                Robot_Tasks_Daemon
 .text.Robot_Tasks_Start
                0x08008828       0xfc build/Minibot/robot.o
                0x08008828                Robot_Tasks_Start
 .text.Robot_Init
                0x08008924       0xa0 build/Minibot/robot.o
                0x08008924                Robot_Init
 .text.Handle_Starting_Up_State
                0x080089c4       0x34 build/Minibot/robot.o
                0x080089c4                Handle_Starting_Up_State
 .text.Handle_Enabled_State
                0x080089f8       0x28 build/Minibot/robot.o
                0x080089f8                Handle_Enabled_State
 .text.Handle_Disabled_State
                0x08008a20       0x3c build/Minibot/robot.o
                0x08008a20                Handle_Disabled_State
 .text.Robot_Command_Loop
                0x08008a5c       0x2c build/Minibot/robot.o
                0x08008a5c                Robot_Command_Loop
 .text.Robot_Tasks_Robot_Command
                0x08008a88       0x18 build/Minibot/robot.o
                0x08008a88                Robot_Tasks_Robot_Command
 .text.Reset_Handler
                0x08008aa0       0x50 build/Minibot/startup_stm32f407xx.o
                0x08008aa0                Reset_Handler
 .text.Default_Handler
                0x08008af0        0x2 build/Minibot/startup_stm32f407xx.o
                0x08008af0                DMA1_Stream3_IRQHandler
                0x08008af0                HASH_RNG_IRQHandler
                0x08008af0                EXTI2_IRQHandler
                0x08008af0                TIM8_CC_IRQHandler
                0x08008af0                TIM1_CC_IRQHandler
                0x08008af0                DMA1_Stream5_IRQHandler
                0x08008af0                PVD_IRQHandler
                0x08008af0                SDIO_IRQHandler
                0x08008af0                TAMP_STAMP_IRQHandler
                0x08008af0                TIM8_TRG_COM_TIM14_IRQHandler
                0x08008af0                TIM1_UP_TIM10_IRQHandler
                0x08008af0                TIM8_UP_TIM13_IRQHandler
                0x08008af0                I2C3_ER_IRQHandler
                0x08008af0                I2C2_EV_IRQHandler
                0x08008af0                DMA1_Stream2_IRQHandler
                0x08008af0                FPU_IRQHandler
                0x08008af0                OTG_HS_WKUP_IRQHandler
                0x08008af0                CAN2_SCE_IRQHandler
                0x08008af0                DMA2_Stream2_IRQHandler
                0x08008af0                SPI1_IRQHandler
                0x08008af0                TIM6_DAC_IRQHandler
                0x08008af0                TIM1_BRK_TIM9_IRQHandler
                0x08008af0                DCMI_IRQHandler
                0x08008af0                DMA2_Stream3_IRQHandler
                0x08008af0                UART5_IRQHandler
                0x08008af0                DMA2_Stream0_IRQHandler
                0x08008af0                TIM4_IRQHandler
                0x08008af0                I2C1_EV_IRQHandler
                0x08008af0                DMA1_Stream6_IRQHandler
                0x08008af0                UART4_IRQHandler
                0x08008af0                TIM3_IRQHandler
                0x08008af0                RCC_IRQHandler
                0x08008af0                TIM8_BRK_TIM12_IRQHandler
                0x08008af0                Default_Handler
                0x08008af0                EXTI15_10_IRQHandler
                0x08008af0                ADC_IRQHandler
                0x08008af0                DMA1_Stream7_IRQHandler
                0x08008af0                TIM7_IRQHandler
                0x08008af0                CAN2_TX_IRQHandler
                0x08008af0                TIM5_IRQHandler
                0x08008af0                I2C3_EV_IRQHandler
                0x08008af0                RTC_WKUP_IRQHandler
                0x08008af0                ETH_WKUP_IRQHandler
                0x08008af0                SPI2_IRQHandler
                0x08008af0                OTG_HS_EP1_IN_IRQHandler
                0x08008af0                DMA1_Stream0_IRQHandler
                0x08008af0                CAN1_TX_IRQHandler
                0x08008af0                FSMC_IRQHandler
                0x08008af0                ETH_IRQHandler
                0x08008af0                OTG_HS_EP1_OUT_IRQHandler
                0x08008af0                WWDG_IRQHandler
                0x08008af0                OTG_FS_WKUP_IRQHandler
                0x08008af0                TIM1_TRG_COM_TIM11_IRQHandler
                0x08008af0                OTG_HS_IRQHandler
                0x08008af0                EXTI1_IRQHandler
                0x08008af0                USART2_IRQHandler
                0x08008af0                I2C2_ER_IRQHandler
                0x08008af0                CAN1_SCE_IRQHandler
                0x08008af0                FLASH_IRQHandler
                0x08008af0                DMA2_Stream4_IRQHandler
                0x08008af0                OTG_FS_IRQHandler
                0x08008af0                SPI3_IRQHandler
                0x08008af0                DMA1_Stream4_IRQHandler
                0x08008af0                I2C1_ER_IRQHandler
                0x08008af0                RTC_Alarm_IRQHandler
 *fill*         0x08008af2        0x2 
 .text.malloc   0x08008af4       0x10 /Applications/ArmGNUToolchain/14.3.rel1/arm-none-eabi/bin/../lib/gcc/arm-none-eabi/14.3.1/../../../../arm-none-eabi/lib/thumb/v7e-m+fp/hard/libc.a(libc_a-malloc.o)
                0x08008af4                malloc
 .text._malloc_r
                0x08008b04      0x598 /Applications/ArmGNUToolchain/14.3.rel1/arm-none-eabi/bin/../lib/gcc/arm-none-eabi/14.3.1/../../../../arm-none-eabi/lib/thumb/v7e-m+fp/hard/libc.a(libc_a-mallocr.o)
                0x08008b04                _malloc_r
 .text.__malloc_lock
                0x0800909c        0xc /Applications/ArmGNUToolchain/14.3.rel1/arm-none-eabi/bin/../lib/gcc/arm-none-eabi/14.3.1/../../../../arm-none-eabi/lib/thumb/v7e-m+fp/hard/libc.a(libc_a-mlock.o)
                0x0800909c                __malloc_lock
 .text.__malloc_unlock
                0x080090a8        0xc /Applications/ArmGNUToolchain/14.3.rel1/arm-none-eabi/bin/../lib/gcc/arm-none-eabi/14.3.1/../../../../arm-none-eabi/lib/thumb/v7e-m+fp/hard/libc.a(libc_a-mlock.o)
                0x080090a8                __malloc_unlock
 .text.memset   0x080090b4       0x9c /Applications/ArmGNUToolchain/14.3.rel1/arm-none-eabi/bin/../lib/gcc/arm-none-eabi/14.3.1/../../../../arm-none-eabi/lib/thumb/v7e-m+fp/hard/libc.a(libc_a-memset.o)
                0x080090b4                memset
 .text._sbrk_r  0x08009150       0x24 /Applications/ArmGNUToolchain/14.3.rel1/arm-none-eabi/bin/../lib/gcc/arm-none-eabi/14.3.1/../../../../arm-none-eabi/lib/thumb/v7e-m+fp/hard/libc.a(libc_a-sbrkr.o)
                0x08009150                _sbrk_r
 .text.__errno  0x08009174        0xc /Applications/ArmGNUToolchain/14.3.rel1/arm-none-eabi/bin/../lib/gcc/arm-none-eabi/14.3.1/../../../../arm-none-eabi/lib/thumb/v7e-m+fp/hard/libc.a(libc_a-errno.o)
                0x08009174                __errno
 .text.sysconf  0x08009180       0x1c /Applications/ArmGNUToolchain/14.3.rel1/arm-none-eabi/bin/../lib/gcc/arm-none-eabi/14.3.1/../../../../arm-none-eabi/lib/thumb/v7e-m+fp/hard/libc.a(libc_a-sysconf.o)
                0x08009180                sysconf
 .text.__libc_init_array
                0x0800919c       0x50 /Applications/ArmGNUToolchain/14.3.rel1/arm-none-eabi/bin/../lib/gcc/arm-none-eabi/14.3.1/../../../../arm-none-eabi/lib/thumb/v7e-m+fp/hard/libc.a(libc_a-init.o)
                0x0800919c                __libc_init_array
 .text.__retarget_lock_acquire_recursive
                0x080091ec        0x4 /Applications/ArmGNUToolchain/14.3.rel1/arm-none-eabi/bin/../lib/gcc/arm-none-eabi/14.3.1/../../../../arm-none-eabi/lib/thumb/v7e-m+fp/hard/libc.a(libc_a-lock.o)
                0x080091ec                __retarget_lock_acquire_recursive
 .text.__retarget_lock_release_recursive
                0x080091f0        0x4 /Applications/ArmGNUToolchain/14.3.rel1/arm-none-eabi/bin/../lib/gcc/arm-none-eabi/14.3.1/../../../../arm-none-eabi/lib/thumb/v7e-m+fp/hard/libc.a(libc_a-lock.o)
                0x080091f0                __retarget_lock_release_recursive
 .text.startup.register_fini
                0x080091f4       0x14 /Applications/ArmGNUToolchain/14.3.rel1/arm-none-eabi/bin/../lib/gcc/arm-none-eabi/14.3.1/../../../../arm-none-eabi/lib/thumb/v7e-m+fp/hard/libc.a(libc_a-__call_atexit.o)
 .text.atexit   0x08009208        0xc /Applications/ArmGNUToolchain/14.3.rel1/arm-none-eabi/bin/../lib/gcc/arm-none-eabi/14.3.1/../../../../arm-none-eabi/lib/thumb/v7e-m+fp/hard/libc.a(libc_a-atexit.o)
                0x08009208                atexit
 .text._malloc_trim_r
                0x08009214       0xb8 /Applications/ArmGNUToolchain/14.3.rel1/arm-none-eabi/bin/../lib/gcc/arm-none-eabi/14.3.1/../../../../arm-none-eabi/lib/thumb/v7e-m+fp/hard/libc.a(libc_a-freer.o)
                0x08009214                _malloc_trim_r
 .text._free_r  0x080092cc      0x1f0 /Applications/ArmGNUToolchain/14.3.rel1/arm-none-eabi/bin/../lib/gcc/arm-none-eabi/14.3.1/../../../../arm-none-eabi/lib/thumb/v7e-m+fp/hard/libc.a(libc_a-freer.o)
                0x080092cc                _free_r
 .text.__libc_fini_array
                0x080094bc       0x28 /Applications/ArmGNUToolchain/14.3.rel1/arm-none-eabi/bin/../lib/gcc/arm-none-eabi/14.3.1/../../../../arm-none-eabi/lib/thumb/v7e-m+fp/hard/libc.a(libc_a-fini.o)
                0x080094bc                __libc_fini_array
 .text.__register_exitproc
                0x080094e4       0x80 /Applications/ArmGNUToolchain/14.3.rel1/arm-none-eabi/bin/../lib/gcc/arm-none-eabi/14.3.1/../../../../arm-none-eabi/lib/thumb/v7e-m+fp/hard/libc.a(libc_a-__atexit.o)
                0x080094e4                __register_exitproc
 .text.nanf     0x08009564        0xc /Applications/ArmGNUToolchain/14.3.rel1/arm-none-eabi/bin/../lib/gcc/arm-none-eabi/14.3.1/../../../../arm-none-eabi/lib/thumb/v7e-m+fp/hard/libc.a(libm_a-sf_nan.o)
                0x08009564                nanf
 .text.asinf    0x08009570       0x58 /Applications/ArmGNUToolchain/14.3.rel1/arm-none-eabi/bin/../lib/gcc/arm-none-eabi/14.3.1/../../../../arm-none-eabi/lib/thumb/v7e-m+fp/hard/libm.a(libm_a-wf_asin.o)
                0x08009570                asinf
 .text.atan2f   0x080095c8        0x4 /Applications/ArmGNUToolchain/14.3.rel1/arm-none-eabi/bin/../lib/gcc/arm-none-eabi/14.3.1/../../../../arm-none-eabi/lib/thumb/v7e-m+fp/hard/libm.a(libm_a-wf_atan2.o)
                0x080095c8                atan2f
 .text.fabsf    0x080095cc       0x10 /Applications/ArmGNUToolchain/14.3.rel1/arm-none-eabi/bin/../lib/gcc/arm-none-eabi/14.3.1/../../../../arm-none-eabi/lib/thumb/v7e-m+fp/hard/libm.a(libm_a-sf_fabs.o)
                0x080095cc                fabsf
 .text.__ieee754_asinf
                0x080095dc      0x1f4 /Applications/ArmGNUToolchain/14.3.rel1/arm-none-eabi/bin/../lib/gcc/arm-none-eabi/14.3.1/../../../../arm-none-eabi/lib/thumb/v7e-m+fp/hard/libm.a(libm_a-ef_asin.o)
                0x080095dc                __ieee754_asinf
 .text.__ieee754_atan2f
                0x080097d0      0x14c /Applications/ArmGNUToolchain/14.3.rel1/arm-none-eabi/bin/../lib/gcc/arm-none-eabi/14.3.1/../../../../arm-none-eabi/lib/thumb/v7e-m+fp/hard/libm.a(libm_a-ef_atan2.o)
                0x080097d0                __ieee754_atan2f
 .text.__ieee754_sqrtf
                0x0800991c        0x8 /Applications/ArmGNUToolchain/14.3.rel1/arm-none-eabi/bin/../lib/gcc/arm-none-eabi/14.3.1/../../../../arm-none-eabi/lib/thumb/v7e-m+fp/hard/libm.a(libm_a-ef_sqrt.o)
                0x0800991c                __ieee754_sqrtf
 .text.atanf    0x08009924      0x1a4 /Applications/ArmGNUToolchain/14.3.rel1/arm-none-eabi/bin/../lib/gcc/arm-none-eabi/14.3.1/../../../../arm-none-eabi/lib/thumb/v7e-m+fp/hard/libm.a(libm_a-sf_atan.o)
                0x08009924                atanf
 .text._sbrk    0x08009ac8       0x1c /Applications/ArmGNUToolchain/14.3.rel1/arm-none-eabi/bin/../lib/gcc/arm-none-eabi/14.3.1/../../../../arm-none-eabi/lib/thumb/v7e-m+fp/hard/libnosys.a(sbrk.o)
                0x08009ac8                _sbrk
 .text.__udivmoddi4
                0x08009ae4      0x2f8 /Applications/ArmGNUToolchain/14.3.rel1/arm-none-eabi/bin/../lib/gcc/arm-none-eabi/14.3.1/thumb/v7e-m+fp/hard/libgcc.a(_udivmoddi4.o)
                0x08009ae4                __udivmoddi4
 *(.glue_7)
 .glue_7        0x08009ddc        0x0 linker stubs
 *(.glue_7t)
 .glue_7t       0x08009ddc        0x0 linker stubs
 *(.eh_frame)
 .eh_frame      0x08009ddc        0x0 /Applications/ArmGNUToolchain/14.3.rel1/arm-none-eabi/bin/../lib/gcc/arm-none-eabi/14.3.1/thumb/v7e-m+fp/hard/crtbegin.o
 *(.init)
 .init          0x08009ddc        0x4 /Applications/ArmGNUToolchain/14.3.rel1/arm-none-eabi/bin/../lib/gcc/arm-none-eabi/14.3.1/thumb/v7e-m+fp/hard/crti.o
                0x08009ddc                _init
 .init          0x08009de0        0x8 /Applications/ArmGNUToolchain/14.3.rel1/arm-none-eabi/bin/../lib/gcc/arm-none-eabi/14.3.1/thumb/v7e-m+fp/hard/crtn.o
 *(.fini)
 .fini          0x08009de8        0x4 /Applications/ArmGNUToolchain/14.3.rel1/arm-none-eabi/bin/../lib/gcc/arm-none-eabi/14.3.1/thumb/v7e-m+fp/hard/crti.o
                0x08009de8                _fini
 .fini          0x08009dec        0x8 /Applications/ArmGNUToolchain/14.3.rel1/arm-none-eabi/bin/../lib/gcc/arm-none-eabi/14.3.1/thumb/v7e-m+fp/hard/crtn.o
                0x08009df4                        . = ALIGN (0x4)
                0x08009df4                        _etext = .

.vfp11_veneer   0x08009df4        0x0
 .vfp11_veneer  0x08009df4        0x0 linker stubs

.v4_bx          0x08009df4        0x0
 .v4_bx         0x08009df4        0x0 linker stubs

.iplt           0x08009df4        0x0
 .iplt          0x08009df4        0x0 /Applications/ArmGNUToolchain/14.3.rel1/arm-none-eabi/bin/../lib/gcc/arm-none-eabi/14.3.1/thumb/v7e-m+fp/hard/crtbegin.o

.rodata         0x08009df4      0x3c8
                0x08009df4                        . = ALIGN (0x4)
 *(.rodata)
 .rodata        0x08009df4       0x1c build/Minibot/freertos.o
 .rodata        0x08009e10       0xa8 build/Minibot/robot.o
 *(.rodata*)
 .rodata.str1.4
                0x08009eb8       0x6d build/Minibot/freertos.o
                                  0xc (size before relaxing)
 *fill*         0x08009f25        0x3 
 .rodata.APBPrescTable
                0x08009f28        0x8 build/Minibot/system_stm32f4xx.o
                0x08009f28                APBPrescTable
 .rodata.AHBPrescTable
                0x08009f30       0x10 build/Minibot/system_stm32f4xx.o
                0x08009f30                AHBPrescTable
 .rodata.flagBitshiftOffset.0
                0x08009f40        0x8 build/Minibot/stm32f4xx_hal_dma.o
 .rodata.vTaskStartScheduler.str1.4
                0x08009f48        0x5 build/Minibot/tasks.o
 .rodata.prvCheckForValidListAndQueue.str1.4
                0x08009f48        0x5 build/Minibot/timers.o
 .rodata.xTimerCreateTimerTask.str1.4
                0x08009f48        0x8 build/Minibot/timers.o
 .rodata.wCRC_Table
                0x08009f48      0x200 build/Minibot/bsp_crc.o
                0x08009f48                wCRC_Table
 .rodata.write_BMI088_ACCEL_self_test_Reg_Data_Error.0
                0x0800a148       0x12 build/Minibot/bmi088driver.o
 *fill*         0x0800a15a        0x2 
 .rodata.write_BMI088_gyro_reg_data_error
                0x0800a15c       0x12 build/Minibot/bmi088driver.o
 *fill*         0x0800a16e        0x2 
 .rodata.write_BMI088_accel_reg_data_error
                0x0800a170       0x12 build/Minibot/bmi088driver.o
 .rodata.str1.4
                0x0800a182       0x49 build/Minibot/robot.o
 .rodata.asinf.str1.4
                0x0800a182        0x1 /Applications/ArmGNUToolchain/14.3.rel1/arm-none-eabi/bin/../lib/gcc/arm-none-eabi/14.3.1/../../../../arm-none-eabi/lib/thumb/v7e-m+fp/hard/libm.a(libm_a-wf_asin.o)
 *fill*         0x0800a182        0x2 
 .rodata.CSWTCH.9
                0x0800a184        0xc /Applications/ArmGNUToolchain/14.3.rel1/arm-none-eabi/bin/../lib/gcc/arm-none-eabi/14.3.1/../../../../arm-none-eabi/lib/thumb/v7e-m+fp/hard/libm.a(libm_a-ef_atan2.o)
 .rodata.CSWTCH.8
                0x0800a190        0xc /Applications/ArmGNUToolchain/14.3.rel1/arm-none-eabi/bin/../lib/gcc/arm-none-eabi/14.3.1/../../../../arm-none-eabi/lib/thumb/v7e-m+fp/hard/libm.a(libm_a-ef_atan2.o)
 .rodata.atanlo
                0x0800a19c       0x10 /Applications/ArmGNUToolchain/14.3.rel1/arm-none-eabi/bin/../lib/gcc/arm-none-eabi/14.3.1/../../../../arm-none-eabi/lib/thumb/v7e-m+fp/hard/libm.a(libm_a-sf_atan.o)
 .rodata.atanhi
                0x0800a1ac       0x10 /Applications/ArmGNUToolchain/14.3.rel1/arm-none-eabi/bin/../lib/gcc/arm-none-eabi/14.3.1/../../../../arm-none-eabi/lib/thumb/v7e-m+fp/hard/libm.a(libm_a-sf_atan.o)
                0x0800a1bc                        . = ALIGN (0x4)

.ARM.extab
 *(.ARM.extab* .gnu.linkonce.armextab.*)

.ARM            0x0800a1bc        0x8
                0x0800a1bc                        __exidx_start = .
 *(.ARM.exidx*)
 .ARM.exidx     0x0800a1bc        0x8 /Applications/ArmGNUToolchain/14.3.rel1/arm-none-eabi/bin/../lib/gcc/arm-none-eabi/14.3.1/../../../../arm-none-eabi/lib/thumb/v7e-m+fp/hard/libc.a(libc_a-memcpy.o)
 .ARM.exidx.text.__udivmoddi4
                0x0800a1c4        0x0 /Applications/ArmGNUToolchain/14.3.rel1/arm-none-eabi/bin/../lib/gcc/arm-none-eabi/14.3.1/thumb/v7e-m+fp/hard/libgcc.a(_udivmoddi4.o)
                                  0x8 (size before relaxing)
                0x0800a1c4                        __exidx_end = .

.rel.dyn        0x0800a1c4        0x0
 .rel.iplt      0x0800a1c4        0x0 /Applications/ArmGNUToolchain/14.3.rel1/arm-none-eabi/bin/../lib/gcc/arm-none-eabi/14.3.1/thumb/v7e-m+fp/hard/crtbegin.o

.preinit_array  0x0800a1c4        0x0
                0x0800a1c4                        PROVIDE (__preinit_array_start = .)
 *(.preinit_array*)
                0x0800a1c4                        PROVIDE (__preinit_array_end = .)

.init_array     0x0800a1c4        0x8
                0x0800a1c4                        PROVIDE (__init_array_start = .)
 *(SORT_BY_NAME(.init_array.*))
 .init_array.00000
                0x0800a1c4        0x4 /Applications/ArmGNUToolchain/14.3.rel1/arm-none-eabi/bin/../lib/gcc/arm-none-eabi/14.3.1/../../../../arm-none-eabi/lib/thumb/v7e-m+fp/hard/libc.a(libc_a-__call_atexit.o)
 *(.init_array*)
 .init_array    0x0800a1c8        0x4 /Applications/ArmGNUToolchain/14.3.rel1/arm-none-eabi/bin/../lib/gcc/arm-none-eabi/14.3.1/thumb/v7e-m+fp/hard/crtbegin.o
                0x0800a1cc                        PROVIDE (__init_array_end = .)

.fini_array     0x0800a1cc        0x4
                0x0800a1cc                        PROVIDE (__fini_array_start = .)
 *(SORT_BY_NAME(.fini_array.*))
 *(.fini_array*)
 .fini_array    0x0800a1cc        0x4 /Applications/ArmGNUToolchain/14.3.rel1/arm-none-eabi/bin/../lib/gcc/arm-none-eabi/14.3.1/thumb/v7e-m+fp/hard/crtbegin.o
                0x0800a1d0                        PROVIDE (__fini_array_end = .)
                0x0800a1d0                        _sidata = LOADADDR (.data)

.data           0x20000000      0x63c load address 0x0800a1d0
                0x20000000                        . = ALIGN (0x4)
                0x20000000                        _sdata = .
 *(.data)
 *(.data*)
 .data.SystemCoreClock
                0x20000000        0x4 build/Minibot/system_stm32f4xx.o
                0x20000000                SystemCoreClock
 .data.uwTickFreq
                0x20000004        0x1 build/Minibot/stm32f4xx_hal.o
                0x20000004                uwTickFreq
 *fill*         0x20000005        0x3 
 .data.uwTickPrio
                0x20000008        0x4 build/Minibot/stm32f4xx_hal.o
                0x20000008                uwTickPrio
 .data.uxCriticalNesting
                0x2000000c        0x4 build/Minibot/port.o
 .data.twoKp    0x20000010        0x4 build/Minibot/MahonyAHRS.o
                0x20000010                twoKp
 .data.CRC_INIT
                0x20000014        0x2 build/Minibot/bsp_crc.o
                0x20000014                CRC_INIT
 *fill*         0x20000016        0x2 
 .data.BMI088_GYRO_SEN
                0x20000018        0x4 build/Minibot/bmi088driver.o
                0x20000018                BMI088_GYRO_SEN
 .data.BMI088_ACCEL_SEN
                0x2000001c        0x4 build/Minibot/bmi088driver.o
                0x2000001c                BMI088_ACCEL_SEN
 .data.__malloc_sbrk_base
                0x20000020        0x4 /Applications/ArmGNUToolchain/14.3.rel1/arm-none-eabi/bin/../lib/gcc/arm-none-eabi/14.3.1/../../../../arm-none-eabi/lib/thumb/v7e-m+fp/hard/libc.a(libc_a-mallocr.o)
                0x20000020                __malloc_sbrk_base
 .data.__malloc_trim_threshold
                0x20000024        0x4 /Applications/ArmGNUToolchain/14.3.rel1/arm-none-eabi/bin/../lib/gcc/arm-none-eabi/14.3.1/../../../../arm-none-eabi/lib/thumb/v7e-m+fp/hard/libc.a(libc_a-mallocr.o)
                0x20000024                __malloc_trim_threshold
 .data.__malloc_av_
                0x20000028      0x408 /Applications/ArmGNUToolchain/14.3.rel1/arm-none-eabi/bin/../lib/gcc/arm-none-eabi/14.3.1/../../../../arm-none-eabi/lib/thumb/v7e-m+fp/hard/libc.a(libc_a-mallocr.o)
                0x20000028                __malloc_av_
 .data._impure_ptr
                0x20000430        0x4 /Applications/ArmGNUToolchain/14.3.rel1/arm-none-eabi/bin/../lib/gcc/arm-none-eabi/14.3.1/../../../../arm-none-eabi/lib/thumb/v7e-m+fp/hard/libc.a(libc_a-impure.o)
                0x20000430                _impure_ptr
 *fill*         0x20000434        0x4 
 .data._impure_data
                0x20000438      0x200 /Applications/ArmGNUToolchain/14.3.rel1/arm-none-eabi/bin/../lib/gcc/arm-none-eabi/14.3.1/../../../../arm-none-eabi/lib/thumb/v7e-m+fp/hard/libc.a(libc_a-impure.o)
                0x20000438                _impure_data
 .data.__atexit_recursive_mutex
                0x20000638        0x4 /Applications/ArmGNUToolchain/14.3.rel1/arm-none-eabi/bin/../lib/gcc/arm-none-eabi/14.3.1/../../../../arm-none-eabi/lib/thumb/v7e-m+fp/hard/libc.a(libc_a-__call_atexit.o)
                0x20000638                __atexit_recursive_mutex
                0x2000063c                        . = ALIGN (0x4)
                0x2000063c                        _edata = .
                0x0800a80c                        _siccmram = LOADADDR (.ccmram)

.tm_clone_table
                0x2000063c        0x0 load address 0x0800a80c
 .tm_clone_table
                0x2000063c        0x0 /Applications/ArmGNUToolchain/14.3.rel1/arm-none-eabi/bin/../lib/gcc/arm-none-eabi/14.3.1/thumb/v7e-m+fp/hard/crtbegin.o
 .tm_clone_table
                0x2000063c        0x0 /Applications/ArmGNUToolchain/14.3.rel1/arm-none-eabi/bin/../lib/gcc/arm-none-eabi/14.3.1/thumb/v7e-m+fp/hard/crtend.o

.igot.plt       0x2000063c        0x0 load address 0x0800a80c
 .igot.plt      0x2000063c        0x0 /Applications/ArmGNUToolchain/14.3.rel1/arm-none-eabi/bin/../lib/gcc/arm-none-eabi/14.3.1/thumb/v7e-m+fp/hard/crtbegin.o

.ccmram         0x10000000        0x0 load address 0x0800a80c
                0x10000000                        . = ALIGN (0x4)
                0x10000000                        _sccmram = .
 *(.ccmram)
 *(.ccmram*)
                0x10000000                        . = ALIGN (0x4)
                0x10000000                        _eccmram = .
                0x10000000                        . = ALIGN (0x4)

.bss            0x2000063c     0x7854
                0x2000063c                        _sbss = .
                0x2000063c                        __bss_start__ = _sbss
 *(.bss)
 *(.bss*)
 .bss.completed.1
                0x2000063c        0x1 /Applications/ArmGNUToolchain/14.3.rel1/arm-none-eabi/bin/../lib/gcc/arm-none-eabi/14.3.1/thumb/v7e-m+fp/hard/crtbegin.o
 *fill*         0x2000063d        0x3 
 .bss.object.0  0x20000640       0x18 /Applications/ArmGNUToolchain/14.3.rel1/arm-none-eabi/bin/../lib/gcc/arm-none-eabi/14.3.1/thumb/v7e-m+fp/hard/crtbegin.o
 .bss.xTimerStack
                0x20000658      0x400 build/Minibot/freertos.o
 .bss.xTimerTaskTCBBuffer
                0x20000a58       0x64 build/Minibot/freertos.o
 .bss.xIdleStack
                0x20000abc      0x200 build/Minibot/freertos.o
 .bss.xIdleTaskTCBBuffer
                0x20000cbc       0x64 build/Minibot/freertos.o
 .bss.defaultTaskHandle
                0x20000d20        0x4 build/Minibot/freertos.o
                0x20000d20                defaultTaskHandle
 .bss.HAL_RCC_CAN1_CLK_ENABLED
                0x20000d24        0x4 build/Minibot/can.o
 .bss.hcan2     0x20000d28       0x28 build/Minibot/can.o
                0x20000d28                hcan2
 .bss.hcan1     0x20000d50       0x28 build/Minibot/can.o
                0x20000d50                hcan1
 .bss.hi2c3     0x20000d78       0x54 build/Minibot/i2c.o
                0x20000d78                hi2c3
 .bss.hdma_spi1_tx
                0x20000dcc       0x60 build/Minibot/spi.o
                0x20000dcc                hdma_spi1_tx
 .bss.hdma_spi1_rx
                0x20000e2c       0x60 build/Minibot/spi.o
                0x20000e2c                hdma_spi1_rx
 .bss.hspi1     0x20000e8c       0x58 build/Minibot/spi.o
                0x20000e8c                hspi1
 .bss.htim10    0x20000ee4       0x48 build/Minibot/tim.o
                0x20000ee4                htim10
 .bss.htim8     0x20000f2c       0x48 build/Minibot/tim.o
                0x20000f2c                htim8
 .bss.htim5     0x20000f74       0x48 build/Minibot/tim.o
                0x20000f74                htim5
 .bss.htim4     0x20000fbc       0x48 build/Minibot/tim.o
                0x20000fbc                htim4
 .bss.htim3     0x20001004       0x48 build/Minibot/tim.o
                0x20001004                htim3
 .bss.htim1     0x2000104c       0x48 build/Minibot/tim.o
                0x2000104c                htim1
 .bss.hdma_usart6_tx
                0x20001094       0x60 build/Minibot/usart.o
                0x20001094                hdma_usart6_tx
 .bss.hdma_usart6_rx
                0x200010f4       0x60 build/Minibot/usart.o
                0x200010f4                hdma_usart6_rx
 .bss.hdma_usart3_rx
                0x20001154       0x60 build/Minibot/usart.o
                0x20001154                hdma_usart3_rx
 .bss.hdma_usart1_tx
                0x200011b4       0x60 build/Minibot/usart.o
                0x200011b4                hdma_usart1_tx
 .bss.hdma_usart1_rx
                0x20001214       0x60 build/Minibot/usart.o
                0x20001214                hdma_usart1_rx
 .bss.huart6    0x20001274       0x48 build/Minibot/usart.o
                0x20001274                huart6
 .bss.huart3    0x200012bc       0x48 build/Minibot/usart.o
                0x200012bc                huart3
 .bss.huart1    0x20001304       0x48 build/Minibot/usart.o
                0x20001304                huart1
 .bss.htim2     0x2000134c       0x48 build/Minibot/stm32f4xx_hal_timebase_tim.o
                0x2000134c                htim2
 .bss.uwTick    0x20001394        0x4 build/Minibot/stm32f4xx_hal.o
                0x20001394                uwTick
 .bss.xQueueRegistry
                0x20001398       0x40 build/Minibot/queue.o
                0x20001398                xQueueRegistry
 .bss.ulTotalRunTime
                0x200013d8        0x4 build/Minibot/tasks.o
 .bss.ulTaskSwitchedInTime
                0x200013dc        0x4 build/Minibot/tasks.o
 .bss.uxSchedulerSuspended
                0x200013e0        0x4 build/Minibot/tasks.o
 .bss.xIdleTaskHandle
                0x200013e4        0x4 build/Minibot/tasks.o
 .bss.xNextTaskUnblockTime
                0x200013e8        0x4 build/Minibot/tasks.o
 .bss.uxTaskNumber
                0x200013ec        0x4 build/Minibot/tasks.o
 .bss.xNumOfOverflows
                0x200013f0        0x4 build/Minibot/tasks.o
 .bss.xYieldPending
                0x200013f4        0x4 build/Minibot/tasks.o
 .bss.xPendedTicks
                0x200013f8        0x4 build/Minibot/tasks.o
 .bss.xSchedulerRunning
                0x200013fc        0x4 build/Minibot/tasks.o
 .bss.uxTopReadyPriority
                0x20001400        0x4 build/Minibot/tasks.o
 .bss.xTickCount
                0x20001404        0x4 build/Minibot/tasks.o
 .bss.uxCurrentNumberOfTasks
                0x20001408        0x4 build/Minibot/tasks.o
 .bss.xSuspendedTaskList
                0x2000140c       0x14 build/Minibot/tasks.o
 .bss.uxDeletedTasksWaitingCleanUp
                0x20001420        0x4 build/Minibot/tasks.o
 .bss.xTasksWaitingTermination
                0x20001424       0x14 build/Minibot/tasks.o
 .bss.xPendingReadyList
                0x20001438       0x14 build/Minibot/tasks.o
 .bss.pxOverflowDelayedTaskList
                0x2000144c        0x4 build/Minibot/tasks.o
 .bss.pxDelayedTaskList
                0x20001450        0x4 build/Minibot/tasks.o
 .bss.xDelayedTaskList2
                0x20001454       0x14 build/Minibot/tasks.o
 .bss.xDelayedTaskList1
                0x20001468       0x14 build/Minibot/tasks.o
 .bss.pxReadyTasksLists
                0x2000147c       0x8c build/Minibot/tasks.o
 .bss.pxCurrentTCB
                0x20001508        0x4 build/Minibot/tasks.o
                0x20001508                pxCurrentTCB
 .bss.xStaticTimerQueue.0
                0x2000150c       0x50 build/Minibot/timers.o
 .bss.ucStaticTimerQueueStorage.1
                0x2000155c       0xa0 build/Minibot/timers.o
 .bss.xLastTime.2
                0x200015fc        0x4 build/Minibot/timers.o
 .bss.xTimerTaskHandle
                0x20001600        0x4 build/Minibot/timers.o
 .bss.xTimerQueue
                0x20001604        0x4 build/Minibot/timers.o
 .bss.pxOverflowTimerList
                0x20001608        0x4 build/Minibot/timers.o
 .bss.pxCurrentTimerList
                0x2000160c        0x4 build/Minibot/timers.o
 .bss.xActiveTimerList2
                0x20001610       0x14 build/Minibot/timers.o
 .bss.xActiveTimerList1
                0x20001624       0x14 build/Minibot/timers.o
 .bss.xBlockAllocatedBit
                0x20001638        0x4 build/Minibot/heap_4.o
 .bss.xNumberOfSuccessfulFrees
                0x2000163c        0x4 build/Minibot/heap_4.o
 .bss.xNumberOfSuccessfulAllocations
                0x20001640        0x4 build/Minibot/heap_4.o
 .bss.xMinimumEverFreeBytesRemaining
                0x20001644        0x4 build/Minibot/heap_4.o
 .bss.xFreeBytesRemaining
                0x20001648        0x4 build/Minibot/heap_4.o
 .bss.pxEnd     0x2000164c        0x4 build/Minibot/heap_4.o
 .bss.xStart    0x20001650        0x8 build/Minibot/heap_4.o
 .bss.ucHeap    0x20001658     0x6000 build/Minibot/heap_4.o
 .bss.ulMaxPRIGROUPValue
                0x20007658        0x4 build/Minibot/port.o
 .bss.ucMaxSysCallPriority
                0x2000765c        0x1 build/Minibot/port.o
 *fill*         0x2000765d        0x3 
 .bss.integralFBz
                0x20007660        0x4 build/Minibot/MahonyAHRS.o
                0x20007660                integralFBz
 .bss.integralFBy
                0x20007664        0x4 build/Minibot/MahonyAHRS.o
                0x20007664                integralFBy
 .bss.integralFBx
                0x20007668        0x4 build/Minibot/MahonyAHRS.o
                0x20007668                integralFBx
 .bss.twoKi     0x2000766c        0x4 build/Minibot/MahonyAHRS.o
                0x2000766c                twoKi
 .bss.rx_header.0
                0x20007670       0x1c build/Minibot/bsp_can.o
 .bss.g_can2_device_count
                0x2000768c        0x1 build/Minibot/bsp_can.o
 *fill*         0x2000768d        0x3 
 .bss.g_can2_can_instances
                0x20007690       0x20 build/Minibot/bsp_can.o
 .bss.g_can1_device_count
                0x200076b0        0x1 build/Minibot/bsp_can.o
 *fill*         0x200076b1        0x3 
 .bss.g_can1_can_instances
                0x200076b4       0x20 build/Minibot/bsp_can.o
 .bss.g_daemon_instance_count
                0x200076d4        0x1 build/Minibot/bsp_daemon.o
                0x200076d4                g_daemon_instance_count
 *fill*         0x200076d5        0x3 
 .bss.g_daemon_instances
                0x200076d8        0xc build/Minibot/bsp_daemon.o
                0x200076d8                g_daemon_instances
 .bss.fac_us    0x200076e4        0x1 build/Minibot/bsp_delay.o
 *fill*         0x200076e5        0x3 
 .bss.pwm_instance
                0x200076e8       0x40 build/Minibot/bsp_pwm.o
 .bss.idx       0x20007728        0x1 build/Minibot/bsp_pwm.o
 .bss.g_uart_instance_count
                0x20007729        0x1 build/Minibot/bsp_uart.o
                0x20007729                g_uart_instance_count
 *fill*         0x2000772a        0x2 
 .bss.g_uart_insatnces
                0x2000772c        0xc build/Minibot/bsp_uart.o
                0x2000772c                g_uart_insatnces
 .bss.g_buzzer_uart_ptr
                0x20007738        0x4 build/Minibot/buzzer.o
                0x20007738                g_buzzer_uart_ptr
 .bss.g_buzzer  0x2000773c        0x8 build/Minibot/buzzer.o
                0x2000773c                g_buzzer
 .bss.motor4.0  0x20007744        0x2 build/Minibot/dji_motor.o
 .bss.motor3.1  0x20007746        0x2 build/Minibot/dji_motor.o
 .bss.motor2.2  0x20007748        0x2 build/Minibot/dji_motor.o
 .bss.motor1.3  0x2000774a        0x2 build/Minibot/dji_motor.o
 .bss.g_dji_motor_group_count
                0x2000774c        0x1 build/Minibot/dji_motor.o
                0x2000774c                g_dji_motor_group_count
 *fill*         0x2000774d        0x3 
 .bss.g_dji_send_group
                0x20007750       0x18 build/Minibot/dji_motor.o
                0x20007750                g_dji_send_group
 .bss.g_dji_motor_count
                0x20007768        0x1 build/Minibot/dji_motor.o
                0x20007768                g_dji_motor_count
 *fill*         0x20007769        0x3 
 .bss.g_dji_motors
                0x2000776c       0x40 build/Minibot/dji_motor.o
                0x2000776c                g_dji_motors
 .bss.start_complete.0
                0x200077ac        0x1 build/Minibot/imu_task.o
 *fill*         0x200077ad        0x3 
 .bss.g_imu_temp_pid
                0x200077b0       0x34 build/Minibot/imu_task.o
                0x200077b0                g_imu_temp_pid
 .bss.g_imu     0x200077e4       0x5c build/Minibot/imu_task.o
                0x200077e4                g_imu
 .bss.g_referee_daemon_instance_ptr
                0x20007840        0x4 build/Minibot/referee_system.o
                0x20007840                g_referee_daemon_instance_ptr
 .bss.g_referee_uart_instance_ptr
                0x20007844        0x4 build/Minibot/referee_system.o
                0x20007844                g_referee_uart_instance_ptr
 .bss.Referee_Robot_State
                0x20007848       0x24 build/Minibot/referee_system.o
                0x20007848                Referee_Robot_State
 .bss.Referee_System
                0x2000786c      0x19c build/Minibot/referee_system.o
                0x2000786c                Referee_System
 .bss.debug_buffer
                0x20007a08       0x12 build/Minibot/remote.o
                0x20007a08                debug_buffer
 *fill*         0x20007a1a        0x2 
 .bss.remote_buffer
                0x20007a1c       0x12 build/Minibot/remote.o
                0x20007a1c                remote_buffer
 *fill*         0x20007a2e        0x2 
 .bss.g_remote_daemon
                0x20007a30        0x4 build/Minibot/remote.o
                0x20007a30                g_remote_daemon
 .bss.g_remote_uart
                0x20007a34        0x4 build/Minibot/remote.o
                0x20007a34                g_remote_uart
 .bss.g_remote  0x20007a38       0x2c build/Minibot/remote.o
                0x20007a38                g_remote
 .bss.g_supercap
                0x20007a64       0xa8 build/Minibot/supercap.o
                0x20007a64                g_supercap
 .bss.g_robot_state
                0x20007b0c       0x5c build/Minibot/robot.o
                0x20007b0c                g_robot_state
 .bss.daemon_task_handle
                0x20007b68        0x4 build/Minibot/robot.o
                0x20007b68                daemon_task_handle
 .bss.debug_task_handle
                0x20007b6c        0x4 build/Minibot/robot.o
                0x20007b6c                debug_task_handle
 .bss.ui_task_handle
                0x20007b70        0x4 build/Minibot/robot.o
                0x20007b70                ui_task_handle
 .bss.motor_task_handle
                0x20007b74        0x4 build/Minibot/robot.o
                0x20007b74                motor_task_handle
 .bss.robot_command_task_handle
                0x20007b78        0x4 build/Minibot/robot.o
                0x20007b78                robot_command_task_handle
 .bss.imu_task_handle
                0x20007b7c        0x4 build/Minibot/robot.o
                0x20007b7c                imu_task_handle
 .bss.__malloc_current_mallinfo
                0x20007b80       0x28 /Applications/ArmGNUToolchain/14.3.rel1/arm-none-eabi/bin/../lib/gcc/arm-none-eabi/14.3.1/../../../../arm-none-eabi/lib/thumb/v7e-m+fp/hard/libc.a(libc_a-mallocr.o)
                0x20007b80                __malloc_current_mallinfo
 .bss.__malloc_max_total_mem
                0x20007ba8        0x4 /Applications/ArmGNUToolchain/14.3.rel1/arm-none-eabi/bin/../lib/gcc/arm-none-eabi/14.3.1/../../../../arm-none-eabi/lib/thumb/v7e-m+fp/hard/libc.a(libc_a-mallocr.o)
                0x20007ba8                __malloc_max_total_mem
 .bss.__malloc_max_sbrked_mem
                0x20007bac        0x4 /Applications/ArmGNUToolchain/14.3.rel1/arm-none-eabi/bin/../lib/gcc/arm-none-eabi/14.3.1/../../../../arm-none-eabi/lib/thumb/v7e-m+fp/hard/libc.a(libc_a-mallocr.o)
                0x20007bac                __malloc_max_sbrked_mem
 .bss.__malloc_top_pad
                0x20007bb0        0x4 /Applications/ArmGNUToolchain/14.3.rel1/arm-none-eabi/bin/../lib/gcc/arm-none-eabi/14.3.1/../../../../arm-none-eabi/lib/thumb/v7e-m+fp/hard/libc.a(libc_a-mallocr.o)
                0x20007bb0                __malloc_top_pad
 .bss.__sf      0x20007bb4      0x138 /Applications/ArmGNUToolchain/14.3.rel1/arm-none-eabi/bin/../lib/gcc/arm-none-eabi/14.3.1/../../../../arm-none-eabi/lib/thumb/v7e-m+fp/hard/libc.a(libc_a-findfp.o)
                0x20007bb4                __sf
 .bss.errno     0x20007cec        0x4 /Applications/ArmGNUToolchain/14.3.rel1/arm-none-eabi/bin/../lib/gcc/arm-none-eabi/14.3.1/../../../../arm-none-eabi/lib/thumb/v7e-m+fp/hard/libc.a(libc_a-reent.o)
                0x20007cec                errno
 .bss.__lock___malloc_recursive_mutex
                0x20007cf0        0x1 /Applications/ArmGNUToolchain/14.3.rel1/arm-none-eabi/bin/../lib/gcc/arm-none-eabi/14.3.1/../../../../arm-none-eabi/lib/thumb/v7e-m+fp/hard/libc.a(libc_a-lock.o)
                0x20007cf0                __lock___malloc_recursive_mutex
 *fill*         0x20007cf1        0x3 
 .bss.__lock___atexit_recursive_mutex
                0x20007cf4        0x1 /Applications/ArmGNUToolchain/14.3.rel1/arm-none-eabi/bin/../lib/gcc/arm-none-eabi/14.3.1/../../../../arm-none-eabi/lib/thumb/v7e-m+fp/hard/libc.a(libc_a-lock.o)
                0x20007cf4                __lock___atexit_recursive_mutex
 *fill*         0x20007cf5        0x3 
 .bss.__atexit  0x20007cf8        0x4 /Applications/ArmGNUToolchain/14.3.rel1/arm-none-eabi/bin/../lib/gcc/arm-none-eabi/14.3.1/../../../../arm-none-eabi/lib/thumb/v7e-m+fp/hard/libc.a(libc_a-__call_atexit.o)
                0x20007cf8                __atexit
 .bss.__atexit0
                0x20007cfc      0x190 /Applications/ArmGNUToolchain/14.3.rel1/arm-none-eabi/bin/../lib/gcc/arm-none-eabi/14.3.1/../../../../arm-none-eabi/lib/thumb/v7e-m+fp/hard/libc.a(libc_a-__atexit.o)
                0x20007cfc                __atexit0
 .bss.heap_end.0
                0x20007e8c        0x4 /Applications/ArmGNUToolchain/14.3.rel1/arm-none-eabi/bin/../lib/gcc/arm-none-eabi/14.3.1/../../../../arm-none-eabi/lib/thumb/v7e-m+fp/hard/libnosys.a(sbrk.o)
 *(COMMON)
                0x20007e90                        . = ALIGN (0x4)
                0x20007e90                        _ebss = .
                0x20007e90                        __bss_end__ = _ebss

._user_heap_stack
                0x20007e90      0x600
                0x20007e90                        . = ALIGN (0x8)
                0x20007e90                        PROVIDE (end = .)
                [!provide]                        PROVIDE (_end = .)
                0x20008090                        . = (. + _Min_Heap_Size)
 *fill*         0x20007e90      0x200 
                0x20008490                        . = (. + _Min_Stack_Size)
 *fill*         0x20008090      0x400 
                0x20008490                        . = ALIGN (0x8)

/DISCARD/
 libc.a(*)
 libm.a(*)
 libgcc.a(*)

.ARM.attributes
                0x00000000       0x30
 *(.ARM.attributes)
 .ARM.attributes
                0x00000000       0x22 /Applications/ArmGNUToolchain/14.3.rel1/arm-none-eabi/bin/../lib/gcc/arm-none-eabi/14.3.1/thumb/v7e-m+fp/hard/crti.o
 .ARM.attributes
                0x00000022       0x34 /Applications/ArmGNUToolchain/14.3.rel1/arm-none-eabi/bin/../lib/gcc/arm-none-eabi/14.3.1/thumb/v7e-m+fp/hard/crtbegin.o
 .ARM.attributes
                0x00000056       0x34 build/Minibot/main.o
 .ARM.attributes
                0x0000008a       0x34 build/Minibot/gpio.o
 .ARM.attributes
                0x000000be       0x34 build/Minibot/freertos.o
 .ARM.attributes
                0x000000f2       0x34 build/Minibot/can.o
 .ARM.attributes
                0x00000126       0x34 build/Minibot/dma.o
 .ARM.attributes
                0x0000015a       0x34 build/Minibot/i2c.o
 .ARM.attributes
                0x0000018e       0x34 build/Minibot/spi.o
 .ARM.attributes
                0x000001c2       0x34 build/Minibot/tim.o
 .ARM.attributes
                0x000001f6       0x34 build/Minibot/usart.o
 .ARM.attributes
                0x0000022a       0x34 build/Minibot/stm32f4xx_it.o
 .ARM.attributes
                0x0000025e       0x34 build/Minibot/stm32f4xx_hal_msp.o
 .ARM.attributes
                0x00000292       0x34 build/Minibot/stm32f4xx_hal_timebase_tim.o
 .ARM.attributes
                0x000002c6       0x34 build/Minibot/system_stm32f4xx.o
 .ARM.attributes
                0x000002fa       0x34 build/Minibot/stm32f4xx_hal_can.o
 .ARM.attributes
                0x0000032e       0x34 build/Minibot/stm32f4xx_hal_rcc.o
 .ARM.attributes
                0x00000362       0x34 build/Minibot/stm32f4xx_hal_gpio.o
 .ARM.attributes
                0x00000396       0x34 build/Minibot/stm32f4xx_hal_dma.o
 .ARM.attributes
                0x000003ca       0x34 build/Minibot/stm32f4xx_hal_cortex.o
 .ARM.attributes
                0x000003fe       0x34 build/Minibot/stm32f4xx_hal.o
 .ARM.attributes
                0x00000432       0x34 build/Minibot/stm32f4xx_hal_i2c.o