Archive member included to satisfy reference by file (symbol)

/Applications/ArmGNUToolchain/14.3.rel1/arm-none-eabi/bin/../lib/gcc/arm-none-eabi/14.3.1/../../../../arm-none-eabi/lib/thumb/v7e-m+fp/hard/libc.a(libc_a-calloc.o)
                              build/Swerve-Standard/dji_motor.o (calloc)
/Applications/ArmGNUToolchain/14.3.rel1/arm-none-eabi/bin/../lib/gcc/arm-none-eabi/14.3.1/../../../../arm-none-eabi/lib/thumb/v7e-m+fp/hard/libc.a(libc_a-callocr.o)
                              /Applications/ArmGNUToolchain/14.3.rel1/arm-none-eabi/bin/../lib/gcc/arm-none-eabi/14.3.1/../../../../arm-none-eabi/lib/thumb/v7e-m+fp/hard/libc.a(libc_a-calloc.o) (_calloc_r)
/Applications/ArmGNUToolchain/14.3.rel1/arm-none-eabi/bin/../lib/gcc/arm-none-eabi/14.3.1/../../../../arm-none-eabi/lib/thumb/v7e-m+fp/hard/libc.a(libc_a-exit.o)
                              /Applications/ArmGNUToolchain/14.3.rel1/arm-none-eabi/bin/../lib/gcc/arm-none-eabi/14.3.1/../../../../arm-none-eabi/lib/thumb/v7e-m+fp/hard/crt0.o (exit)
/Applications/ArmGNUToolchain/14.3.rel1/arm-none-eabi/bin/../lib/gcc/arm-none-eabi/14.3.1/../../../../arm-none-eabi/lib/thumb/v7e-m+fp/hard/libc.a(libc_a-malloc.o)
                              build/Swerve-Standard/bsp_can.o (malloc)
/Applications/ArmGNUToolchain/14.3.rel1/arm-none-eabi/bin/../lib/gcc/arm-none-eabi/14.3.1/../../../../arm-none-eabi/lib/thumb/v7e-m+fp/hard/libc.a(libc_a-mallocr.o)
                              /Applications/ArmGNUToolchain/14.3.rel1/arm-none-eabi/bin/../lib/gcc/arm-none-eabi/14.3.1/../../../../arm-none-eabi/lib/thumb/v7e-m+fp/hard/libc.a(libc_a-callocr.o) (_malloc_r)
/Applications/ArmGNUToolchain/14.3.rel1/arm-none-eabi/bin/../lib/gcc/arm-none-eabi/14.3.1/../../../../arm-none-eabi/lib/thumb/v7e-m+fp/hard/libc.a(libc_a-mlock.o)
                              /Applications/ArmGNUToolchain/14.3.rel1/arm-none-eabi/bin/../lib/gcc/arm-none-eabi/14.3.1/../../../../arm-none-eabi/lib/thumb/v7e-m+fp/hard/libc.a(libc_a-mallocr.o) (__malloc_lock)
/Applications/ArmGNUToolchain/14.3.rel1/arm-none-eabi/bin/../lib/gcc/arm-none-eabi/14.3.1/../../../../arm-none-eabi/lib/thumb/v7e-m+fp/hard/libc.a(libc_a-sprintf.o)
                              build/Swerve-Standard/tasks.o (sprintf)
/Applications/ArmGNUToolchain/14.3.rel1/arm-none-eabi/bin/../lib/gcc/arm-none-eabi/14.3.1/../../../../arm-none-eabi/lib/thumb/v7e-m+fp/hard/libc.a(libc_a-findfp.o)
                              /Applications/ArmGNUToolchain/14.3.rel1/arm-none-eabi/bin/../lib/gcc/arm-none-eabi/14.3.1/../../../../arm-none-eabi/lib/thumb/v7e-m+fp/hard/libc.a(libc_a-exit.o) (__stdio_exit_handler)
/Applications/ArmGNUToolchain/14.3.rel1/arm-none-eabi/bin/../lib/gcc/arm-none-eabi/14.3.1/../../../../arm-none-eabi/lib/thumb/v7e-m+fp/hard/libc.a(libc_a-vsnprintf.o)
                              build/Swerve-Standard/bsp_serial.o (vsnprintf)
/Applications/ArmGNUToolchain/14.3.rel1/arm-none-eabi/bin/../lib/gcc/arm-none-eabi/14.3.1/../../../../arm-none-eabi/lib/thumb/v7e-m+fp/hard/libc.a(libc_a-memset.o)
                              /Applications/ArmGNUToolchain/14.3.rel1/arm-none-eabi/bin/../lib/gcc/arm-none-eabi/14.3.1/../../../../arm-none-eabi/lib/thumb/v7e-m+fp/hard/crt0.o (memset)
/Applications/ArmGNUToolchain/14.3.rel1/arm-none-eabi/bin/../lib/gcc/arm-none-eabi/14.3.1/../../../../arm-none-eabi/lib/thumb/v7e-m+fp/hard/libc.a(libc_a-impure.o)
                              /Applications/ArmGNUToolchain/14.3.rel1/arm-none-eabi/bin/../lib/gcc/arm-none-eabi/14.3.1/../../../../arm-none-eabi/lib/thumb/v7e-m+fp/hard/libc.a(libc_a-calloc.o) (_impure_ptr)
/Applications/ArmGNUToolchain/14.3.rel1/arm-none-eabi/bin/../lib/gcc/arm-none-eabi/14.3.1/../../../../arm-none-eabi/lib/thumb/v7e-m+fp/hard/libc.a(libc_a-sbrkr.o)
                              /Applications/ArmGNUToolchain/14.3.rel1/arm-none-eabi/bin/../lib/gcc/arm-none-eabi/14.3.1/../../../../arm-none-eabi/lib/thumb/v7e-m+fp/hard/libc.a(libc_a-mallocr.o) (_sbrk_r)
/Applications/ArmGNUToolchain/14.3.rel1/arm-none-eabi/bin/../lib/gcc/arm-none-eabi/14.3.1/../../../../arm-none-eabi/lib/thumb/v7e-m+fp/hard/libc.a(libc_a-errno.o)
                              /Applications/ArmGNUToolchain/14.3.rel1/arm-none-eabi/bin/../lib/gcc/arm-none-eabi/14.3.1/../../../../arm-none-eabi/lib/thumb/v7e-m+fp/hard/libc.a(libc_a-callocr.o) (__errno)
/Applications/ArmGNUToolchain/14.3.rel1/arm-none-eabi/bin/../lib/gcc/arm-none-eabi/14.3.1/../../../../arm-none-eabi/lib/thumb/v7e-m+fp/hard/libc.a(libc_a-sysconf.o)
                              /Applications/ArmGNUToolchain/14.3.rel1/arm-none-eabi/bin/../lib/gcc/arm-none-eabi/14.3.1/../../../../arm-none-eabi/lib/thumb/v7e-m+fp/hard/libc.a(libc_a-mallocr.o) (sysconf)
/Applications/ArmGNUToolchain/14.3.rel1/arm-none-eabi/bin/../lib/gcc/arm-none-eabi/14.3.1/../../../../arm-none-eabi/lib/thumb/v7e-m+fp/hard/libc.a(libc_a-strcpy.o)
                              build/Swerve-Standard/tasks.o (strcpy)
[...]
Memory Configuration

Name             Origin             Length             Attributes
RAM              0x20000000         0x00020000         xrw
CCMRAM           0x10000000         0x00010000         xrw
FLASH            0x08000000         0x00100000         xr
*default*        0x00000000         0xffffffff

Linker script and memory map

LOAD /Applications/ArmGNUToolchain/14.3.rel1/arm-none-eabi/bin/../lib/gcc/arm-none-eabi/14.3.1/thumb/v7e-m+fp/hard/crti.o
LOAD /Applications/ArmGNUToolchain/14.3.rel1/arm-none-eabi/bin/../lib/gcc/arm-none-eabi/14.3.1/thumb/v7e-m+fp/hard/crtbegin.o
LOAD /Applications/ArmGNUToolchain/14.3.rel1/arm-none-eabi/bin/../lib/gcc/arm-none-eabi/14.3.1/../../../../arm-none-eabi/lib/thumb/v7e-m+fp/hard/crt0.o
LOAD build/Swerve-Standard/main.o
LOAD build/Swerve-Standard/gpio.o
LOAD build/Swerve-Standard/freertos.o
LOAD build/Swerve-Standard/can.o
LOAD build/Swerve-Standard/dma.o
LOAD build/Swerve-Standard/i2c.o
LOAD build/Swerve-Standard/spi.o
LOAD build/Swerve-Standard/tim.o
LOAD build/Swerve-Standard/usart.o
LOAD build/Swerve-Standard/stm32f4xx_it.o
LOAD build/Swerve-Standard/stm32f4xx_hal_msp.o
LOAD build/Swerve-Standard/stm32f4xx_hal_timebase_tim.o
LOAD build/Swerve-Standard/system_stm32f4xx.o
LOAD build/Swerve-Standard/stm32f4xx_hal_can.o
LOAD build/Swerve-Standard/stm32f4xx_hal_rcc.o
LOAD build/Swerve-Standard/stm32f4xx_hal_rcc_ex.o
LOAD build/Swerve-Standard/stm32f4xx_hal_flash.o
LOAD build/Swerve-Standard/stm32f4xx_hal_flash_ex.o
LOAD build/Swerve-Standard/stm32f4xx_hal_flash_ramfunc.o
LOAD build/Swerve-Standard/stm32f4xx_hal_gpio.o
LOAD build/Swerve-Standard/stm32f4xx_hal_dma_ex.o
LOAD build/Swerve-Standard/stm32f4xx_hal_dma.o
LOAD build/Swerve-Standard/stm32f4xx_hal_pwr.o
LOAD build/Swerve-Standard/stm32f4xx_hal_pwr_ex.o
LOAD build/Swerve-Standard/stm32f4xx_hal_cortex.o
LOAD build/Swerve-Standard/stm32f4xx_hal.o
LOAD build/Swerve-Standard/stm32f4xx_hal_exti.o
LOAD build/Swerve-Standard/stm32f4xx_hal_i2c.o
LOAD build/Swerve-Standard/stm32f4xx_hal_i2c_ex.o
LOAD build/Swerve-Standard/stm32f4xx_hal_spi.o
LOAD build/Swerve-Standard/stm32f4xx_hal_tim.o
LOAD build/Swerve-Standard/stm32f4xx_hal_tim_ex.o
LOAD build/Swerve-Standard/stm32f4xx_hal_uart.o
LOAD build/Swerve-Standard/croutine.o
LOAD build/Swerve-Standard/event_groups.o
LOAD build/Swerve-Standard/list.o
LOAD build/Swerve-Standard/queue.o
LOAD build/Swerve-Standard/stream_buffer.o
LOAD build/Swerve-Standard/tasks.o
LOAD build/Swerve-Standard/timers.o
LOAD build/Swerve-Standard/cmsis_os.o
LOAD build/Swerve-Standard/heap_4.o
LOAD build/Swerve-Standard/port.o
LOAD build/Swerve-Standard/kalman_filter.o
LOAD build/Swerve-Standard/MahonyAHRS.o
LOAD build/Swerve-Standard/omni_locomotion.o
LOAD build/Swerve-Standard/pid.o
LOAD build/Swerve-Standard/rate_limiter.o
LOAD build/Swerve-Standard/swerve_locomotion.o
LOAD build/Swerve-Standard/two_bar_leg.o
LOAD build/Swerve-Standard/wheel_legged_2d_lqr.o
LOAD build/Swerve-Standard/wheel_legged_3d_lqr.o
LOAD build/Swerve-Standard/bsp_can.o
LOAD build/Swerve-Standard/bsp_crc.o
LOAD build/Swerve-Standard/bsp_daemon.o
LOAD build/Swerve-Standard/bsp_delay.o
LOAD build/Swerve-Standard/bsp_pwm.o
LOAD build/Swerve-Standard/bsp_serial.o
LOAD build/Swerve-Standard/bsp_uart.o
LOAD build/Swerve-Standard/bmi088driver.o
LOAD build/Swerve-Standard/bmi088middleware.o
LOAD build/Swerve-Standard/buzzer.o
LOAD build/Swerve-Standard/dji_motor.o
LOAD build/Swerve-Standard/dm_motor.o
LOAD build/Swerve-Standard/imu_task.o
LOAD build/Swerve-Standard/ist8310driver_middleware.o
LOAD build/Swerve-Standard/ist8310driver.o
LOAD build/Swerve-Standard/jetson_orin.o
LOAD build/Swerve-Standard/laser.o
LOAD build/Swerve-Standard/mf_motor.o
LOAD build/Swerve-Standard/referee_system.o
LOAD build/Swerve-Standard/remote.o
LOAD build/Swerve-Standard/supercap.o
LOAD build/Swerve-Standard/chassis_task.o
LOAD build/Swerve-Standard/debug_task.o
LOAD build/Swerve-Standard/gimbal_task.o
LOAD build/Swerve-Standard/launch_task.o
LOAD build/Swerve-Standard/motor_task.o
LOAD build/Swerve-Standard/robot.o
LOAD build/Swerve-Standard/arm_cos_f32.o
LOAD build/Swerve-Standard/arm_sin_f32.o
LOAD build/Swerve-Standard/arm_atan2_f32.o
LOAD build/Swerve-Standard/arm_common_tables.o
LOAD build/Swerve-Standard/startup_stm32f407xx.o
LOAD /Applications/ArmGNUToolchain/14.3.rel1/arm-none-eabi/bin/../lib/gcc/arm-none-eabi/14.3.1/../../../../arm-none-eabi/lib/thumb/v7e-m+fp/hard/libc.a
LOAD /Applications/ArmGNUToolchain/14.3.rel1/arm-none-eabi/bin/../lib/gcc/arm-none-eabi/14.3.1/../../../../arm-none-eabi/lib/thumb/v7e-m+fp/hard/libm.a
LOAD /Applications/ArmGNUToolchain/14.3.rel1/arm-none-eabi/bin/../lib/gcc/arm-none-eabi/14.3.1/../../../../arm-none-eabi/lib/thumb/v7e-m+fp/hard/libnosys.a
START GROUP
LOAD /Applications/ArmGNUToolchain/14.3.rel1/arm-none-eabi/bin/../lib/gcc/arm-none-eabi/14.3.1/thumb/v7e-m+fp/hard/libgcc.a
LOAD /Applications/ArmGNUToolchain/14.3.rel1/arm-none-eabi/bin/../lib/gcc/arm-none-eabi/14.3.1/../../../../arm-none-eabi/lib/thumb/v7e-m+fp/hard/libc.a
END GROUP
LOAD /Applications/ArmGNUToolchain/14.3.rel1/arm-none-eabi/bin/../lib/gcc/arm-none-eabi/14.3.1/thumb/v7e-m+fp/hard/crtend.o
LOAD /Applications/ArmGNUToolchain/14.3.rel1/arm-none-eabi/bin/../lib/gcc/arm-none-eabi/14.3.1/thumb/v7e-m+fp/hard/crtn.o
                0x20020000                        _estack = (ORIGIN (RAM) + LENGTH (RAM))
                0x00000200                        _Min_Heap_Size = 0x200
                0x00000400                        _Min_Stack_Size = 0x400

.isr_vector     0x08000000      0x188
                0x08000000                        . = ALIGN (0x4)
 *(.isr_vector)
 .isr_vector    0x08000000      0x188 build/Swerve-Standard/startup_stm32f407xx.o
                0x08000000                g_pfnVectors
                0x08000188                        . = ALIGN (0x4)

.text           0x08000190     0xdf6c
                0x08000190                        . = ALIGN (0x4)
 *(.text)
 .text          0x08000190      0x134 /Applications/ArmGNUToolchain/14.3.rel1/arm-none-eabi/bin/../lib/gcc/arm-none-eabi/14.3.1/../../../../arm-none-eabi/lib/thumb/v7e-m+fp/hard/libc.a(libc_a-memcpy.o)
                0x08000190                memcpy
 .text          0x080002c4      0x378 /Applications/ArmGNUToolchain/14.3.rel1/arm-none-eabi/bin/../lib/gcc/arm-none-eabi/14.3.1/thumb/v7e-m+fp/hard/libgcc.a(_arm_addsubdf3.o)
                0x080002c4                __aeabi_drsub
                0x080002cc                __subdf3
                0x080002cc                __aeabi_dsub
                0x080002d0                __aeabi_dadd
                0x080002d0                __adddf3
                0x08000548                __aeabi_ui2d
                0x08000548                __floatunsidf
                0x08000568                __floatsidf
                0x08000568                __aeabi_i2d
                0x0800058c                __extendsfdf2
                0x0800058c                __aeabi_f2d
                0x080005d0                __aeabi_ul2d
                0x080005d0                __floatundidf
                0x080005e0                __aeabi_l2d
                0x080005e0                __floatdidf
 .text          0x0800063c      0x424 /Applications/ArmGNUToolchain/14.3.rel1/arm-none-eabi/bin/../lib/gcc/arm-none-eabi/14.3.1/thumb/v7e-m+fp/hard/libgcc.a(_arm_muldivdf3.o)
                0x0800063c                __aeabi_dmul
                0x0800063c                __muldf3
                0x08000890                __aeabi_ddiv
                0x08000890                __divdf3
 .text          0x08000a60      0x110 /Applications/ArmGNUToolchain/14.3.rel1/arm-none-eabi/bin/../lib/gcc/arm-none-eabi/14.3.1/thumb/v7e-m+fp/hard/libgcc.a(_arm_cmpdf2.o)
                0x08000a60                __gedf2
                0x08000a60                __gtdf2
                0x08000a68                __ledf2
                0x08000a68                __ltdf2
                0x08000a70                __cmpdf2
                0x08000a70                __eqdf2
                0x08000a70                __nedf2
                0x08000aec                __aeabi_cdrcmple
                0x08000afc                __aeabi_cdcmple
                0x08000afc                __aeabi_cdcmpeq
                0x08000b0c                __aeabi_dcmpeq
                0x08000b20                __aeabi_dcmplt
                0x08000b34                __aeabi_dcmple
                0x08000b48                __aeabi_dcmpge
                0x08000b5c                __aeabi_dcmpgt
 .text          0x08000b70       0x2c /Applications/ArmGNUToolchain/14.3.rel1/arm-none-eabi/bin/../lib/gcc/arm-none-eabi/14.3.1/thumb/v7e-m+fp/hard/libgcc.a(_arm_unorddf2.o)
                0x08000b70                __aeabi_dcmpun
                0x08000b70                __unorddf2
 .text          0x08000b9c       0x50 /Applications/ArmGNUToolchain/14.3.rel1/arm-none-eabi/bin/../lib/gcc/arm-none-eabi/14.3.1/thumb/v7e-m+fp/hard/libgcc.a(_arm_fixdfsi.o)
                0x08000b9c                __fixdfsi
                0x08000b9c                __aeabi_d2iz
 .text          0x08000bec       0x40 /Applications/ArmGNUToolchain/14.3.rel1/arm-none-eabi/bin/../lib/gcc/arm-none-eabi/14.3.1/thumb/v7e-m+fp/hard/libgcc.a(_arm_fixunsdfsi.o)
                0x08000bec                __fixunsdfsi
                0x08000bec                __aeabi_d2uiz
 .text          0x08000c2c       0xa0 /Applications/ArmGNUToolchain/14.3.rel1/arm-none-eabi/bin/../lib/gcc/arm-none-eabi/14.3.1/thumb/v7e-m+fp/hard/libgcc.a(_arm_truncdfsf2.o)
                0x08000c2c                __aeabi_d2f
                0x08000c2c                __truncdfsf2
 .text          0x08000ccc       0x30 /Applications/ArmGNUToolchain/14.3.rel1/arm-none-eabi/bin/../lib/gcc/arm-none-eabi/14.3.1/thumb/v7e-m+fp/hard/libgcc.a(_aeabi_uldivmod.o)
                0x08000ccc                __aeabi_uldivmod
 .text          0x08000cfc        0x4 /Applications/ArmGNUToolchain/14.3.rel1/arm-none-eabi/bin/../lib/gcc/arm-none-eabi/14.3.1/thumb/v7e-m+fp/hard/libgcc.a(_dvmd_tls.o)
                0x08000cfc                __aeabi_ldiv0
                0x08000cfc                __aeabi_idiv0
 *(.text*)
 .text.deregister_tm_clones
                0x08000d00       0x1c /Applications/ArmGNUToolchain/14.3.rel1/arm-none-eabi/bin/../lib/gcc/arm-none-eabi/14.3.1/thumb/v7e-m+fp/hard/crtbegin.o
 .text.register_tm_clones
                0x08000d1c       0x24 /Applications/ArmGNUToolchain/14.3.rel1/arm-none-eabi/bin/../lib/gcc/arm-none-eabi/14.3.1/thumb/v7e-m+fp/hard/crtbegin.o
 .text.__do_global_dtors_aux
                0x08000d40       0x28 /Applications/ArmGNUToolchain/14.3.rel1/arm-none-eabi/bin/../lib/gcc/arm-none-eabi/14.3.1/thumb/v7e-m+fp/hard/crtbegin.o
 .text.frame_dummy
                0x08000d68       0x24 /Applications/ArmGNUToolchain/14.3.rel1/arm-none-eabi/bin/../lib/gcc/arm-none-eabi/14.3.1/thumb/v7e-m+fp/hard/crtbegin.o
 .text.HAL_TIM_PeriodElapsedCallback
                0x08000d8c       0x12 build/Swerve-Standard/main.o
                0x08000d8c                HAL_TIM_PeriodElapsedCallback
 .text.Error_Handler
                0x08000d9e        0x6 build/Swerve-Standard/main.o
                0x08000d9e                Error_Handler
 .text.SystemClock_Config
                0x08000da4       0xa8 build/Swerve-Standard/main.o
                0x08000da4                SystemClock_Config
 .text.main     0x08000e4c       0x54 build/Swerve-Standard/main.o
                0x08000e4c                main
 .text.MX_GPIO_Init
                0x08000ea0      0x1b4 build/Swerve-Standard/gpio.o
                0x08000ea0                MX_GPIO_Init
 .text.StartDefaultTask
                0x08001054        0xa build/Swerve-Standard/freertos.o
                0x08001054                StartDefaultTask
 .text.configureTimerForRunTimeStats
                0x0800105e        0x2 build/Swerve-Standard/freertos.o
                0x0800105e                configureTimerForRunTimeStats
 .text.getRunTimeCounterValue
                0x08001060        0xc build/Swerve-Standard/freertos.o
                0x08001060                getRunTimeCounterValue
 .text.vApplicationGetIdleTaskMemory
                0x0800106c       0x18 build/Swerve-Standard/freertos.o
                0x0800106c                vApplicationGetIdleTaskMemory
 .text.vApplicationGetTimerTaskMemory
                0x08001084       0x18 build/Swerve-Standard/freertos.o
                0x08001084                vApplicationGetTimerTaskMemory
 .text.MX_FREERTOS_Init
                0x0800109c       0x30 build/Swerve-Standard/freertos.o
                0x0800109c                MX_FREERTOS_Init
 .text.MX_CAN1_Init
                0x080010cc       0x40 build/Swerve-Standard/can.o
                0x080010cc                MX_CAN1_Init
 .text.MX_CAN2_Init
                0x0800110c       0x40 build/Swerve-Standard/can.o
                0x0800110c                MX_CAN2_Init
 .text.HAL_CAN_MspInit
                0x0800114c      0x140 build/Swerve-Standard/can.o
                0x0800114c                HAL_CAN_MspInit
 .text.MX_DMA_Init
                0x0800128c       0xa8 build/Swerve-Standard/dma.o
                0x0800128c                MX_DMA_Init
 .text.MX_I2C3_Init
                0x08001334       0x3c build/Swerve-Standard/i2c.o
                0x08001334                MX_I2C3_Init
 .text.HAL_I2C_MspInit
                0x08001370       0xbc build/Swerve-Standard/i2c.o
                0x08001370                HAL_I2C_MspInit
 .text.MX_SPI1_Init
                0x0800142c       0x48 build/Swerve-Standard/spi.o
                0x0800142c                MX_SPI1_Init
 .text.HAL_SPI_MspInit
                0x08001474      0x138 build/Swerve-Standard/spi.o
                0x08001474                HAL_SPI_MspInit
 .text.HAL_TIM_PWM_MspInit
                0x080015ac       0x54 build/Swerve-Standard/tim.o
                0x080015ac                HAL_TIM_PWM_MspInit
 .text.HAL_TIM_Base_MspInit
                0x08001600       0x9c build/Swerve-Standard/tim.o
                0x08001600                HAL_TIM_Base_MspInit
 .text.HAL_TIM_MspPostInit
                0x0800169c      0x1bc build/Swerve-Standard/tim.o
                0x0800169c                HAL_TIM_MspPostInit
 .text.MX_TIM1_Init
                0x08001858       0xf0 build/Swerve-Standard/tim.o
                0x08001858                MX_TIM1_Init
 .text.MX_TIM3_Init
                0x08001948       0xb4 build/Swerve-Standard/tim.o
                0x08001948                MX_TIM3_Init
 .text.MX_TIM4_Init
                0x080019fc       0xb0 build/Swerve-Standard/tim.o
                0x080019fc                MX_TIM4_Init
 .text.MX_TIM5_Init
                0x08001aac       0xd4 build/Swerve-Standard/tim.o
                0x08001aac                MX_TIM5_Init
 .text.MX_TIM8_Init
                0x08001b80       0xf0 build/Swerve-Standard/tim.o
                0x08001b80                MX_TIM8_Init
 .text.MX_TIM10_Init
                0x08001c70       0x74 build/Swerve-Standard/tim.o
                0x08001c70                MX_TIM10_Init
 .text.MX_USART1_UART_Init
                0x08001ce4       0x34 build/Swerve-Standard/usart.o
                0x08001ce4                MX_USART1_UART_Init
 .text.MX_USART3_UART_Init
                0x08001d18       0x40 build/Swerve-Standard/usart.o
                0x08001d18                MX_USART3_UART_Init
 .text.MX_USART6_UART_Init
                0x08001d58       0x38 build/Swerve-Standard/usart.o
                0x08001d58                MX_USART6_UART_Init
 .text.HAL_UART_MspInit
                0x08001d90      0x2c8 build/Swerve-Standard/usart.o
                0x08001d90                HAL_UART_MspInit
 .text.NMI_Handler
                0x08002058        0x2 build/Swerve-Standard/stm32f4xx_it.o
                0x08002058                NMI_Handler
 .text.HardFault_Handler
                0x0800205a        0x2 build/Swerve-Standard/stm32f4xx_it.o
                0x0800205a                HardFault_Handler
 .text.MemManage_Handler
                0x0800205c        0x2 build/Swerve-Standard/stm32f4xx_it.o
                0x0800205c                MemManage_Handler
 .text.BusFault_Handler
                0x0800205e        0x2 build/Swerve-Standard/stm32f4xx_it.o
                0x0800205e                BusFault_Handler
 .text.UsageFault_Handler
                0x08002060        0x2 build/Swerve-Standard/stm32f4xx_it.o
                0x08002060                UsageFault_Handler
 .text.DebugMon_Handler
                0x08002062        0x2 build/Swerve-Standard/stm32f4xx_it.o
                0x08002062                DebugMon_Handler
 .text.EXTI0_IRQHandler
                0x08002064        0xa build/Swerve-Standard/stm32f4xx_it.o
                0x08002064                EXTI0_IRQHandler
 .text.EXTI3_IRQHandler
                0x0800206e        0xa build/Swerve-Standard/stm32f4xx_it.o
                0x0800206e                EXTI3_IRQHandler
 .text.EXTI4_IRQHandler
                0x08002078        0xa build/Swerve-Standard/stm32f4xx_it.o
                0x08002078                EXTI4_IRQHandler
 *fill*         0x08002082        0x2 
 .text.DMA1_Stream1_IRQHandler
                0x08002084       0x10 build/Swerve-Standard/stm32f4xx_it.o
                0x08002084                DMA1_Stream1_IRQHandler
 .text.CAN1_RX0_IRQHandler
                0x08002094       0x10 build/Swerve-Standard/stm32f4xx_it.o
                0x08002094                CAN1_RX0_IRQHandler
 .text.CAN1_RX1_IRQHandler
                0x080020a4       0x10 build/Swerve-Standard/stm32f4xx_it.o
                0x080020a4                CAN1_RX1_IRQHandler
 .text.EXTI9_5_IRQHandler
                0x080020b4        0xa build/Swerve-Standard/stm32f4xx_it.o
                0x080020b4                EXTI9_5_IRQHandler
 *fill*         0x080020be        0x2 
 .text.TIM2_IRQHandler
                0x080020c0       0x10 build/Swerve-Standard/stm32f4xx_it.o
                0x080020c0                TIM2_IRQHandler
 .text.USART1_IRQHandler
                0x080020d0       0x10 build/Swerve-Standard/stm32f4xx_it.o
                0x080020d0                USART1_IRQHandler
 .text.USART3_IRQHandler
                0x080020e0       0x10 build/Swerve-Standard/stm32f4xx_it.o
                0x080020e0                USART3_IRQHandler
 .text.DMA2_Stream1_IRQHandler
                0x080020f0       0x10 build/Swerve-Standard/stm32f4xx_it.o
                0x080020f0                DMA2_Stream1_IRQHandler
 .text.CAN2_RX0_IRQHandler
                0x08002100       0x10 build/Swerve-Standard/stm32f4xx_it.o
                0x08002100                CAN2_RX0_IRQHandler
 .text.CAN2_RX1_IRQHandler
                0x08002110       0x10 build/Swerve-Standard/stm32f4xx_it.o
                0x08002110                CAN2_RX1_IRQHandler
 .text.DMA2_Stream5_IRQHandler
                0x08002120       0x10 build/Swerve-Standard/stm32f4xx_it.o
                0x08002120                DMA2_Stream5_IRQHandler
 .text.DMA2_Stream6_IRQHandler
                0x08002130       0x10 build/Swerve-Standard/stm32f4xx_it.o
                0x08002130                DMA2_Stream6_IRQHandler
 .text.DMA2_Stream7_IRQHandler
                0x08002140       0x10 build/Swerve-Standard/stm32f4xx_it.o
                0x08002140                DMA2_Stream7_IRQHandler
 .text.USART6_IRQHandler
                0x08002150       0x10 build/Swerve-Standard/stm32f4xx_it.o
                0x08002150                USART6_IRQHandler
 .text.HAL_MspInit
                0x08002160       0x44 build/Swerve-Standard/stm32f4xx_hal_msp.o
                0x08002160                HAL_MspInit
 .text.HAL_InitTick
                0x080021a4       0xa4 build/Swerve-Standard/stm32f4xx_hal_timebase_tim.o
                0x080021a4                HAL_InitTick
 .text.SystemInit
                0x08002248       0x14 build/Swerve-Standard/system_stm32f4xx.o
                0x08002248                SystemInit
 .text.HAL_CAN_Init
                0x0800225c      0x14c build/Swerve-Standard/stm32f4xx_hal_can.o
                0x0800225c                HAL_CAN_Init
 .text.HAL_CAN_ConfigFilter
                0x080023a8      0x138 build/Swerve-Standard/stm32f4xx_hal_can.o
                0x080023a8                HAL_CAN_ConfigFilter
 .text.HAL_CAN_Start
                0x080024e0       0x5c build/Swerve-Standard/stm32f4xx_hal_can.o
                0x080024e0                HAL_CAN_Start
 .text.HAL_CAN_AddTxMessage
                0x0800253c       0xea build/Swerve-Standard/stm32f4xx_hal_can.o
                0x0800253c                HAL_CAN_AddTxMessage
 .text.HAL_CAN_GetTxMailboxesFreeLevel
                0x08002626       0x32 build/Swerve-Standard/stm32f4xx_hal_can.o
                0x08002626                HAL_CAN_GetTxMailboxesFreeLevel
 .text.HAL_CAN_GetRxMessage
                0x08002658      0x16a build/Swerve-Standard/stm32f4xx_hal_can.o
                0x08002658                HAL_CAN_GetRxMessage
 .text.HAL_CAN_ActivateNotification
                0x080027c2       0x24 build/Swerve-Standard/stm32f4xx_hal_can.o
                0x080027c2                HAL_CAN_ActivateNotification
 .text.HAL_CAN_TxMailbox0CompleteCallback
                0x080027e6        0x2 build/Swerve-Standard/stm32f4xx_hal_can.o
                0x080027e6                HAL_CAN_TxMailbox0CompleteCallback
 .text.HAL_CAN_TxMailbox1CompleteCallback
                0x080027e8        0x2 build/Swerve-Standard/stm32f4xx_hal_can.o
                0x080027e8                HAL_CAN_TxMailbox1CompleteCallback
 .text.HAL_CAN_TxMailbox2CompleteCallback
                0x080027ea        0x2 build/Swerve-Standard/stm32f4xx_hal_can.o
                0x080027ea                HAL_CAN_TxMailbox2CompleteCallback
 .text.HAL_CAN_TxMailbox0AbortCallback
                0x080027ec        0x2 build/Swerve-Standard/stm32f4xx_hal_can.o
                0x080027ec                HAL_CAN_TxMailbox0AbortCallback
 .text.HAL_CAN_TxMailbox1AbortCallback
                0x080027ee        0x2 build/Swerve-Standard/stm32f4xx_hal_can.o
                0x080027ee                HAL_CAN_TxMailbox1AbortCallback
 .text.HAL_CAN_TxMailbox2AbortCallback
                0x080027f0        0x2 build/Swerve-Standard/stm32f4xx_hal_can.o
                0x080027f0                HAL_CAN_TxMailbox2AbortCallback
 .text.HAL_CAN_RxFifo0FullCallback
                0x080027f2        0x2 build/Swerve-Standard/stm32f4xx_hal_can.o
                0x080027f2                HAL_CAN_RxFifo0FullCallback
 .text.HAL_CAN_RxFifo1FullCallback
                0x080027f4        0x2 build/Swerve-Standard/stm32f4xx_hal_can.o
                0x080027f4                HAL_CAN_RxFifo1FullCallback
 .text.HAL_CAN_SleepCallback
                0x080027f6        0x2 build/Swerve-Standard/stm32f4xx_hal_can.o
                0x080027f6                HAL_CAN_SleepCallback
 .text.HAL_CAN_WakeUpFromRxMsgCallback
                0x080027f8        0x2 build/Swerve-Standard/stm32f4xx_hal_can.o
                0x080027f8                HAL_CAN_WakeUpFromRxMsgCallback
 .text.HAL_CAN_ErrorCallback
                0x080027fa        0x2 build/Swerve-Standard/stm32f4xx_hal_can.o
                0x080027fa                HAL_CAN_ErrorCallback
 .text.HAL_CAN_IRQHandler
                0x080027fc      0x250 build/Swerve-Standard/stm32f4xx_hal_can.o
                0x080027fc                HAL_CAN_IRQHandler
 .text.HAL_RCC_OscConfig
                0x08002a4c      0x3f8 build/Swerve-Standard/stm32f4xx_hal_rcc.o
                0x08002a4c                HAL_RCC_OscConfig
 .text.HAL_RCC_GetSysClockFreq
                0x08002e44       0xa8 build/Swerve-Standard/stm32f4xx_hal_rcc.o
                0x08002e44                HAL_RCC_GetSysClockFreq
 .text.HAL_RCC_ClockConfig
                0x08002eec      0x160 build/Swerve-Standard/stm32f4xx_hal_rcc.o
                0x08002eec                HAL_RCC_ClockConfig
 .text.HAL_RCC_GetHCLKFreq
                0x0800304c        0xc build/Swerve-Standard/stm32f4xx_hal_rcc.o
                0x0800304c                HAL_RCC_GetHCLKFreq
 .text.HAL_RCC_GetPCLK1Freq
                0x08003058       0x20 build/Swerve-Standard/stm32f4xx_hal_rcc.o
                0x08003058                HAL_RCC_GetPCLK1Freq
 .text.HAL_RCC_GetPCLK2Freq
                0x08003078       0x20 build/Swerve-Standard/stm32f4xx_hal_rcc.o
                0x08003078                HAL_RCC_GetPCLK2Freq
 .text.HAL_RCC_GetClockConfig
                0x08003098       0x3c build/Swerve-Standard/stm32f4xx_hal_rcc.o
                0x08003098                HAL_RCC_GetClockConfig
 .text.HAL_GPIO_Init
                0x080030d4      0x1ec build/Swerve-Standard/stm32f4xx_hal_gpio.o
                0x080030d4                HAL_GPIO_Init
 .text.HAL_GPIO_WritePin
                0x080032c0        0xc build/Swerve-Standard/stm32f4xx_hal_gpio.o
                0x080032c0                HAL_GPIO_WritePin
 .text.HAL_GPIO_EXTI_Callback
                0x080032cc        0x2 build/Swerve-Standard/stm32f4xx_hal_gpio.o
                0x080032cc                HAL_GPIO_EXTI_Callback
 *fill*         0x080032ce        0x2 
 .text.HAL_GPIO_EXTI_IRQHandler
                0x080032d0       0x1c build/Swerve-Standard/stm32f4xx_hal_gpio.o
                0x080032d0                HAL_GPIO_EXTI_IRQHandler
 .text.DMA_SetConfig
                0x080032ec       0x2c build/Swerve-Standard/stm32f4xx_hal_dma.o
 .text.DMA_CalcBaseAndBitshift
                0x08003318       0x3c build/Swerve-Standard/stm32f4xx_hal_dma.o
 .text.DMA_CheckFifoParam
                0x08003354       0x8e build/Swerve-Standard/stm32f4xx_hal_dma.o
 *fill*         0x080033e2        0x2 
 .text.HAL_DMA_Init
                0x080033e4       0xcc build/Swerve-Standard/stm32f4xx_hal_dma.o
                0x080033e4                HAL_DMA_Init
 .text.HAL_DMA_Start_IT
                0x080034b0       0x68 build/Swerve-Standard/stm32f4xx_hal_dma.o
                0x080034b0                HAL_DMA_Start_IT
 .text.HAL_DMA_Abort
                0x08003518       0x92 build/Swerve-Standard/stm32f4xx_hal_dma.o
                0x08003518                HAL_DMA_Abort
 .text.HAL_DMA_Abort_IT
                0x080035aa       0x24 build/Swerve-Standard/stm32f4xx_hal_dma.o
                0x080035aa                HAL_DMA_Abort_IT
 *fill*         0x080035ce        0x2 
 .text.HAL_DMA_IRQHandler
                0x080035d0      0x1dc build/Swerve-Standard/stm32f4xx_hal_dma.o
                0x080035d0                HAL_DMA_IRQHandler
 .text.__NVIC_EnableIRQ
                0x080037ac       0x1c build/Swerve-Standard/stm32f4xx_hal_cortex.o
 .text.__NVIC_SetPriority
                0x080037c8       0x28 build/Swerve-Standard/stm32f4xx_hal_cortex.o
 .text.NVIC_EncodePriority
                0x080037f0       0x3e build/Swerve-Standard/stm32f4xx_hal_cortex.o
 *fill*         0x0800382e        0x2 
 .text.HAL_NVIC_SetPriorityGrouping
                0x08003830       0x24 build/Swerve-Standard/stm32f4xx_hal_cortex.o
                0x08003830                HAL_NVIC_SetPriorityGrouping
 .text.HAL_NVIC_SetPriority
                0x08003854       0x20 build/Swerve-Standard/stm32f4xx_hal_cortex.o
                0x08003854                HAL_NVIC_SetPriority
 .text.HAL_NVIC_EnableIRQ
                0x08003874        0x8 build/Swerve-Standard/stm32f4xx_hal_cortex.o
                0x08003874                HAL_NVIC_EnableIRQ
 .text.HAL_Init
                0x0800387c       0x34 build/Swerve-Standard/stm32f4xx_hal.o
                0x0800387c                HAL_Init
 .text.HAL_IncTick
                0x080038b0       0x18 build/Swerve-Standard/stm32f4xx_hal.o
                0x080038b0                HAL_IncTick
 .text.HAL_GetTick
                0x080038c8        0xc build/Swerve-Standard/stm32f4xx_hal.o
                0x080038c8                HAL_GetTick
 .text.HAL_Delay
                0x080038d4       0x28 build/Swerve-Standard/stm32f4xx_hal.o
                0x080038d4                HAL_Delay
 .text.HAL_I2C_Init
                0x080038fc      0x1bc build/Swerve-Standard/stm32f4xx_hal_i2c.o
                0x080038fc                HAL_I2C_Init
 .text.SPI_WaitFlagStateUntilTimeout
                0x08003ab8       0xc8 build/Swerve-Standard/stm32f4xx_hal_spi.o
 .text.SPI_EndRxTxTransaction
                0x08003b80       0x80 build/Swerve-Standard/stm32f4xx_hal_spi.o
 .text.HAL_SPI_Init
                0x08003c00       0xbe build/Swerve-Standard/stm32f4xx_hal_spi.o
                0x08003c00                HAL_SPI_Init
 .text.HAL_SPI_TransmitReceive
                0x08003cbe      0x252 build/Swerve-Standard/stm32f4xx_hal_spi.o
                0x08003cbe                HAL_SPI_TransmitReceive
 .text.TIM_OC1_SetConfig
                0x08003f10       0x70 build/Swerve-Standard/stm32f4xx_hal_tim.o
 .text.TIM_OC3_SetConfig
                0x08003f80       0x70 build/Swerve-Standard/stm32f4xx_hal_tim.o
 .text.TIM_OC4_SetConfig
                0x08003ff0       0x50 build/Swerve-Standard/stm32f4xx_hal_tim.o
 .text.TIM_TI1_ConfigInputStage
                0x08004040       0x26 build/Swerve-Standard/stm32f4xx_hal_tim.o
 .text.TIM_TI2_ConfigInputStage
                0x08004066       0x28 build/Swerve-Standard/stm32f4xx_hal_tim.o
 .text.TIM_ITRx_SetConfig
                0x0800408e       0x10 build/Swerve-Standard/stm32f4xx_hal_tim.o
 *fill*         0x0800409e        0x2 
 .text.HAL_TIM_Base_Start
                0x080040a0       0x7c build/Swerve-Standard/stm32f4xx_hal_tim.o
                0x080040a0                HAL_TIM_Base_Start
 .text.HAL_TIM_Base_Start_IT
                0x0800411c       0x84 build/Swerve-Standard/stm32f4xx_hal_tim.o
                0x0800411c                HAL_TIM_Base_Start_IT
 .text.HAL_TIM_OC_DelayElapsedCallback
                0x080041a0        0x2 build/Swerve-Standard/stm32f4xx_hal_tim.o
                0x080041a0                HAL_TIM_OC_DelayElapsedCallback
 .text.HAL_TIM_IC_CaptureCallback
                0x080041a2        0x2 build/Swerve-Standard/stm32f4xx_hal_tim.o
                0x080041a2                HAL_TIM_IC_CaptureCallback
 .text.HAL_TIM_PWM_PulseFinishedCallback
                0x080041a4        0x2 build/Swerve-Standard/stm32f4xx_hal_tim.o
                0x080041a4                HAL_TIM_PWM_PulseFinishedCallback
 .text.HAL_TIM_TriggerCallback
                0x080041a6        0x2 build/Swerve-Standard/stm32f4xx_hal_tim.o
                0x080041a6                HAL_TIM_TriggerCallback
 .text.HAL_TIM_IRQHandler
                0x080041a8      0x15e build/Swerve-Standard/stm32f4xx_hal_tim.o
                0x080041a8                HAL_TIM_IRQHandler
 *fill*         0x08004306        0x2 
 .text.TIM_Base_SetConfig
                0x08004308       0xd8 build/Swerve-Standard/stm32f4xx_hal_tim.o
                0x08004308                TIM_Base_SetConfig
 .text.HAL_TIM_Base_Init
                0x080043e0       0x58 build/Swerve-Standard/stm32f4xx_hal_tim.o
                0x080043e0                HAL_TIM_Base_Init
 .text.HAL_TIM_PWM_Init
                0x08004438       0x58 build/Swerve-Standard/stm32f4xx_hal_tim.o
                0x08004438                HAL_TIM_PWM_Init
 .text.TIM_OC2_SetConfig
                0x08004490       0x70 build/Swerve-Standard/stm32f4xx_hal_tim.o
                0x08004490                TIM_OC2_SetConfig
 .text.HAL_TIM_PWM_ConfigChannel
                0x08004500       0xdc build/Swerve-Standard/stm32f4xx_hal_tim.o
                0x08004500                HAL_TIM_PWM_ConfigChannel
 .text.TIM_ETR_SetConfig
                0x080045dc       0x1a build/Swerve-Standard/stm32f4xx_hal_tim.o
                0x080045dc                TIM_ETR_SetConfig
 .text.HAL_TIM_ConfigClockSource
                0x080045f6       0xfe build/Swerve-Standard/stm32f4xx_hal_tim.o
                0x080045f6                HAL_TIM_ConfigClockSource
 .text.TIM_CCxChannelCmd
                0x080046f4       0x1e build/Swerve-Standard/stm32f4xx_hal_tim.o
                0x080046f4                TIM_CCxChannelCmd
 *fill*         0x08004712        0x2 
 .text.HAL_TIM_PWM_Start
                0x08004714       0xfc build/Swerve-Standard/stm32f4xx_hal_tim.o
                0x08004714                HAL_TIM_PWM_Start
 .text.HAL_TIMEx_MasterConfigSynchronization
                0x08004810       0x8c build/Swerve-Standard/stm32f4xx_hal_tim_ex.o
                0x08004810                HAL_TIMEx_MasterConfigSynchronization
 .text.HAL_TIMEx_ConfigBreakDeadTime
                0x0800489c       0x52 build/Swerve-Standard/stm32f4xx_hal_tim_ex.o
                0x0800489c                HAL_TIMEx_ConfigBreakDeadTime
 .text.HAL_TIMEx_CommutCallback
                0x080048ee        0x2 build/Swerve-Standard/stm32f4xx_hal_tim_ex.o
                0x080048ee                HAL_TIMEx_CommutCallback
 .text.HAL_TIMEx_BreakCallback
                0x080048f0        0x2 build/Swerve-Standard/stm32f4xx_hal_tim_ex.o
                0x080048f0                HAL_TIMEx_BreakCallback
 .text.UART_EndTxTransfer
                0x080048f2       0x20 build/Swerve-Standard/stm32f4xx_hal_uart.o
 .text.UART_EndRxTransfer
                0x08004912       0x5c build/Swerve-Standard/stm32f4xx_hal_uart.o
 .text.UART_Transmit_IT
                0x0800496e       0x5e build/Swerve-Standard/stm32f4xx_hal_uart.o
 .text.UART_SetConfig
                0x080049cc      0x110 build/Swerve-Standard/stm32f4xx_hal_uart.o
 .text.UART_WaitOnFlagUntilTimeout
                0x08004adc       0x86 build/Swerve-Standard/stm32f4xx_hal_uart.o
 .text.HAL_UART_Init
                0x08004b62       0x60 build/Swerve-Standard/stm32f4xx_hal_uart.o
                0x08004b62                HAL_UART_Init
 .text.HAL_UART_Transmit
                0x08004bc2       0xca build/Swerve-Standard/stm32f4xx_hal_uart.o
                0x08004bc2                HAL_UART_Transmit
 .text.HAL_UART_Transmit_IT
                0x08004c8c       0x36 build/Swerve-Standard/stm32f4xx_hal_uart.o
                0x08004c8c                HAL_UART_Transmit_IT
 *fill*         0x08004cc2        0x2 
 .text.HAL_UART_Transmit_DMA
                0x08004cc4       0x80 build/Swerve-Standard/stm32f4xx_hal_uart.o
                0x08004cc4                HAL_UART_Transmit_DMA
 .text.HAL_UART_TxCpltCallback
                0x08004d44        0x2 build/Swerve-Standard/stm32f4xx_hal_uart.o
                0x08004d44                HAL_UART_TxCpltCallback
 .text.UART_DMATransmitCplt
                0x08004d46       0x4c build/Swerve-Standard/stm32f4xx_hal_uart.o
 .text.UART_EndTransmit_IT
                0x08004d92       0x1a build/Swerve-Standard/stm32f4xx_hal_uart.o
 .text.HAL_UART_TxHalfCpltCallback
                0x08004dac        0x2 build/Swerve-Standard/stm32f4xx_hal_uart.o
                0x08004dac                HAL_UART_TxHalfCpltCallback
 .text.UART_DMATxHalfCplt
                0x08004dae        0xa build/Swerve-Standard/stm32f4xx_hal_uart.o
 .text.HAL_UART_RxCpltCallback
                0x08004db8        0x2 build/Swerve-Standard/stm32f4xx_hal_uart.o
                0x08004db8                HAL_UART_RxCpltCallback
 .text.HAL_UART_RxHalfCpltCallback
                0x08004dba        0x2 build/Swerve-Standard/stm32f4xx_hal_uart.o
                0x08004dba                HAL_UART_RxHalfCpltCallback
 .text.HAL_UART_ErrorCallback
                0x08004dbc        0x2 build/Swerve-Standard/stm32f4xx_hal_uart.o
                0x08004dbc                HAL_UART_ErrorCallback
 .text.UART_DMAError
                0x08004dbe       0x54 build/Swerve-Standard/stm32f4xx_hal_uart.o
 .text.UART_DMAAbortOnError
                0x08004e12       0x10 build/Swerve-Standard/stm32f4xx_hal_uart.o
 .text.UART_Receive_IT
                0x08004e22       0xe4 build/Swerve-Standard/stm32f4xx_hal_uart.o
 *fill*         0x08004f06        0x2 
 .text.HAL_UART_IRQHandler
                0x08004f08      0x284 build/Swerve-Standard/stm32f4xx_hal_uart.o
                0x08004f08                HAL_UART_IRQHandler
 .text.UART_DMARxHalfCplt
                0x0800518c       0x1e build/Swerve-Standard/stm32f4xx_hal_uart.o
 .text.UART_DMAReceiveCplt
                0x080051aa       0x9a build/Swerve-Standard/stm32f4xx_hal_uart.o
 .text.UART_Start_Receive_DMA
                0x08005244       0xa4 build/Swerve-Standard/stm32f4xx_hal_uart.o
                0x08005244                UART_Start_Receive_DMA
 .text.HAL_UARTEx_ReceiveToIdle_DMA
                0x080052e8       0x64 build/Swerve-Standard/stm32f4xx_hal_uart.o
                0x080052e8                HAL_UARTEx_ReceiveToIdle_DMA
 .text.vListInitialise
                0x0800534c       0x16 build/Swerve-Standard/list.o
                0x0800534c                vListInitialise
 .text.vListInitialiseItem
                0x08005362        0x6 build/Swerve-Standard/list.o
                0x08005362                vListInitialiseItem
 .text.vListInsertEnd
                0x08005368       0x16 build/Swerve-Standard/list.o
                0x08005368                vListInsertEnd
 .text.vListInsert
                0x0800537e       0x32 build/Swerve-Standard/list.o
                0x0800537e                vListInsert
 .text.uxListRemove
                0x080053b0       0x26 build/Swerve-Standard/list.o
                0x080053b0                uxListRemove
 .text.prvIsQueueFull
                0x080053d6       0x1e build/Swerve-Standard/queue.o
 .text.prvIsQueueEmpty
                0x080053f4       0x1a build/Swerve-Standard/queue.o
 .text.prvCopyDataToQueue
                0x0800540e       0x76 build/Swerve-Standard/queue.o
 .text.prvCopyDataFromQueue
                0x08005484       0x24 build/Swerve-Standard/queue.o
 .text.prvUnlockQueue
                0x080054a8       0x6e build/Swerve-Standard/queue.o
 .text.xQueueGenericReset
                0x08005516       0x84 build/Swerve-Standard/queue.o
                0x08005516                xQueueGenericReset
 .text.prvInitialiseNewQueue
                0x0800559a       0x22 build/Swerve-Standard/queue.o
 .text.xQueueGenericCreateStatic
                0x080055bc       0x94 build/Swerve-Standard/queue.o
                0x080055bc                xQueueGenericCreateStatic
 .text.xQueueGenericSend
                0x08005650      0x188 build/Swerve-Standard/queue.o
                0x08005650                xQueueGenericSend
 .text.xQueueGenericSendFromISR
                0x080057d8       0xce build/Swerve-Standard/queue.o
                0x080057d8                xQueueGenericSendFromISR
 .text.xQueueReceive
                0x080058a6      0x15e build/Swerve-Standard/queue.o
                0x080058a6                xQueueReceive
 .text.vQueueAddToRegistry
                0x08005a04       0x28 build/Swerve-Standard/queue.o
                0x08005a04                vQueueAddToRegistry
 .text.vQueueWaitForMessageRestricted
                0x08005a2c       0x52 build/Swerve-Standard/queue.o
                0x08005a2c                vQueueWaitForMessageRestricted
 *fill*         0x08005a7e        0x2 
 .text.prvResetNextTaskUnblockTime
                0x08005a80       0x2c build/Swerve-Standard/tasks.o
 .text.prvInitialiseNewTask
                0x08005aac       0xac build/Swerve-Standard/tasks.o
 .text.prvInitialiseTaskLists
                0x08005b58       0x68 build/Swerve-Standard/tasks.o
 .text.prvAddNewTaskToReadyList
                0x08005bc0       0xac build/Swerve-Standard/tasks.o
 .text.prvDeleteTCB
                0x08005c6c       0x38 build/Swerve-Standard/tasks.o
 .text.prvCheckTasksWaitingTermination
                0x08005ca4       0x4c build/Swerve-Standard/tasks.o
 .text.prvIdleTask
                0x08005cf0       0x28 build/Swerve-Standard/tasks.o
 .text.prvAddCurrentTaskToDelayedList
                0x08005d18       0xa0 build/Swerve-Standard/tasks.o
 .text.xTaskCreateStatic
                0x08005db8       0x76 build/Swerve-Standard/tasks.o
                0x08005db8                xTaskCreateStatic
 .text.xTaskCreate
                0x08005e2e       0x64 build/Swerve-Standard/tasks.o
                0x08005e2e                xTaskCreate
 *fill*         0x08005e92        0x2 
 .text.vTaskStartScheduler
                0x08005e94       0x9c build/Swerve-Standard/tasks.o
                0x08005e94                vTaskStartScheduler
 .text.vTaskSuspendAll
                0x08005f30       0x10 build/Swerve-Standard/tasks.o
                0x08005f30                vTaskSuspendAll
 .text.xTaskGetTickCount
                0x08005f40        0xc build/Swerve-Standard/tasks.o
                0x08005f40                xTaskGetTickCount
 .text.xTaskIncrementTick
                0x08005f4c      0x118 build/Swerve-Standard/tasks.o
                0x08005f4c                xTaskIncrementTick
 .text.xTaskResumeAll
                0x08006064       0xf8 build/Swerve-Standard/tasks.o
                0x08006064                xTaskResumeAll
 .text.vTaskDelayUntil
                0x0800615c       0xa4 build/Swerve-Standard/tasks.o
                0x0800615c                vTaskDelayUntil
 .text.vTaskDelay
                0x08006200       0x4c build/Swerve-Standard/tasks.o
                0x08006200                vTaskDelay
 .text.vTaskSwitchContext
                0x0800624c       0xc0 build/Swerve-Standard/tasks.o
                0x0800624c                vTaskSwitchContext
 .text.vTaskPlaceOnEventList
                0x0800630c       0x30 build/Swerve-Standard/tasks.o
                0x0800630c                vTaskPlaceOnEventList
 .text.vTaskPlaceOnEventListRestricted
                0x0800633c       0x38 build/Swerve-Standard/tasks.o
                0x0800633c                vTaskPlaceOnEventListRestricted
 .text.xTaskRemoveFromEventList
                0x08006374       0x8c build/Swerve-Standard/tasks.o
                0x08006374                xTaskRemoveFromEventList
 .text.vTaskInternalSetTimeOutState
                0x08006400       0x18 build/Swerve-Standard/tasks.o
                0x08006400                vTaskInternalSetTimeOutState
 .text.xTaskCheckForTimeOut
                0x08006418       0xa4 build/Swerve-Standard/tasks.o
                0x08006418                xTaskCheckForTimeOut
 .text.vTaskMissedYield
                0x080064bc        0xc build/Swerve-Standard/tasks.o
                0x080064bc                vTaskMissedYield
 .text.xTaskGetSchedulerState
                0x080064c8       0x20 build/Swerve-Standard/tasks.o
                0x080064c8                xTaskGetSchedulerState
 .text.xTaskPriorityDisinherit
                0x080064e8       0xb0 build/Swerve-Standard/tasks.o
                0x080064e8                xTaskPriorityDisinherit
 .text.prvGetNextExpireTime
                0x08006598       0x20 build/Swerve-Standard/timers.o
 .text.prvInsertTimerInActiveList
                0x080065b8       0x48 build/Swerve-Standard/timers.o
 .text.prvCheckForValidListAndQueue
                0x08006600       0x70 build/Swerve-Standard/timers.o
 .text.xTimerCreateTimerTask
                0x08006670       0x64 build/Swerve-Standard/timers.o
                0x08006670                xTimerCreateTimerTask
 .text.xTimerGenericCommand
                0x080066d4       0x6c build/Swerve-Standard/timers.o
                0x080066d4                xTimerGenericCommand
 .text.prvSwitchTimerLists
                0x08006740       0x7c build/Swerve-Standard/timers.o
 .text.prvSampleTimeNow
                0x080067bc       0x2c build/Swerve-Standard/timers.o
 .text.prvProcessExpiredTimer
                0x080067e8       0x6c build/Swerve-Standard/timers.o
 .text.prvProcessTimerOrBlockTask
                0x08006854       0x74 build/Swerve-Standard/timers.o
 .text.prvProcessReceivedCommands
                0x080068c8      0x10c build/Swerve-Standard/timers.o
 .text.prvTimerTask
                0x080069d4       0x16 build/Swerve-Standard/timers.o
 .text.makeFreeRtosPriority
                0x080069ea        0xc build/Swerve-Standard/cmsis_os.o
 .text.osKernelStart
                0x080069f6        0xa build/Swerve-Standard/cmsis_os.o
                0x080069f6                osKernelStart
 .text.osThreadCreate
                0x08006a00       0x66 build/Swerve-Standard/cmsis_os.o
                0x08006a00                osThreadCreate
 .text.osDelay  0x08006a66        0xe build/Swerve-Standard/cmsis_os.o
                0x08006a66                osDelay
 .text.prvHeapInit
                0x08006a74       0x64 build/Swerve-Standard/heap_4.o
 .text.prvInsertBlockIntoFreeList
                0x08006ad8       0x64 build/Swerve-Standard/heap_4.o
 .text.pvPortMalloc
                0x08006b3c      0x104 build/Swerve-Standard/heap_4.o
                0x08006b3c                pvPortMalloc
 .text.vPortFree
                0x08006c40       0x7c build/Swerve-Standard/heap_4.o
                0x08006c40                vPortFree
 .text.prvTaskExitError
                0x08006cbc       0x40 build/Swerve-Standard/port.o
 .text.prvPortStartFirstTask
                0x08006cfc       0x28 build/Swerve-Standard/port.o
 .text.vPortEnableVFP
                0x08006d24       0x14 build/Swerve-Standard/port.o
 .text.pxPortInitialiseStack
                0x08006d38       0x2c build/Swerve-Standard/port.o
                0x08006d38                pxPortInitialiseStack
 *fill*         0x08006d64        0xc 
 .text.SVC_Handler
                0x08006d70       0x24 build/Swerve-Standard/port.o
                0x08006d70                SVC_Handler
 .text.vPortEnterCritical
                0x08006d94       0x44 build/Swerve-Standard/port.o
                0x08006d94                vPortEnterCritical
 .text.vPortExitCritical
                0x08006dd8       0x2c build/Swerve-Standard/port.o
                0x08006dd8                vPortExitCritical
 *fill*         0x08006e04        0xc 
 .text.PendSV_Handler
                0x08006e10       0x64 build/Swerve-Standard/port.o
                0x08006e10                PendSV_Handler
 .text.SysTick_Handler
                0x08006e74       0x2c build/Swerve-Standard/port.o
                0x08006e74                SysTick_Handler
 .text.vPortSetupTimerInterrupt
                0x08006ea0       0x28 build/Swerve-Standard/port.o
                0x08006ea0                vPortSetupTimerInterrupt
 .text.xPortStartScheduler
                0x08006ec8      0x118 build/Swerve-Standard/port.o
                0x08006ec8                xPortStartScheduler
 .text.vPortValidateInterruptPriority
                0x08006fe0       0x5c build/Swerve-Standard/port.o
                0x08006fe0                vPortValidateInterruptPriority
 .text.invSqrt  0x0800703c       0x30 build/Swerve-Standard/MahonyAHRS.o
                0x0800703c                invSqrt
 .text.MahonyAHRSupdateIMU
                0x0800706c      0x268 build/Swerve-Standard/MahonyAHRS.o
                0x0800706c                MahonyAHRSupdateIMU
 .text.PID_Init
                0x080072d4       0x20 build/Swerve-Standard/pid.o
                0x080072d4                PID_Init
 .text.PID      0x080072f4       0xf0 build/Swerve-Standard/pid.o
                0x080072f4                PID
 .text.rate_limiter_init
                0x080073e4       0x1e build/Swerve-Standard/rate_limiter.o
                0x080073e4                rate_limiter_init
 *fill*         0x08007402        0x2 
 .text.rate_limiter_iterate
                0x08007404       0x70 build/Swerve-Standard/rate_limiter.o
                0x08007404                rate_limiter_iterate
 .text.swerve_init
                0x08007474       0x70 build/Swerve-Standard/swerve_locomotion.o
                0x08007474                swerve_init
 .text.swerve_calculate_kinematics
                0x080074e4      0x1e4 build/Swerve-Standard/swerve_locomotion.o
                0x080074e4                swerve_calculate_kinematics
 .text.swerve_optimize_module_angles
                0x080076c8      0x100 build/Swerve-Standard/swerve_locomotion.o
                0x080076c8                swerve_optimize_module_angles
 .text.swerve_convert_to_rpm
                0x080077c8       0x3c build/Swerve-Standard/swerve_locomotion.o
                0x080077c8                swerve_convert_to_rpm
 .text.CAN_Filter_Init
                0x08007804       0x68 build/Swerve-Standard/bsp_can.o
                0x08007804                CAN_Filter_Init
 .text.CAN_Device_Register
                0x0800786c       0x74 build/Swerve-Standard/bsp_can.o
                0x0800786c                CAN_Device_Register
 .text.CAN_Service_Init
                0x080078e0       0x3c build/Swerve-Standard/bsp_can.o
                0x080078e0                CAN_Service_Init
 .text.CAN_Transmit
                0x0800791c       0x34 build/Swerve-Standard/bsp_can.o
                0x0800791c                CAN_Transmit
 .text.CAN_Rx_Callback
                0x08007950       0xb4 build/Swerve-Standard/bsp_can.o
                0x08007950                CAN_Rx_Callback
 .text.HAL_CAN_RxFifo0MsgPendingCallback
                0x08007a04        0xa build/Swerve-Standard/bsp_can.o
                0x08007a04                HAL_CAN_RxFifo0MsgPendingCallback
 .text.HAL_CAN_RxFifo1MsgPendingCallback
                0x08007a0e        0xa build/Swerve-Standard/bsp_can.o
                0x08007a0e                HAL_CAN_RxFifo1MsgPendingCallback
 .text.Get_CRC16_Check_Sum
                0x08007a18       0x38 build/Swerve-Standard/bsp_crc.o
                0x08007a18                Get_CRC16_Check_Sum
 .text.Verify_CRC16_Check_Sum
                0x08007a50       0x48 build/Swerve-Standard/bsp_crc.o
                0x08007a50                Verify_CRC16_Check_Sum
 .text.Daemon_Register
                0x08007a98       0x2c build/Swerve-Standard/bsp_daemon.o
                0x08007a98                Daemon_Register
 .text.Daemon_Reload
                0x08007ac4        0x6 build/Swerve-Standard/bsp_daemon.o
                0x08007ac4                Daemon_Reload
 *fill*         0x08007aca        0x2 
 .text.Daemon_Task_Loop
                0x08007acc       0x40 build/Swerve-Standard/bsp_daemon.o
                0x08007acc                Daemon_Task_Loop
 .text.delay_us
                0x08007b0c       0x40 build/Swerve-Standard/bsp_delay.o
                0x08007b0c                delay_us
 .text.PWM_Start
                0x08007b4c        0xc build/Swerve-Standard/bsp_pwm.o
                0x08007b4c                PWM_Start
 .text.PWM_Set_Frequency
                0x08007b58       0x50 build/Swerve-Standard/bsp_pwm.o
                0x08007b58                PWM_Set_Frequency
 .text.PWM_Set_Period
                0x08007ba8       0x44 build/Swerve-Standard/bsp_pwm.o
                0x08007ba8                PWM_Set_Period
 .text.PWM_Set_Duty_Ratio
                0x08007bec       0x74 build/Swerve-Standard/bsp_pwm.o
                0x08007bec                PWM_Set_Duty_Ratio
 .text.PWM_Get_Tclk
                0x08007c60       0x74 build/Swerve-Standard/bsp_pwm.o
                0x08007c60                PWM_Get_Tclk
 .text.PWM_Register
                0x08007cd4       0x64 build/Swerve-Standard/bsp_pwm.o
                0x08007cd4                PWM_Register
 .text.UART_Service_Init
                0x08007d38       0x1e build/Swerve-Standard/bsp_uart.o
                0x08007d38                UART_Service_Init
 *fill*         0x08007d56        0x2 
 .text.UART_Register
                0x08007d58       0x40 build/Swerve-Standard/bsp_uart.o
                0x08007d58                UART_Register
 .text.UART_Transmit
                0x08007d98       0x2c build/Swerve-Standard/bsp_uart.o
                0x08007d98                UART_Transmit
 .text.HAL_UARTEx_RxEventCallback
                0x08007dc4       0x54 build/Swerve-Standard/bsp_uart.o
                0x08007dc4                HAL_UARTEx_RxEventCallback
 .text.BMI088_write_single_reg
                0x08007e18       0x10 build/Swerve-Standard/bmi088driver.o
 .text.BMI088_read_single_reg
                0x08007e28       0x16 build/Swerve-Standard/bmi088driver.o
 .text.BMI088_read_muli_reg
                0x08007e3e       0x24 build/Swerve-Standard/bmi088driver.o
 *fill*         0x08007e62        0x2 
 .text.bmi088_accel_init
                0x08007e64       0x7c build/Swerve-Standard/bmi088driver.o
                0x08007e64                bmi088_accel_init
 .text.bmi088_gyro_init
                0x08007ee0       0xec build/Swerve-Standard/bmi088driver.o
                0x08007ee0                bmi088_gyro_init
 .text.bmi088_accel_self_test
                0x08007fcc      0x2a0 build/Swerve-Standard/bmi088driver.o
                0x08007fcc                bmi088_accel_self_test
 .text.bmi088_gyro_self_test
                0x0800826c       0xd2 build/Swerve-Standard/bmi088driver.o
                0x0800826c                bmi088_gyro_self_test
 .text.BMI088_init
                0x0800833e       0x2e build/Swerve-Standard/bmi088driver.o
                0x0800833e                BMI088_init
 .text.BMI088_read
                0x0800836c      0x168 build/Swerve-Standard/bmi088driver.o
                0x0800836c                BMI088_read
 .text.BMI088_delay_ms
                0x080084d4        0x8 build/Swerve-Standard/bmi088middleware.o
                0x080084d4                BMI088_delay_ms
 .text.BMI088_delay_us
                0x080084dc        0x8 build/Swerve-Standard/bmi088middleware.o
                0x080084dc                BMI088_delay_us
 .text.BMI088_ACCEL_NS_L
                0x080084e4       0x14 build/Swerve-Standard/bmi088middleware.o
                0x080084e4                BMI088_ACCEL_NS_L
 .text.BMI088_ACCEL_NS_H
                0x080084f8       0x14 build/Swerve-Standard/bmi088middleware.o
                0x080084f8                BMI088_ACCEL_NS_H
 .text.BMI088_GYRO_NS_L
                0x0800850c       0x14 build/Swerve-Standard/bmi088middleware.o
                0x0800850c                BMI088_GYRO_NS_L
 .text.BMI088_GYRO_NS_H
                0x08008520       0x14 build/Swerve-Standard/bmi088middleware.o
                0x08008520                BMI088_GYRO_NS_H
 .text.BMI088_read_write_byte
                0x08008534       0x2c build/Swerve-Standard/bmi088middleware.o
                0x08008534                BMI088_read_write_byte
 .text.Buzzer_Init
                0x08008560       0x38 build/Swerve-Standard/buzzer.o
                0x08008560                Buzzer_Init
 .text.Buzzer_Set_Loudness
                0x08008598       0x14 build/Swerve-Standard/buzzer.o
                0x08008598                Buzzer_Set_Loudness
 .text.Buzzer_Set_Note
                0x080085ac       0x28 build/Swerve-Standard/buzzer.o
                0x080085ac                Buzzer_Set_Note
 *fill*         0x080085d4        0x4 
 .text.Buzzer_Play_Melody
                0x080085d8       0xa0 build/Swerve-Standard/buzzer.o
                0x080085d8                Buzzer_Play_Melody
 .text.DJI_Motor_Decode
                0x08008678      0x148 build/Swerve-Standard/dji_motor.o
                0x08008678                DJI_Motor_Decode
 .text.DJI_Motor_Assign_To_Group
                0x080087c0       0xd0 build/Swerve-Standard/dji_motor.o
                0x080087c0                DJI_Motor_Assign_To_Group
 .text.DJI_Motor_Init
                0x08008890      0x250 build/Swerve-Standard/dji_motor.o
                0x08008890                DJI_Motor_Init
 .text.DJI_Motor_Get_Absolute_Angle
                0x08008ae0       0x2c build/Swerve-Standard/dji_motor.o
                0x08008ae0                DJI_Motor_Get_Absolute_Angle
 .text.DJI_Motor_Get_Total_Angle
                0x08008b0c       0x22 build/Swerve-Standard/dji_motor.o
                0x08008b0c                DJI_Motor_Get_Total_Angle
 *fill*         0x08008b2e        0x2 
 .text.DJI_Motor_Set_Angle
                0x08008b30       0x2c build/Swerve-Standard/dji_motor.o
                0x08008b30                DJI_Motor_Set_Angle
 .text.DJI_Motor_Set_Velocity
                0x08008b5c       0x22 build/Swerve-Standard/dji_motor.o
                0x08008b5c                DJI_Motor_Set_Velocity
 .text.DJI_Motor_Set_Control_Mode
                0x08008b7e        0x4 build/Swerve-Standard/dji_motor.o
                0x08008b7e                DJI_Motor_Set_Control_Mode
 .text.DJI_Motor_Disable
                0x08008b82        0x6 build/Swerve-Standard/dji_motor.o
                0x08008b82                DJI_Motor_Disable
 .text.DJI_Motor_Current_Calc
                0x08008b88      0x218 build/Swerve-Standard/dji_motor.o
                0x08008b88                DJI_Motor_Current_Calc
 .text.DJI_Motor_Send
                0x08008da0       0x9c build/Swerve-Standard/dji_motor.o
                0x08008da0                DJI_Motor_Send
 .text.DJI_Motor_Disable_All
                0x08008e3c       0x2c build/Swerve-Standard/dji_motor.o
                0x08008e3c                DJI_Motor_Disable_All
 .text.DJI_Motor_Enable_All
                0x08008e68       0x24 build/Swerve-Standard/dji_motor.o
                0x08008e68                DJI_Motor_Enable_All
 .text.DJI_Motor_Is_At_Angle
                0x08008e8c       0x1c build/Swerve-Standard/dji_motor.o
                0x08008e8c                DJI_Motor_Is_At_Angle
 .text.IMU_Task_Init
                0x08008ea8       0x70 build/Swerve-Standard/imu_task.o
                0x08008ea8                IMU_Task_Init
 .text.IMU_Task_Temp
                0x08008f18       0x68 build/Swerve-Standard/imu_task.o
                0x08008f18                IMU_Task_Temp
 .text.IMU_Task_Process
                0x08008f80      0x100 build/Swerve-Standard/imu_task.o
                0x08008f80                IMU_Task_Process
 .text.IMU_Task
                0x08009080       0x24 build/Swerve-Standard/imu_task.o
                0x08009080                IMU_Task
 .text.Jetson_Orin_Rx_Callback
                0x080090a4       0xcc build/Swerve-Standard/jetson_orin.o
                0x080090a4                Jetson_Orin_Rx_Callback
 .text.Jetson_Orin_Timeout_Callback
                0x08009170       0x10 build/Swerve-Standard/jetson_orin.o
                0x08009170                Jetson_Orin_Timeout_Callback
 .text.Jetson_Orin_Init
                0x08009180       0x40 build/Swerve-Standard/jetson_orin.o
                0x08009180                Jetson_Orin_Init
 .text.Jetson_Orin_Send_Data
                0x080091c0       0xcc build/Swerve-Standard/jetson_orin.o
                0x080091c0                Jetson_Orin_Send_Data
 .text.Laser_Init
                0x0800928c       0x10 build/Swerve-Standard/laser.o
                0x0800928c                Laser_Init
 .text.Laser_On
                0x0800929c       0x10 build/Swerve-Standard/laser.o
                0x0800929c                Laser_On
 .text.Laser_Off
                0x080092ac       0x10 build/Swerve-Standard/laser.o
                0x080092ac                Laser_Off
 .text.Referee_System_Timeout_Callback
                0x080092bc       0x1c build/Swerve-Standard/referee_system.o
                0x080092bc                Referee_System_Timeout_Callback
 .text.Referee_Get_Data
                0x080092d8      0x3a4 build/Swerve-Standard/referee_system.o
                0x080092d8                Referee_Get_Data
 .text.Referee_Set_Robot_State
                0x0800967c       0xe4 build/Swerve-Standard/referee_system.o
                0x0800967c                Referee_Set_Robot_State
 .text.Referee_System_Init
                0x08009760       0x44 build/Swerve-Standard/referee_system.o
                0x08009760                Referee_System_Init
 .text.Remote_Timeout_Callback
                0x080097a4       0x1c build/Swerve-Standard/remote.o
                0x080097a4                Remote_Timeout_Callback
 .text.Remote_Buffer_Process
                0x080097c0      0x128 build/Swerve-Standard/remote.o
                0x080097c0                Remote_Buffer_Process
 .text.Remote_Rx_Callback
                0x080098e8       0x14 build/Swerve-Standard/remote.o
                0x080098e8                Remote_Rx_Callback
 .text.Remote_Init
                0x080098fc       0x3c build/Swerve-Standard/remote.o
                0x080098fc                Remote_Init
 .text.Supercap_Decode
                0x08009938       0x14 build/Swerve-Standard/supercap.o
                0x08009938                Supercap_Decode
 .text.Supercap_Init
                0x0800994c       0x28 build/Swerve-Standard/supercap.o
                0x0800994c                Supercap_Init
 .text.Supercap_Send
                0x08009974       0x34 build/Swerve-Standard/supercap.o
                0x08009974                Supercap_Send
 .text.Chassis_Task_Init
                0x080099a8      0x194 build/Swerve-Standard/chassis_task.o
                0x080099a8                Chassis_Task_Init
 .text.Update_Maxes
                0x08009b3c      0x12c build/Swerve-Standard/chassis_task.o
                0x08009b3c                Update_Maxes
 .text.Rescale_Chassis_Velocity
                0x08009c68       0x60 build/Swerve-Standard/chassis_task.o
                0x08009c68                Rescale_Chassis_Velocity
 .text.Chassis_Ctrl_Loop
                0x08009cc8      0x1bc build/Swerve-Standard/chassis_task.o
                0x08009cc8                Chassis_Ctrl_Loop
 .text.Debug_Task_Loop
                0x08009e84        0x2 build/Swerve-Standard/debug_task.o
                0x08009e84                Debug_Task_Loop
 *fill*         0x08009e86        0x2 
 .text.Gimbal_Task_Init
                0x08009e88      0x108 build/Swerve-Standard/gimbal_task.o
                0x08009e88                Gimbal_Task_Init
 .text.Gimbal_Ctrl_Loop
                0x08009f90      0x17c build/Swerve-Standard/gimbal_task.o
                0x08009f90                Gimbal_Ctrl_Loop
 .text.Launch_Task_Init
                0x0800a10c       0xf4 build/Swerve-Standard/launch_task.o
                0x0800a10c                Launch_Task_Init
 .text.resetRelPos
                0x0800a200       0x20 build/Swerve-Standard/launch_task.o
                0x0800a200                resetRelPos
 .text.rejiggle
                0x0800a220       0x8c build/Swerve-Standard/launch_task.o
                0x0800a220                rejiggle
 .text.handleSingleFire
                0x0800a2ac       0x78 build/Swerve-Standard/launch_task.o
                0x0800a2ac                handleSingleFire
 .text.handleFullAuto
                0x0800a324       0x70 build/Swerve-Standard/launch_task.o
                0x0800a324                handleFullAuto
 .text.startFlywheel
                0x0800a394       0x34 build/Swerve-Standard/launch_task.o
                0x0800a394                startFlywheel
 .text.stopFlywheel
                0x0800a3c8       0x34 build/Swerve-Standard/launch_task.o
                0x0800a3c8                stopFlywheel
 .text.Launch_Ctrl_Loop
                0x0800a3fc       0x74 build/Swerve-Standard/launch_task.o
                0x0800a3fc                Launch_Ctrl_Loop
 .text.Motor_Task_Loop
                0x0800a470        0xc build/Swerve-Standard/motor_task.o
                0x0800a470                Motor_Task_Loop
 .text.Robot_Tasks_UI
                0x0800a47c       0x14 build/Swerve-Standard/robot.o
                0x0800a47c                Robot_Tasks_UI
 .text.Robot_Tasks_IMU
                0x0800a490        0x8 build/Swerve-Standard/robot.o
                0x0800a490                Robot_Tasks_IMU
 .text.Robot_Tasks_Motor
                0x0800a498       0x18 build/Swerve-Standard/robot.o
                0x0800a498                Robot_Tasks_Motor
 .text.Robot_Tasks_Debug
                0x0800a4b0       0x18 build/Swerve-Standard/robot.o
                0x0800a4b0                Robot_Tasks_Debug
 .text.Robot_Tasks_Jetson_Orin
                0x0800a4c8       0x1a build/Swerve-Standard/robot.o
                0x0800a4c8                Robot_Tasks_Jetson_Orin
 .text.Robot_Tasks_Daemon
                0x0800a4e2       0x18 build/Swerve-Standard/robot.o
                0x0800a4e2                Robot_Tasks_Daemon
 *fill*         0x0800a4fa        0x2 
 .text.Robot_Tasks_Start
                0x0800a4fc      0x124 build/Swerve-Standard/robot.o
                0x0800a4fc                Robot_Tasks_Start
 .text.Robot_Init
                0x0800a620       0xa0 build/Swerve-Standard/robot.o
                0x0800a620                Robot_Init
 .text.Handle_Starting_Up_State
                0x0800a6c0       0x48 build/Swerve-Standard/robot.o
                0x0800a6c0                Handle_Starting_Up_State
 .text.Handle_Disabled_State
                0x0800a708       0x3c build/Swerve-Standard/robot.o
                0x0800a708                Handle_Disabled_State
 .text.Process_Remote_Input
                0x0800a744      0x2d8 build/Swerve-Standard/robot.o
                0x0800a744                Process_Remote_Input
 .text.Process_Chassis_Control
                0x0800aa1c        0x8 build/Swerve-Standard/robot.o
                0x0800aa1c                Process_Chassis_Control
 .text.Process_Gimbal_Control
                0x0800aa24        0x8 build/Swerve-Standard/robot.o
                0x0800aa24                Process_Gimbal_Control
 .text.Process_Launch_Control
                0x0800aa2c        0x8 build/Swerve-Standard/robot.o
                0x0800aa2c                Process_Launch_Control
 .text.Handle_Enabled_State
                0x0800aa34       0x38 build/Swerve-Standard/robot.o
                0x0800aa34                Handle_Enabled_State
 .text.Robot_Command_Loop
                0x0800aa6c       0x2c build/Swerve-Standard/robot.o
                0x0800aa6c                Robot_Command_Loop
 .text.Robot_Tasks_Robot_Command
                0x0800aa98       0x18 build/Swerve-Standard/robot.o
                0x0800aa98                Robot_Tasks_Robot_Command
 .text.Reset_Handler
                0x0800aab0       0x50 build/Swerve-Standard/startup_stm32f407xx.o
                0x0800aab0                Reset_Handler
 .text.Default_Handler
                0x0800ab00        0x2 build/Swerve-Standard/startup_stm32f407xx.o
                0x0800ab00                DMA1_Stream3_IRQHandler
                0x0800ab00                HASH_RNG_IRQHandler
                0x0800ab00                EXTI2_IRQHandler
                0x0800ab00                TIM8_CC_IRQHandler
                0x0800ab00                TIM1_CC_IRQHandler
                0x0800ab00                DMA1_Stream5_IRQHandler
                0x0800ab00                PVD_IRQHandler
                0x0800ab00                SDIO_IRQHandler
                0x0800ab00                TAMP_STAMP_IRQHandler
                0x0800ab00                TIM8_TRG_COM_TIM14_IRQHandler
                0x0800ab00                TIM1_UP_TIM10_IRQHandler
                0x0800ab00                TIM8_UP_TIM13_IRQHandler
                0x0800ab00                I2C3_ER_IRQHandler
                0x0800ab00                I2C2_EV_IRQHandler
                0x0800ab00                DMA1_Stream2_IRQHandler
                0x0800ab00                FPU_IRQHandler
                0x0800ab00                OTG_HS_WKUP_IRQHandler
                0x0800ab00                CAN2_SCE_IRQHandler
                0x0800ab00                DMA2_Stream2_IRQHandler
                0x0800ab00                SPI1_IRQHandler
                0x0800ab00                TIM6_DAC_IRQHandler
                0x0800ab00                TIM1_BRK_TIM9_IRQHandler
                0x0800ab00                DCMI_IRQHandler
                0x0800ab00                DMA2_Stream3_IRQHandler
                0x0800ab00                UART5_IRQHandler
                0x0800ab00                DMA2_Stream0_IRQHandler
                0x0800ab00                TIM4_IRQHandler
                0x0800ab00                I2C1_EV_IRQHandler
                0x0800ab00                DMA1_Stream6_IRQHandler
                0x0800ab00                UART4_IRQHandler
                0x0800ab00                TIM3_IRQHandler
                0x0800ab00                RCC_IRQHandler
                0x0800ab00                TIM8_BRK_TIM12_IRQHandler
                0x0800ab00                Default_Handler
                0x0800ab00                EXTI15_10_IRQHandler
                0x0800ab00                ADC_IRQHandler
                0x0800ab00                DMA1_Stream7_IRQHandler
                0x0800ab00                TIM7_IRQHandler
                0x0800ab00                CAN2_TX_IRQHandler
                0x0800ab00                TIM5_IRQHandler
                0x0800ab00                I2C3_EV_IRQHandler
                0x0800ab00                RTC_WKUP_IRQHandler
                0x0800ab00                ETH_WKUP_IRQHandler
                0x0800ab00                SPI2_IRQHandler
                0x0800ab00                OTG_HS_EP1_IN_IRQHandler
                0x0800ab00                DMA1_Stream0_IRQHandler
                0x0800ab00                CAN1_TX_IRQHandler
                0x0800ab00                FSMC_IRQHandler
                0x0800ab00                ETH_IRQHandler
                0x0800ab00                OTG_HS_EP1_OUT_IRQHandler
                0x0800ab00                WWDG_IRQHandler
                0x0800ab00                OTG_FS_WKUP_IRQHandler
                0x0800ab00                TIM1_TRG_COM_TIM11_IRQHandler
                0x0800ab00                OTG_HS_IRQHandler
                0x0800ab00                EXTI1_IRQHandler
                0x0800ab00                USART2_IRQHandler
                0x0800ab00                I2C2_ER_IRQHandler
                0x0800ab00                CAN1_SCE_IRQHandler
                0x0800ab00                FLASH_IRQHandler
                0x0800ab00                DMA2_Stream4_IRQHandler
                0x0800ab00                OTG_FS_IRQHandler
                0x0800ab00                SPI3_IRQHandler
                0x0800ab00                DMA1_Stream4_IRQHandler
                0x0800ab00                I2C1_ER_IRQHandler
                0x0800ab00                RTC_Alarm_IRQHandler
 *fill*         0x0800ab02        0x2 
 .text.calloc   0x0800ab04       0x18 /Applications/ArmGNUToolchain/14.3.rel1/arm-none-eabi/bin/../lib/gcc/arm-none-eabi/14.3.1/../../../../arm-none-eabi/lib/thumb/v7e-m+fp/hard/libc.a(libc_a-calloc.o)
                0x0800ab04                calloc
 .text._calloc_r
                0x0800ab1c       0x6c /Applications/ArmGNUToolchain/14.3.rel1/arm-none-eabi/bin/../lib/gcc/arm-none-eabi/14.3.1/../../../../arm-none-eabi/lib/thumb/v7e-m+fp/hard/libc.a(libc_a-callocr.o)
                0x0800ab1c                _calloc_r
 .text.malloc   0x0800ab88       0x10 /Applications/ArmGNUToolchain/14.3.rel1/arm-none-eabi/bin/../lib/gcc/arm-none-eabi/14.3.1/../../../../arm-none-eabi/lib/thumb/v7e-m+fp/hard/libc.a(libc_a-malloc.o)
                0x0800ab88                malloc
 .text._malloc_r
                0x0800ab98      0x598 /Applications/ArmGNUToolchain/14.3.rel1/arm-none-eabi/bin/../lib/gcc/arm-none-eabi/14.3.1/../../../../arm-none-eabi/lib/thumb/v7e-m+fp/hard/libc.a(libc_a-mallocr.o)
                0x0800ab98                _malloc_r
 .text.__malloc_lock
                0x0800b130        0xc /Applications/ArmGNUToolchain/14.3.rel1/arm-none-eabi/bin/../lib/gcc/arm-none-eabi/14.3.1/../../../../arm-none-eabi/lib/thumb/v7e-m+fp/hard/libc.a(libc_a-mlock.o)
                0x0800b130                __malloc_lock
 .text.__malloc_unlock
                0x0800b13c        0xc /Applications/ArmGNUToolchain/14.3.rel1/arm-none-eabi/bin/../lib/gcc/arm-none-eabi/14.3.1/../../../../arm-none-eabi/lib/thumb/v7e-m+fp/hard/libc.a(libc_a-mlock.o)
                0x0800b13c                __malloc_unlock
 .text.memset   0x0800b148       0x9c /Applications/ArmGNUToolchain/14.3.rel1/arm-none-eabi/bin/../lib/gcc/arm-none-eabi/14.3.1/../../../../arm-none-eabi/lib/thumb/v7e-m+fp/hard/libc.a(libc_a-memset.o)
                0x0800b148                memset
 .text._sbrk_r  0x0800b1e4       0x24 /Applications/ArmGNUToolchain/14.3.rel1/arm-none-eabi/bin/../lib/gcc/arm-none-eabi/14.3.1/../../../../arm-none-eabi/lib/thumb/v7e-m+fp/hard/libc.a(libc_a-sbrkr.o)
                0x0800b1e4                _sbrk_r
 .text.__errno  0x0800b208        0xc /Applications/ArmGNUToolchain/14.3.rel1/arm-none-eabi/bin/../lib/gcc/arm-none-eabi/14.3.1/../../../../arm-none-eabi/lib/thumb/v7e-m+fp/hard/libc.a(libc_a-errno.o)
                0x0800b208                __errno
 .text.sysconf  0x0800b214       0x1c /Applications/ArmGNUToolchain/14.3.rel1/arm-none-eabi/bin/../lib/gcc/arm-none-eabi/14.3.1/../../../../arm-none-eabi/lib/thumb/v7e-m+fp/hard/libc.a(libc_a-sysconf.o)
                0x0800b214                sysconf
 .text.__libc_init_array
                0x0800b230       0x50 /Applications/ArmGNUToolchain/14.3.rel1/arm-none-eabi/bin/../lib/gcc/arm-none-eabi/14.3.1/../../../../arm-none-eabi/lib/thumb/v7e-m+fp/hard/libc.a(libc_a-init.o)
                0x0800b230                __libc_init_array
 .text.__retarget_lock_acquire_recursive
                0x0800b280        0x4 /Applications/ArmGNUToolchain/14.3.rel1/arm-none-eabi/bin/../lib/gcc/arm-none-eabi/14.3.1/../../../../arm-none-eabi/lib/thumb/v7e-m+fp/hard/libc.a(libc_a-lock.o)
                0x0800b280                __retarget_lock_acquire_recursive
 .text.__retarget_lock_release_recursive
                0x0800b284        0x4 /Applications/ArmGNUToolchain/14.3.rel1/arm-none-eabi/bin/../lib/gcc/arm-none-eabi/14.3.1/../../../../arm-none-eabi/lib/thumb/v7e-m+fp/hard/libc.a(libc_a-lock.o)
                0x0800b284                __retarget_lock_release_recursive
 .text.startup.register_fini
                0x0800b288       0x14 /Applications/ArmGNUToolchain/14.3.rel1/arm-none-eabi/bin/../lib/gcc/arm-none-eabi/14.3.1/../../../../arm-none-eabi/lib/thumb/v7e-m+fp/hard/libc.a(libc_a-__call_atexit.o)
 .text.atexit   0x0800b29c        0xc /Applications/ArmGNUToolchain/14.3.rel1/arm-none-eabi/bin/../lib/gcc/arm-none-eabi/14.3.1/../../../../arm-none-eabi/lib/thumb/v7e-m+fp/hard/libc.a(libc_a-atexit.o)
                0x0800b29c                atexit
 .text._malloc_trim_r
                0x0800b2a8       0xb8 /Applications/ArmGNUToolchain/14.3.rel1/arm-none-eabi/bin/../lib/gcc/arm-none-eabi/14.3.1/../../../../arm-none-eabi/lib/thumb/v7e-m+fp/hard/libc.a(libc_a-freer.o)
                0x0800b2a8                _malloc_trim_r
 .text._free_r  0x0800b360      0x1f0 /Applications/ArmGNUToolchain/14.3.rel1/arm-none-eabi/bin/../lib/gcc/arm-none-eabi/14.3.1/../../../../arm-none-eabi/lib/thumb/v7e-m+fp/hard/libc.a(libc_a-freer.o)
                0x0800b360                _free_r
 .text.__libc_fini_array
                0x0800b550       0x28 /Applications/ArmGNUToolchain/14.3.rel1/arm-none-eabi/bin/../lib/gcc/arm-none-eabi/14.3.1/../../../../arm-none-eabi/lib/thumb/v7e-m+fp/hard/libc.a(libc_a-fini.o)
                0x0800b550                __libc_fini_array
 .text.__register_exitproc
                0x0800b578       0x80 /Applications/ArmGNUToolchain/14.3.rel1/arm-none-eabi/bin/../lib/gcc/arm-none-eabi/14.3.1/../../../../arm-none-eabi/lib/thumb/v7e-m+fp/hard/libc.a(libc_a-__atexit.o)
                0x0800b578                __register_exitproc
 .text.asinf    0x0800b5f8       0x58 /Applications/ArmGNUToolchain/14.3.rel1/arm-none-eabi/bin/../lib/gcc/arm-none-eabi/14.3.1/../../../../arm-none-eabi/lib/thumb/v7e-m+fp/hard/libm.a(libm_a-wf_asin.o)
                0x0800b5f8                asinf
 .text.atan2f   0x0800b650        0x4 /Applications/ArmGNUToolchain/14.3.rel1/arm-none-eabi/bin/../lib/gcc/arm-none-eabi/14.3.1/../../../../arm-none-eabi/lib/thumb/v7e-m+fp/hard/libm.a(libm_a-wf_atan2.o)
                0x0800b650                atan2f
 .text.hypotf   0x0800b654       0x50 /Applications/ArmGNUToolchain/14.3.rel1/arm-none-eabi/bin/../lib/gcc/arm-none-eabi/14.3.1/../../../../arm-none-eabi/lib/thumb/v7e-m+fp/hard/libm.a(libm_a-wf_hypot.o)
                0x0800b654                hypotf
 .text.fmod     0x0800b6a4       0x6c /Applications/ArmGNUToolchain/14.3.rel1/arm-none-eabi/bin/../lib/gcc/arm-none-eabi/14.3.1/../../../../arm-none-eabi/lib/thumb/v7e-m+fp/hard/libm.a(libm_a-w_fmod.o)
                0x0800b6a4                fmod
 .text.powf     0x0800b710       0xbc /Applications/ArmGNUToolchain/14.3.rel1/arm-none-eabi/bin/../lib/gcc/arm-none-eabi/14.3.1/../../../../arm-none-eabi/lib/thumb/v7e-m+fp/hard/libm.a(libm_a-wf_pow.o)
                0x0800b710                powf
 .text.sqrtf    0x0800b7cc       0x44 /Applications/ArmGNUToolchain/14.3.rel1/arm-none-eabi/bin/../lib/gcc/arm-none-eabi/14.3.1/../../../../arm-none-eabi/lib/thumb/v7e-m+fp/hard/libm.a(libm_a-wf_sqrt.o)
                0x0800b7cc                sqrtf
 .text.finitef  0x0800b810       0x14 /Applications/ArmGNUToolchain/14.3.rel1/arm-none-eabi/bin/../lib/gcc/arm-none-eabi/14.3.1/../../../../arm-none-eabi/lib/thumb/v7e-m+fp/hard/libm.a(libm_a-sf_finite.o)
                0x0800b810                finitef
 .text.fabsf    0x0800b824       0x10 /Applications/ArmGNUToolchain/14.3.rel1/arm-none-eabi/bin/../lib/gcc/arm-none-eabi/14.3.1/../../../../arm-none-eabi/lib/thumb/v7e-m+fp/hard/libm.a(libm_a-sf_fabs.o)
                0x0800b824                fabsf
 *fill*         0x0800b834        0x4 
 .text.cos      0x0800b838       0x88 /Applications/ArmGNUToolchain/14.3.rel1/arm-none-eabi/bin/../lib/gcc/arm-none-eabi/14.3.1/../../../../arm-none-eabi/lib/thumb/v7e-m+fp/hard/libm.a(libm_a-s_cos.o)
                0x0800b838                cos
 .text.nanf     0x0800b8c0        0xc /Applications/ArmGNUToolchain/14.3.rel1/arm-none-eabi/bin/../lib/gcc/arm-none-eabi/14.3.1/../../../../arm-none-eabi/lib/thumb/v7e-m+fp/hard/libm.a(libm_a-sf_nan.o)
                0x0800b8c0                nanf
 *fill*         0x0800b8cc        0x4 
 .text.sin      0x0800b8d0       0x90 /Applications/ArmGNUToolchain/14.3.rel1/arm-none-eabi/bin/../lib/gcc/arm-none-eabi/14.3.1/../../../../arm-none-eabi/lib/thumb/v7e-m+fp/hard/libm.a(libm_a-s_sin.o)
                0x0800b8d0                sin
 .text.__ieee754_asinf
                0x0800b960      0x1f4 /Applications/ArmGNUToolchain/14.3.rel1/arm-none-eabi/bin/../lib/gcc/arm-none-eabi/14.3.1/../../../../arm-none-eabi/lib/thumb/v7e-m+fp/hard/libm.a(libm_a-ef_asin.o)
                0x0800b960                __ieee754_asinf
 .text.__ieee754_atan2f
                0x0800bb54      0x14c /Applications/ArmGNUToolchain/14.3.rel1/arm-none-eabi/bin/../lib/gcc/arm-none-eabi/14.3.1/../../../../arm-none-eabi/lib/thumb/v7e-m+fp/hard/libm.a(libm_a-ef_atan2.o)
                0x0800bb54                __ieee754_atan2f
 .text.__ieee754_sqrtf
                0x0800bca0        0x8 /Applications/ArmGNUToolchain/14.3.rel1/arm-none-eabi/bin/../lib/gcc/arm-none-eabi/14.3.1/../../../../arm-none-eabi/lib/thumb/v7e-m+fp/hard/libm.a(libm_a-ef_sqrt.o)
                0x0800bca0                __ieee754_sqrtf
 .text.__ieee754_fmod
                0x0800bca8      0x3ac /Applications/ArmGNUToolchain/14.3.rel1/arm-none-eabi/bin/../lib/gcc/arm-none-eabi/14.3.1/../../../../arm-none-eabi/lib/thumb/v7e-m+fp/hard/libm.a(libm_a-e_fmod.o)
                0x0800bca8                __ieee754_fmod
 .text.__ieee754_hypotf
                0x0800c054      0x11c /Applications/ArmGNUToolchain/14.3.rel1/arm-none-eabi/bin/../lib/gcc/arm-none-eabi/14.3.1/../../../../arm-none-eabi/lib/thumb/v7e-m+fp/hard/libm.a(libm_a-ef_hypot.o)
                0x0800c054                __ieee754_hypotf
 .text.__ieee754_powf
                0x0800c170      0x6b8 /Applications/ArmGNUToolchain/14.3.rel1/arm-none-eabi/bin/../lib/gcc/arm-none-eabi/14.3.1/../../../../arm-none-eabi/lib/thumb/v7e-m+fp/hard/libm.a(libm_a-ef_pow.o)
                0x0800c170                __ieee754_powf
 .text.__ieee754_rem_pio2
                0x0800c828      0x424 /Applications/ArmGNUToolchain/14.3.rel1/arm-none-eabi/bin/../lib/gcc/arm-none-eabi/14.3.1/../../../../arm-none-eabi/lib/thumb/v7e-m+fp/hard/libm.a(libm_a-e_rem_pio2.o)
                0x0800c828                __ieee754_rem_pio2
 *fill*         0x0800cc4c        0x4 
 .text.__kernel_rem_pio2
                0x0800cc50      0x888 /Applications/ArmGNUToolchain/14.3.rel1/arm-none-eabi/bin/../lib/gcc/arm-none-eabi/14.3.1/../../../../arm-none-eabi/lib/thumb/v7e-m+fp/hard/libm.a(libm_a-k_rem_pio2.o)
                0x0800cc50                __kernel_rem_pio2
 .text.__kernel_cos
                0x0800d4d8      0x26c /Applications/ArmGNUToolchain/14.3.rel1/arm-none-eabi/bin/../lib/gcc/arm-none-eabi/14.3.1/../../../../arm-none-eabi/lib/thumb/v7e-m+fp/hard/libm.a(libm_a-k_cos.o)
                0x0800d4d8                __kernel_cos
 *fill*         0x0800d744        0x4 
 .text.__kernel_sin
                0x0800d748      0x184 /Applications/ArmGNUToolchain/14.3.rel1/arm-none-eabi/bin/../lib/gcc/arm-none-eabi/14.3.1/../../../../arm-none-eabi/lib/thumb/v7e-m+fp/hard/libm.a(libm_a-k_sin.o)
                0x0800d748                __kernel_sin
 .text.with_errnof
                0x0800d8cc       0x1c /Applications/ArmGNUToolchain/14.3.rel1/arm-none-eabi/bin/../lib/gcc/arm-none-eabi/14.3.1/../../../../arm-none-eabi/lib/thumb/v7e-m+fp/hard/libm.a(libm_a-math_errf.o)
 .text.xflowf   0x0800d8e8       0x20 /Applications/ArmGNUToolchain/14.3.rel1/arm-none-eabi/bin/../lib/gcc/arm-none-eabi/14.3.1/../../../../arm-none-eabi/lib/thumb/v7e-m+fp/hard/libm.a(libm_a-math_errf.o)
 .text.__math_uflowf
                0x0800d908        0xc /Applications/ArmGNUToolchain/14.3.rel1/arm-none-eabi/bin/../lib/gcc/arm-none-eabi/14.3.1/../../../../arm-none-eabi/lib/thumb/v7e-m+fp/hard/libm.a(libm_a-math_errf.o)
                0x0800d908                __math_uflowf
 .text.__math_oflowf
                0x0800d914        0xc /Applications/ArmGNUToolchain/14.3.rel1/arm-none-eabi/bin/../lib/gcc/arm-none-eabi/14.3.1/../../../../arm-none-eabi/lib/thumb/v7e-m+fp/hard/libm.a(libm_a-math_errf.o)
                0x0800d914                __math_oflowf
 .text.scalbnf  0x0800d920       0xdc /Applications/ArmGNUToolchain/14.3.rel1/arm-none-eabi/bin/../lib/gcc/arm-none-eabi/14.3.1/../../../../arm-none-eabi/lib/thumb/v7e-m+fp/hard/libm.a(libm_a-sf_scalbn.o)
                0x0800d920                scalbnf
 .text.atanf    0x0800d9fc      0x1a4 /Applications/ArmGNUToolchain/14.3.rel1/arm-none-eabi/bin/../lib/gcc/arm-none-eabi/14.3.1/../../../../arm-none-eabi/lib/thumb/v7e-m+fp/hard/libm.a(libm_a-sf_atan.o)
                0x0800d9fc                atanf
 .text.fabs     0x0800dba0       0x10 /Applications/ArmGNUToolchain/14.3.rel1/arm-none-eabi/bin/../lib/gcc/arm-none-eabi/14.3.1/../../../../arm-none-eabi/lib/thumb/v7e-m+fp/hard/libm.a(libm_a-s_fabs.o)
                0x0800dba0                fabs
 .text.scalbn   0x0800dbb0      0x114 /Applications/ArmGNUToolchain/14.3.rel1/arm-none-eabi/bin/../lib/gcc/arm-none-eabi/14.3.1/../../../../arm-none-eabi/lib/thumb/v7e-m+fp/hard/libm.a(libm_a-s_scalbn.o)
                0x0800dbb0                scalbn
 *fill*         0x0800dcc4        0x4 
 .text.floor    0x0800dcc8      0x108 /Applications/ArmGNUToolchain/14.3.rel1/arm-none-eabi/bin/../lib/gcc/arm-none-eabi/14.3.1/../../../../arm-none-eabi/lib/thumb/v7e-m+fp/hard/libm.a(libm_a-s_floor.o)
                0x0800dcc8                floor
 .text._sbrk    0x0800ddd0       0x1c /Applications/ArmGNUToolchain/14.3.rel1/arm-none-eabi/bin/../lib/gcc/arm-none-eabi/14.3.1/../../../../arm-none-eabi/lib/thumb/v7e-m+fp/hard/libnosys.a(sbrk.o)
                0x0800ddd0                _sbrk
 .text.__udivmoddi4
                0x0800ddec      0x2f8 /Applications/ArmGNUToolchain/14.3.rel1/arm-none-eabi/bin/../lib/gcc/arm-none-eabi/14.3.1/thumb/v7e-m+fp/hard/libgcc.a(_udivmoddi4.o)
                0x0800ddec                __udivmoddi4
 *(.glue_7)
 .glue_7        0x0800e0e4        0x0 linker stubs
 *(.glue_7t)
 .glue_7t       0x0800e0e4        0x0 linker stubs
 *(.eh_frame)
 .eh_frame      0x0800e0e4        0x0 /Applications/ArmGNUToolchain/14.3.rel1/arm-none-eabi/bin/../lib/gcc/arm-none-eabi/14.3.1/thumb/v7e-m+fp/hard/crtbegin.o
 *(.init)
 .init          0x0800e0e4        0x4 /Applications/ArmGNUToolchain/14.3.rel1/arm-none-eabi/bin/../lib/gcc/arm-none-eabi/14.3.1/thumb/v7e-m+fp/hard/crti.o
                0x0800e0e4                _init
 .init          0x0800e0e8        0x8 /Applications/ArmGNUToolchain/14.3.rel1/arm-none-eabi/bin/../lib/gcc/arm-none-eabi/14.3.1/thumb/v7e-m+fp/hard/crtn.o
 *(.fini)
 .fini          0x0800e0f0        0x4 /Applications/ArmGNUToolchain/14.3.rel1/arm-none-eabi/bin/../lib/gcc/arm-none-eabi/14.3.1/thumb/v7e-m+fp/hard/crti.o
                0x0800e0f0                _fini
 .fini          0x0800e0f4        0x8 /Applications/ArmGNUToolchain/14.3.rel1/arm-none-eabi/bin/../lib/gcc/arm-none-eabi/14.3.1/thumb/v7e-m+fp/hard/crtn.o
                0x0800e0fc                        . = ALIGN (0x4)
                0x0800e0fc                        _etext = .

.vfp11_veneer   0x0800e0fc        0x0
 .vfp11_veneer  0x0800e0fc        0x0 linker stubs

.v4_bx          0x0800e0fc        0x0
 .v4_bx         0x0800e0fc        0x0 linker stubs

.iplt           0x0800e0fc        0x0
 .iplt          0x0800e0fc        0x0 /Applications/ArmGNUToolchain/14.3.rel1/arm-none-eabi/bin/../lib/gcc/arm-none-eabi/14.3.1/thumb/v7e-m+fp/hard/crtbegin.o

.rodata         0x0800e100      0x650
                0x0800e100                        . = ALIGN (0x4)
 *(.rodata)
 .rodata        0x0800e100       0x1c build/Swerve-Standard/freertos.o
 .rodata        0x0800e11c       0x70 build/Swerve-Standard/chassis_task.o
 .rodata        0x0800e18c       0xc4 build/Swerve-Standard/robot.o
 *(.rodata*)
 .rodata.str1.4
                0x0800e250       0x81 build/Swerve-Standard/freertos.o
                                  0xc (size before relaxing)
 *fill*         0x0800e2d1        0x3 
 .rodata.APBPrescTable
                0x0800e2d4        0x8 build/Swerve-Standard/system_stm32f4xx.o
                0x0800e2d4                APBPrescTable
 .rodata.AHBPrescTable
                0x0800e2dc       0x10 build/Swerve-Standard/system_stm32f4xx.o
                0x0800e2dc                AHBPrescTable
 .rodata.flagBitshiftOffset.0
                0x0800e2ec        0x8 build/Swerve-Standard/stm32f4xx_hal_dma.o
 .rodata.vTaskStartScheduler.str1.4
                0x0800e2f4        0x5 build/Swerve-Standard/tasks.o
 .rodata.prvCheckForValidListAndQueue.str1.4
                0x0800e2f4        0x5 build/Swerve-Standard/timers.o
 .rodata.xTimerCreateTimerTask.str1.4
                0x0800e2f4        0x8 build/Swerve-Standard/timers.o
 .rodata.wCRC_Table
                0x0800e2f4      0x200 build/Swerve-Standard/bsp_crc.o
                0x0800e2f4                wCRC_Table
 .rodata.write_BMI088_ACCEL_self_test_Reg_Data_Error.0
                0x0800e4f4       0x12 build/Swerve-Standard/bmi088driver.o
 *fill*         0x0800e506        0x2 
 .rodata.write_BMI088_gyro_reg_data_error
                0x0800e508       0x12 build/Swerve-Standard/bmi088driver.o
 *fill*         0x0800e51a        0x2 
 .rodata.write_BMI088_accel_reg_data_error
                0x0800e51c       0x12 build/Swerve-Standard/bmi088driver.o
 .rodata.str1.4
                0x0800e52e       0x5d build/Swerve-Standard/robot.o
 .rodata.asinf.str1.4
                0x0800e52e        0x1 /Applications/ArmGNUToolchain/14.3.rel1/arm-none-eabi/bin/../lib/gcc/arm-none-eabi/14.3.1/../../../../arm-none-eabi/lib/thumb/v7e-m+fp/hard/libm.a(libm_a-wf_asin.o)
 *fill*         0x0800e52e        0x2 
 .rodata.CSWTCH.9
                0x0800e530        0xc /Applications/ArmGNUToolchain/14.3.rel1/arm-none-eabi/bin/../lib/gcc/arm-none-eabi/14.3.1/../../../../arm-none-eabi/lib/thumb/v7e-m+fp/hard/libm.a(libm_a-ef_atan2.o)
 .rodata.CSWTCH.8
                0x0800e53c        0xc /Applications/ArmGNUToolchain/14.3.rel1/arm-none-eabi/bin/../lib/gcc/arm-none-eabi/14.3.1/../../../../arm-none-eabi/lib/thumb/v7e-m+fp/hard/libm.a(libm_a-ef_atan2.o)
 .rodata.Zero   0x0800e548       0x10 /Applications/ArmGNUToolchain/14.3.rel1/arm-none-eabi/bin/../lib/gcc/arm-none-eabi/14.3.1/../../../../arm-none-eabi/lib/thumb/v7e-m+fp/hard/libm.a(libm_a-e_fmod.o)
 .rodata.npio2_hw
                0x0800e558       0x80 /Applications/ArmGNUToolchain/14.3.rel1/arm-none-eabi/bin/../lib/gcc/arm-none-eabi/14.3.1/../../../../arm-none-eabi/lib/thumb/v7e-m+fp/hard/libm.a(libm_a-e_rem_pio2.o)
 .rodata.two_over_pi
                0x0800e5d8      0x108 /Applications/ArmGNUToolchain/14.3.rel1/arm-none-eabi/bin/../lib/gcc/arm-none-eabi/14.3.1/../../../../arm-none-eabi/lib/thumb/v7e-m+fp/hard/libm.a(libm_a-e_rem_pio2.o)
 .rodata.PIo2   0x0800e6e0       0x40 /Applications/ArmGNUToolchain/14.3.rel1/arm-none-eabi/bin/../lib/gcc/arm-none-eabi/14.3.1/../../../../arm-none-eabi/lib/thumb/v7e-m+fp/hard/libm.a(libm_a-k_rem_pio2.o)
 .rodata.init_jk
                0x0800e720       0x10 /Applications/ArmGNUToolchain/14.3.rel1/arm-none-eabi/bin/../lib/gcc/arm-none-eabi/14.3.1/../../../../arm-none-eabi/lib/thumb/v7e-m+fp/hard/libm.a(libm_a-k_rem_pio2.o)
 .rodata.atanlo
                0x0800e730       0x10 /Applications/ArmGNUToolchain/14.3.rel1/arm-none-eabi/bin/../lib/gcc/arm-none-eabi/14.3.1/../../../../arm-none-eabi/lib/thumb/v7e-m+fp/hard/libm.a(libm_a-sf_atan.o)
 .rodata.atanhi
                0x0800e740       0x10 /Applications/ArmGNUToolchain/14.3.rel1/arm-none-eabi/bin/../lib/gcc/arm-none-eabi/14.3.1/../../../../arm-none-eabi/lib/thumb/v7e-m+fp/hard/libm.a(libm_a-sf_atan.o)
                0x0800e750                        . = ALIGN (0x4)

.ARM.extab
 *(.ARM.extab* .gnu.linkonce.armextab.*)

.ARM            0x0800e750        0x8
                0x0800e750                        __exidx_start = .
 *(.ARM.exidx*)
 .ARM.exidx     0x0800e750        0x8 /Applications/ArmGNUToolchain/14.3.rel1/arm-none-eabi/bin/../lib/gcc/arm-none-eabi/14.3.1/../../../../arm-none-eabi/lib/thumb/v7e-m+fp/hard/libc.a(libc_a-memcpy.o)
 .ARM.exidx.text.__udivmoddi4
                0x0800e758        0x0 /Applications/ArmGNUToolchain/14.3.rel1/arm-none-eabi/bin/../lib/gcc/arm-none-eabi/14.3.1/thumb/v7e-m+fp/hard/libgcc.a(_udivmoddi4.o)
                                  0x8 (size before relaxing)
                0x0800e758                        __exidx_end = .

.rel.dyn        0x0800e758        0x0
 .rel.iplt      0x0800e758        0x0 /Applications/ArmGNUToolchain/14.3.rel1/arm-none-eabi/bin/../lib/gcc/arm-none-eabi/14.3.1/thumb/v7e-m+fp/hard/crtbegin.o

.preinit_array  0x0800e758        0x0
                0x0800e758                        PROVIDE (__preinit_array_start = .)
 *(.preinit_array*)
                0x0800e758                        PROVIDE (__preinit_array_end = .)

.init_array     0x0800e758        0x8
                0x0800e758                        PROVIDE (__init_array_start = .)
 *(SORT_BY_NAME(.init_array.*))
 .init_array.00000
                0x0800e758        0x4 /Applications/ArmGNUToolchain/14.3.rel1/arm-none-eabi/bin/../lib/gcc/arm-none-eabi/14.3.1/../../../../arm-none-eabi/lib/thumb/v7e-m+fp/hard/libc.a(libc_a-__call_atexit.o)
 *(.init_array*)
 .init_array    0x0800e75c        0x4 /Applications/ArmGNUToolchain/14.3.rel1/arm-none-eabi/bin/../lib/gcc/arm-none-eabi/14.3.1/thumb/v7e-m+fp/hard/crtbegin.o
                0x0800e760                        PROVIDE (__init_array_end = .)

.fini_array     0x0800e760        0x4
                0x0800e760                        PROVIDE (__fini_array_start = .)
 *(SORT_BY_NAME(.fini_array.*))
 *(.fini_array*)
 .fini_array    0x0800e760        0x4 /Applications/ArmGNUToolchain/14.3.rel1/arm-none-eabi/bin/../lib/gcc/arm-none-eabi/14.3.1/thumb/v7e-m+fp/hard/crtbegin.o
                0x0800e764                        PROVIDE (__fini_array_end = .)
                0x0800e764                        _sidata = LOADADDR (.data)

.data           0x20000000      0x644 load address 0x0800e764
                0x20000000                        . = ALIGN (0x4)
                0x20000000                        _sdata = .
 *(.data)
 *(.data*)
 .data.SystemCoreClock
                0x20000000        0x4 build/Swerve-Standard/system_stm32f4xx.o
                0x20000000                SystemCoreClock
 .data.uwTickFreq
                0x20000004        0x1 build/Swerve-Standard/stm32f4xx_hal.o
                0x20000004                uwTickFreq
 *fill*         0x20000005        0x3 
 .data.uwTickPrio
                0x20000008        0x4 build/Swerve-Standard/stm32f4xx_hal.o
                0x20000008                uwTickPrio
 .data.uxCriticalNesting
                0x2000000c        0x4 build/Swerve-Standard/port.o
 .data.twoKp    0x20000010        0x4 build/Swerve-Standard/MahonyAHRS.o
                0x20000010                twoKp
 .data.can2_filter_count.1
                0x20000014        0x1 build/Swerve-Standard/bsp_can.o
 *fill*         0x20000015        0x1 
 .data.CRC_INIT
                0x20000016        0x2 build/Swerve-Standard/bsp_crc.o
                0x20000016                CRC_INIT
 .data.BMI088_GYRO_SEN
                0x20000018        0x4 build/Swerve-Standard/bmi088driver.o
                0x20000018                BMI088_GYRO_SEN
 .data.BMI088_ACCEL_SEN
                0x2000001c        0x4 build/Swerve-Standard/bmi088driver.o
                0x2000001c                BMI088_ACCEL_SEN
 .data.g_spintop_omega
                0x20000020        0x4 build/Swerve-Standard/chassis_task.o
                0x20000020                g_spintop_omega
 .data.chassis_rad
                0x20000024        0x4 build/Swerve-Standard/chassis_task.o
                0x20000024                chassis_rad
 .data.__malloc_sbrk_base
                0x20000028        0x4 /Applications/ArmGNUToolchain/14.3.rel1/arm-none-eabi/bin/../lib/gcc/arm-none-eabi/14.3.1/../../../../arm-none-eabi/lib/thumb/v7e-m+fp/hard/libc.a(libc_a-mallocr.o)
                0x20000028                __malloc_sbrk_base
 .data.__malloc_trim_threshold
                0x2000002c        0x4 /Applications/ArmGNUToolchain/14.3.rel1/arm-none-eabi/bin/../lib/gcc/arm-none-eabi/14.3.1/../../../../arm-none-eabi/lib/thumb/v7e-m+fp/hard/libc.a(libc_a-mallocr.o)
                0x2000002c                __malloc_trim_threshold
 .data.__malloc_av_
                0x20000030      0x408 /Applications/ArmGNUToolchain/14.3.rel1/arm-none-eabi/bin/../lib/gcc/arm-none-eabi/14.3.1/../../../../arm-none-eabi/lib/thumb/v7e-m+fp/hard/libc.a(libc_a-mallocr.o)
                0x20000030                __malloc_av_
 .data._impure_ptr